Archive member included to satisfy reference by file (symbol)

C:/devkitPro/libtonc/lib\libtonc.a(tonc_memcpy.o)
                              menu_demo.o (memcpy16)
c:/devkitpro/devkitarm/bin/../lib/gcc/arm-none-eabi/10.1.0/thumb\libgcc.a(_udivsi3.o)
                              menu_demo.o (__aeabi_uidivmod)
c:/devkitpro/devkitarm/bin/../lib/gcc/arm-none-eabi/10.1.0/thumb\libgcc.a(_divsi3.o)
                              menu_demo.o (__aeabi_idivmod)
c:/devkitpro/devkitarm/bin/../lib/gcc/arm-none-eabi/10.1.0/thumb\libgcc.a(_dvmd_tls.o)
                              c:/devkitpro/devkitarm/bin/../lib/gcc/arm-none-eabi/10.1.0/thumb\libgcc.a(_udivsi3.o) (__aeabi_idiv0)
c:/devkitpro/devkitarm/bin/../lib/gcc/arm-none-eabi/10.1.0/../../../../arm-none-eabi/lib/thumb\libg.a(lib_a-init.o)
                              c:/devkitpro/devkitarm/bin/../lib/gcc/arm-none-eabi/10.1.0/../../../../arm-none-eabi/lib/thumb/gba_crt0.o (__libc_init_array)
c:/devkitpro/devkitarm/bin/../lib/gcc/arm-none-eabi/10.1.0/../../../../arm-none-eabi/lib/thumb\libsysbase.a(malloc_vars.o)
                              c:/devkitpro/devkitarm/bin/../lib/gcc/arm-none-eabi/10.1.0/../../../../arm-none-eabi/lib/thumb/gba_crt0.o (fake_heap_end)

Discarded input sections

 .text          0x0000000000000000        0x0 c:/devkitpro/devkitarm/bin/../lib/gcc/arm-none-eabi/10.1.0/../../../../arm-none-eabi/lib/thumb/gba_crt0.o
 .data          0x0000000000000000        0x0 c:/devkitpro/devkitarm/bin/../lib/gcc/arm-none-eabi/10.1.0/../../../../arm-none-eabi/lib/thumb/gba_crt0.o
 .bss           0x0000000000000000        0x0 c:/devkitpro/devkitarm/bin/../lib/gcc/arm-none-eabi/10.1.0/../../../../arm-none-eabi/lib/thumb/gba_crt0.o
 .text          0x0000000000000000        0x0 c:/devkitpro/devkitarm/bin/../lib/gcc/arm-none-eabi/10.1.0/thumb/crti.o
 .data          0x0000000000000000        0x0 c:/devkitpro/devkitarm/bin/../lib/gcc/arm-none-eabi/10.1.0/thumb/crti.o
 .bss           0x0000000000000000        0x0 c:/devkitpro/devkitarm/bin/../lib/gcc/arm-none-eabi/10.1.0/thumb/crti.o
 .text          0x0000000000000000        0x0 c:/devkitpro/devkitarm/bin/../lib/gcc/arm-none-eabi/10.1.0/thumb/crtbegin.o
 .data          0x0000000000000000        0x0 c:/devkitpro/devkitarm/bin/../lib/gcc/arm-none-eabi/10.1.0/thumb/crtbegin.o
 .bss           0x0000000000000000        0x0 c:/devkitpro/devkitarm/bin/../lib/gcc/arm-none-eabi/10.1.0/thumb/crtbegin.o
 .data.__dso_handle
                0x0000000000000000        0x4 c:/devkitpro/devkitarm/bin/../lib/gcc/arm-none-eabi/10.1.0/thumb/crtbegin.o
 .text          0x0000000000000000        0x0 DunesFar.o
 .data          0x0000000000000000        0x0 DunesFar.o
 .bss           0x0000000000000000        0x0 DunesFar.o
 .text          0x0000000000000000        0x0 DunesNear.o
 .data          0x0000000000000000        0x0 DunesNear.o
 .bss           0x0000000000000000        0x0 DunesNear.o
 .text          0x0000000000000000        0x0 Sky.o
 .data          0x0000000000000000        0x0 Sky.o
 .bss           0x0000000000000000        0x0 Sky.o
 .text          0x0000000000000000        0x0 TitleLogo.o
 .data          0x0000000000000000        0x0 TitleLogo.o
 .bss           0x0000000000000000        0x0 TitleLogo.o
 .text          0x0000000000000000        0x0 TitleText.o
 .data          0x0000000000000000        0x0 TitleText.o
 .bss           0x0000000000000000        0x0 TitleText.o
 .data          0x0000000000000000        0x4 menu_demo.o
 .data          0x0000000000000000        0x0 toolbox.o
 .data          0x0000000000000000        0x0 C:/devkitPro/libtonc/lib\libtonc.a(tonc_memcpy.o)
 .bss           0x0000000000000000        0x0 C:/devkitPro/libtonc/lib\libtonc.a(tonc_memcpy.o)
 .text          0x0000000000000000      0x11c c:/devkitpro/devkitarm/bin/../lib/gcc/arm-none-eabi/10.1.0/thumb\libgcc.a(_udivsi3.o)
 .data          0x0000000000000000        0x0 c:/devkitpro/devkitarm/bin/../lib/gcc/arm-none-eabi/10.1.0/thumb\libgcc.a(_udivsi3.o)
 .bss           0x0000000000000000        0x0 c:/devkitpro/devkitarm/bin/../lib/gcc/arm-none-eabi/10.1.0/thumb\libgcc.a(_udivsi3.o)
 .data          0x0000000000000000        0x0 c:/devkitpro/devkitarm/bin/../lib/gcc/arm-none-eabi/10.1.0/thumb\libgcc.a(_divsi3.o)
 .bss           0x0000000000000000        0x0 c:/devkitpro/devkitarm/bin/../lib/gcc/arm-none-eabi/10.1.0/thumb\libgcc.a(_divsi3.o)
 .data          0x0000000000000000        0x0 c:/devkitpro/devkitarm/bin/../lib/gcc/arm-none-eabi/10.1.0/thumb\libgcc.a(_dvmd_tls.o)
 .bss           0x0000000000000000        0x0 c:/devkitpro/devkitarm/bin/../lib/gcc/arm-none-eabi/10.1.0/thumb\libgcc.a(_dvmd_tls.o)
 .text          0x0000000000000000        0x0 c:/devkitpro/devkitarm/bin/../lib/gcc/arm-none-eabi/10.1.0/../../../../arm-none-eabi/lib/thumb\libg.a(lib_a-init.o)
 .data          0x0000000000000000        0x0 c:/devkitpro/devkitarm/bin/../lib/gcc/arm-none-eabi/10.1.0/../../../../arm-none-eabi/lib/thumb\libg.a(lib_a-init.o)
 .bss           0x0000000000000000        0x0 c:/devkitpro/devkitarm/bin/../lib/gcc/arm-none-eabi/10.1.0/../../../../arm-none-eabi/lib/thumb\libg.a(lib_a-init.o)
 .text          0x0000000000000000        0x0 c:/devkitpro/devkitarm/bin/../lib/gcc/arm-none-eabi/10.1.0/../../../../arm-none-eabi/lib/thumb\libsysbase.a(malloc_vars.o)
 .data          0x0000000000000000        0x0 c:/devkitpro/devkitarm/bin/../lib/gcc/arm-none-eabi/10.1.0/../../../../arm-none-eabi/lib/thumb\libsysbase.a(malloc_vars.o)
 .bss           0x0000000000000000        0x0 c:/devkitpro/devkitarm/bin/../lib/gcc/arm-none-eabi/10.1.0/../../../../arm-none-eabi/lib/thumb\libsysbase.a(malloc_vars.o)
 .bss.fake_heap_start
                0x0000000000000000        0x4 c:/devkitpro/devkitarm/bin/../lib/gcc/arm-none-eabi/10.1.0/../../../../arm-none-eabi/lib/thumb\libsysbase.a(malloc_vars.o)
 .text          0x0000000000000000        0x0 c:/devkitpro/devkitarm/bin/../lib/gcc/arm-none-eabi/10.1.0/thumb/crtend.o
 .data          0x0000000000000000        0x0 c:/devkitpro/devkitarm/bin/../lib/gcc/arm-none-eabi/10.1.0/thumb/crtend.o
 .bss           0x0000000000000000        0x0 c:/devkitpro/devkitarm/bin/../lib/gcc/arm-none-eabi/10.1.0/thumb/crtend.o
 .text          0x0000000000000000        0x0 c:/devkitpro/devkitarm/bin/../lib/gcc/arm-none-eabi/10.1.0/thumb/crtn.o
 .data          0x0000000000000000        0x0 c:/devkitpro/devkitarm/bin/../lib/gcc/arm-none-eabi/10.1.0/thumb/crtn.o
 .bss           0x0000000000000000        0x0 c:/devkitpro/devkitarm/bin/../lib/gcc/arm-none-eabi/10.1.0/thumb/crtn.o

Memory Configuration

Name             Origin             Length             Attributes
rom              0x0000000008000000 0x0000000002000000
iwram            0x0000000003000000 0x0000000000008000
ewram            0x0000000002000000 0x0000000000040000
*default*        0x0000000000000000 0xffffffffffffffff

Linker script and memory map

                0x0000000008000000                __text_start = ORIGIN (rom)
                0x0000000002040000                __eheap_end = (ORIGIN (ewram) + LENGTH (ewram))
                0x0000000003000000                __iwram_start = ORIGIN (iwram)
                0x0000000003008000                __iwram_top = (ORIGIN (iwram) + LENGTH (iwram))
                0x0000000003007fa0                __sp_irq = (__iwram_top - 0x60)
                0x0000000003007f00                __sp_usr = (__sp_irq - 0xa0)
                0x0000000003007ff8                __irq_flags = 0x3007ff8
                0x0000000008000000                . = __text_start

.crt0           0x0000000008000000      0x210
 *(.crt0)
 .crt0          0x0000000008000000      0x210 c:/devkitpro/devkitarm/bin/../lib/gcc/arm-none-eabi/10.1.0/../../../../arm-none-eabi/lib/thumb/gba_crt0.o
                0x0000000008000000                _start
                0x00000000080000c4                __boot_method
                0x00000000080000c5                __slave_number
                0x00000000080000e0                start_vector
                0x0000000008000210                . = ALIGN (0x4)

.init           0x0000000008000210        0xc
 *(SORT_NONE(.init))
 .init          0x0000000008000210        0x4 c:/devkitpro/devkitarm/bin/../lib/gcc/arm-none-eabi/10.1.0/thumb/crti.o
                0x0000000008000210                _init
 .init          0x0000000008000214        0x8 c:/devkitpro/devkitarm/bin/../lib/gcc/arm-none-eabi/10.1.0/thumb/crtn.o

.plt            0x000000000800021c        0x0
 *(.plt)
                0x000000000800021c                . = ALIGN (0x4)

.text           0x0000000008000220      0x6a8
 *(EXCLUDE_FILE(*.iwram*) .text*)
 .text.deregister_tm_clones
                0x0000000008000220       0x2c c:/devkitpro/devkitarm/bin/../lib/gcc/arm-none-eabi/10.1.0/thumb/crtbegin.o
 .text.register_tm_clones
                0x000000000800024c       0x34 c:/devkitpro/devkitarm/bin/../lib/gcc/arm-none-eabi/10.1.0/thumb/crtbegin.o
 .text.__do_global_dtors_aux
                0x0000000008000280       0x30 c:/devkitpro/devkitarm/bin/../lib/gcc/arm-none-eabi/10.1.0/thumb/crtbegin.o
 .text.frame_dummy
                0x00000000080002b0       0x28 c:/devkitpro/devkitarm/bin/../lib/gcc/arm-none-eabi/10.1.0/thumb/crtbegin.o
 .text          0x00000000080002d8      0x278 menu_demo.o
                0x00000000080002d8                renderSky
                0x0000000008000328                renderDunesFar
                0x0000000008000398                renderDunesNear
                0x0000000008000408                renderLogo
                0x0000000008000488                renderSrartPrompt
 .text.startup  0x0000000008000550       0xf8 menu_demo.o
                0x0000000008000550                main
 .text          0x0000000008000648       0x80 toolbox.o
                0x0000000008000648                oam_init
                0x0000000008000688                oam_copy
                0x00000000080006a8                obj_copy
 .text          0x00000000080006c8       0x44 C:/devkitPro/libtonc/lib\libtonc.a(tonc_memcpy.o)
                0x00000000080006c8                memcpy16
 .text          0x000000000800070c      0x150 c:/devkitpro/devkitarm/bin/../lib/gcc/arm-none-eabi/10.1.0/thumb\libgcc.a(_divsi3.o)
                0x000000000800070c                __divsi3
                0x000000000800070c                __aeabi_idiv
                0x000000000800083c                __aeabi_idivmod
 .text          0x000000000800085c        0x4 c:/devkitpro/devkitarm/bin/../lib/gcc/arm-none-eabi/10.1.0/thumb\libgcc.a(_dvmd_tls.o)
                0x000000000800085c                __aeabi_idiv0
                0x000000000800085c                __aeabi_ldiv0
 .text.__libc_init_array
                0x0000000008000860       0x50 c:/devkitpro/devkitarm/bin/../lib/gcc/arm-none-eabi/10.1.0/../../../../arm-none-eabi/lib/thumb\libg.a(lib_a-init.o)
                0x0000000008000860                __libc_init_array
 .text.__libc_init_array.__stub
                0x00000000080008b0       0x14 linker stubs
 *(.gnu.linkonce.t.*)
 *(.text.*personality*)
 *(.gnu.warning)
 *(.glue_7t)
 .glue_7t       0x00000000080008c8        0x0 linker stubs
 *(.glue_7)
 .glue_7        0x00000000080008c8        0x0 linker stubs
 *(.vfp11_veneer)
 .vfp11_veneer  0x00000000080008c8        0x0 linker stubs
                0x00000000080008c8                . = ALIGN (0x4)
                0x00000000080008c8                __text_end = .

.v4_bx          0x00000000080008c8        0x0
 .v4_bx         0x00000000080008c8        0x0 linker stubs

.iplt           0x00000000080008c8        0x0
 .iplt          0x00000000080008c8        0x0 c:/devkitpro/devkitarm/bin/../lib/gcc/arm-none-eabi/10.1.0/../../../../arm-none-eabi/lib/thumb/gba_crt0.o

.fini           0x00000000080008c8        0xc
 *(.fini)
 .fini          0x00000000080008c8        0x4 c:/devkitpro/devkitarm/bin/../lib/gcc/arm-none-eabi/10.1.0/thumb/crti.o
                0x00000000080008c8                _fini
 .fini          0x00000000080008cc        0x8 c:/devkitpro/devkitarm/bin/../lib/gcc/arm-none-eabi/10.1.0/thumb/crtn.o
                0x00000000080008d4                . = ALIGN (0x4)

.rodata         0x00000000080008d4     0x9008
 *(.rodata)
 .rodata        0x00000000080008d4     0x1300 DunesFar.o
                0x00000000080008d4                DunesFarPal
                0x00000000080008f4                DunesFarMap
                0x00000000080010f4                DunesFarTiles
 .rodata        0x0000000008001bd4     0x1700 DunesNear.o
                0x0000000008001bd4                DunesNearPal
                0x0000000008001bf4                DunesNearMap
                0x00000000080023f4                DunesNearTiles
 .rodata        0x00000000080032d4     0x4fe0 Sky.o
                0x00000000080032d4                SkyPal
                0x00000000080032f4                SkyMap
                0x0000000008003af4                SkyTiles
 .rodata        0x00000000080082b4     0x1480 TitleLogo.o
                0x00000000080082b4                TitleLogoPal
                0x00000000080082d4                TitleLogoMap
                0x0000000008008ad4                TitleLogoTiles
 .rodata        0x0000000008009734      0x180 TitleText.o
                0x0000000008009734                TitleTextPal
                0x0000000008009754                TitleTextTiles
 .rodata        0x00000000080098b4       0x28 menu_demo.o
                0x00000000080098b4                wave
 *all.rodata*(*)
 *(.roda)
 *(.rodata.*)
 *(.gnu.linkonce.r*)
                0x00000000080098dc                . = ALIGN (0x4)

.ARM.extab
 *(.ARM.extab* .gnu.linkonce.armextab.*)
                0x00000000080098dc                __exidx_start = .

.ARM.exidx
 *(.ARM.exidx* .gnu.linkonce.armexidx.*)
                0x00000000080098dc                __exidx_end = .

.ctors          0x00000000080098dc        0x0
 *crtbegin.o(.ctors)
 *(EXCLUDE_FILE(*crtend.o) .ctors)
 *(SORT_BY_NAME(.ctors.*))
 *(.ctors)
                0x00000000080098dc                . = ALIGN (0x4)

.dtors          0x00000000080098dc        0x0
 *crtbegin.o(.dtors)
 *(EXCLUDE_FILE(*crtend.o) .dtors)
 *(SORT_BY_NAME(.dtors.*))
 *(.dtors)
                0x00000000080098dc                . = ALIGN (0x4)

.eh_frame       0x00000000080098dc        0x4
 *(.eh_frame)
 .eh_frame      0x00000000080098dc        0x0 c:/devkitpro/devkitarm/bin/../lib/gcc/arm-none-eabi/10.1.0/thumb/crtbegin.o
 .eh_frame      0x00000000080098dc        0x4 c:/devkitpro/devkitarm/bin/../lib/gcc/arm-none-eabi/10.1.0/thumb/crtend.o
                0x00000000080098e0                . = ALIGN (0x4)

.gcc_except_table
                0x00000000080098e0        0x0
 *(.gcc_except_table)
                0x00000000080098e0                . = ALIGN (0x4)
                0x00000000080098e0                __iwram_lma = .

.iwram          0x0000000003000000       0x38 load address 0x00000000080098e0
                0x0000000003000000                __iwram_start__ = ABSOLUTE (.)
 *(.iwram .iwram*)
 .iwram         0x0000000003000000       0x38 C:/devkitPro/libtonc/lib\libtonc.a(tonc_memcpy.o)
                0x0000000003000000                memcpy32
 *iwram.*(.text* .data*)
                0x0000000003000038                . = ALIGN (0x4)
                0x0000000003000038                __iwram_end__ = ABSOLUTE (.)
                0x0000000008009918                __data_lma = (__iwram_lma + SIZEOF (.iwram))

.rel.dyn        0x0000000003000038        0x0 load address 0x0000000008009918
 .rel.iplt      0x0000000003000038        0x0 c:/devkitpro/devkitarm/bin/../lib/gcc/arm-none-eabi/10.1.0/../../../../arm-none-eabi/lib/thumb/gba_crt0.o

.bss            0x0000000003000038      0x424
                0x0000000003000038                __bss_start = ABSOLUTE (.)
                0x0000000003000038                __bss_start__ = ABSOLUTE (.)
 *(.dynbss)
 *(.gnu.linkonce.b*)
 *(.bss*)
 .bss.completed.1
                0x0000000003000038        0x1 c:/devkitpro/devkitarm/bin/../lib/gcc/arm-none-eabi/10.1.0/thumb/crtbegin.o
 *fill*         0x0000000003000039        0x3 
 .bss.object.0  0x000000000300003c       0x18 c:/devkitpro/devkitarm/bin/../lib/gcc/arm-none-eabi/10.1.0/thumb/crtbegin.o
 .bss           0x0000000003000054      0x400 menu_demo.o
                0x0000000003000054                obj_buffer
 .bss           0x0000000003000454        0x4 toolbox.o
                0x0000000003000454                __key_prev
                0x0000000003000456                __key_curr
 .bss.fake_heap_end
                0x0000000003000458        0x4 c:/devkitpro/devkitarm/bin/../lib/gcc/arm-none-eabi/10.1.0/../../../../arm-none-eabi/lib/thumb\libsysbase.a(malloc_vars.o)
                0x0000000003000458                fake_heap_end
 *(COMMON)
                0x000000000300045c                . = ALIGN (0x4)
                0x000000000300045c                __bss_end__ = ABSOLUTE (.)

.data           0x000000000300045c        0x0 load address 0x0000000008009918
                0x000000000300045c                __data_start__ = ABSOLUTE (.)
 *(.data*)
 *(.gnu.linkonce.d*)
                0x000000000300045c                . = ALIGN (0x4)
                0x0000000008009918                __preinit_lma = (__data_lma + SIZEOF (.data))

.igot.plt       0x0000000003000038        0x0 load address 0x0000000008009d3c
 .igot.plt      0x0000000003000038        0x0 c:/devkitpro/devkitarm/bin/../lib/gcc/arm-none-eabi/10.1.0/../../../../arm-none-eabi/lib/thumb/gba_crt0.o

.tm_clone_table
                0x0000000003000038        0x0 load address 0x000000000800a160
 .tm_clone_table
                0x0000000003000038        0x0 c:/devkitpro/devkitarm/bin/../lib/gcc/arm-none-eabi/10.1.0/thumb/crtbegin.o
 .tm_clone_table
                0x0000000003000038        0x0 c:/devkitpro/devkitarm/bin/../lib/gcc/arm-none-eabi/10.1.0/thumb/crtend.o

.preinit_array  0x000000000300045c        0x0 load address 0x0000000008009918
                0x000000000300045c                __preinit_array_start = ABSOLUTE (.)
 *(.preinit_array)
                0x000000000300045c                __preinit_array_end = ABSOLUTE (.)
                0x0000000008009918                __init_lma = (__preinit_lma + SIZEOF (.preinit_array))

.init_array     0x000000000300045c        0x4 load address 0x0000000008009918
                0x000000000300045c                __init_array_start = ABSOLUTE (.)
 *(SORT_BY_NAME(.init_array.*))
 *(.init_array)
 .init_array    0x000000000300045c        0x4 c:/devkitpro/devkitarm/bin/../lib/gcc/arm-none-eabi/10.1.0/thumb/crtbegin.o
                0x0000000003000460                __init_array_end = ABSOLUTE (.)
                0x000000000800991c                __fini_lma = (__init_lma + SIZEOF (.init_array))

.fini_array     0x0000000003000460        0x4 load address 0x000000000800991c
                0x0000000003000460                __fini_array_start = ABSOLUTE (.)
 *(SORT_BY_NAME(.fini_array.*))
 *(.fini_array)
 .fini_array    0x0000000003000460        0x4 c:/devkitpro/devkitarm/bin/../lib/gcc/arm-none-eabi/10.1.0/thumb/crtbegin.o
                0x0000000003000464                __fini_array_end = ABSOLUTE (.)
                0x0000000008009920                __jcr_lma = (__fini_lma + SIZEOF (.fini_array))

.jcr            0x0000000003000464        0x0 load address 0x0000000008009920
 *(.jcr)
                0x0000000003000464                __data_end__ = ABSOLUTE (.)
                0x0000000008009920                __iwram_overlay_lma = (__jcr_lma + SIZEOF (.jcr))
                0x0000000003000464                __iwram_overlay_start = .

.iwram0         0x0000000003000464        0x0 load address 0x0000000008009920
 *(.iwram0)
                0x0000000003000464                . = ALIGN (0x4)
                0x0000000008009920                PROVIDE (__load_start_iwram0 = LOADADDR (.iwram0))
                0x0000000008009920                PROVIDE (__load_stop_iwram0 = (LOADADDR (.iwram0) + SIZEOF (.iwram0)))

.iwram1         0x0000000003000464        0x0
 *(.iwram1)
                0x0000000003000464                . = ALIGN (0x4)
                [!provide]                        PROVIDE (__load_start_iwram1 = LOADADDR (.iwram1))
                [!provide]                        PROVIDE (__load_stop_iwram1 = (LOADADDR (.iwram1) + SIZEOF (.iwram1)))

.iwram2         0x0000000003000464        0x0
 *(.iwram2)
                0x0000000003000464                . = ALIGN (0x4)
                [!provide]                        PROVIDE (__load_start_iwram2 = LOADADDR (.iwram2))
                [!provide]                        PROVIDE (__load_stop_iwram2 = (LOADADDR (.iwram2) + SIZEOF (.iwram2)))

.iwram3         0x0000000003000464        0x0
 *(.iwram3)
                0x0000000003000464                . = ALIGN (0x4)
                [!provide]                        PROVIDE (__load_start_iwram3 = LOADADDR (.iwram3))
                [!provide]                        PROVIDE (__load_stop_iwram3 = (LOADADDR (.iwram3) + SIZEOF (.iwram3)))

.iwram4         0x0000000003000464        0x0
 *(.iwram4)
                0x0000000003000464                . = ALIGN (0x4)
                [!provide]                        PROVIDE (__load_start_iwram4 = LOADADDR (.iwram4))
                [!provide]                        PROVIDE (__load_stop_iwram4 = (LOADADDR (.iwram4) + SIZEOF (.iwram4)))

.iwram5         0x0000000003000464        0x0
 *(.iwram5)
                0x0000000003000464                . = ALIGN (0x4)
                [!provide]                        PROVIDE (__load_start_iwram5 = LOADADDR (.iwram5))
                [!provide]                        PROVIDE (__load_stop_iwram5 = (LOADADDR (.iwram5) + SIZEOF (.iwram5)))

.iwram6         0x0000000003000464        0x0
 *(.iwram6)
                0x0000000003000464                . = ALIGN (0x4)
                [!provide]                        PROVIDE (__load_start_iwram6 = LOADADDR (.iwram6))
                [!provide]                        PROVIDE (__load_stop_iwram6 = (LOADADDR (.iwram6) + SIZEOF (.iwram6)))

.iwram7         0x0000000003000464        0x0
 *(.iwram7)
                0x0000000003000464                . = ALIGN (0x4)
                [!provide]                        PROVIDE (__load_start_iwram7 = LOADADDR (.iwram7))
                [!provide]                        PROVIDE (__load_stop_iwram7 = (LOADADDR (.iwram7) + SIZEOF (.iwram7)))

.iwram8         0x0000000003000464        0x0
 *(.iwram8)
                0x0000000003000464                . = ALIGN (0x4)
                [!provide]                        PROVIDE (__load_start_iwram8 = LOADADDR (.iwram8))
                [!provide]                        PROVIDE (__load_stop_iwram8 = (LOADADDR (.iwram8) + SIZEOF (.iwram8)))

.iwram9         0x0000000003000464        0x0
 *(.iwram9)
                0x0000000003000464                . = ALIGN (0x4)
                [!provide]                        PROVIDE (__load_start_iwram9 = LOADADDR (.iwram9))
                [!provide]                        PROVIDE (__load_stop_iwram9 = (LOADADDR (.iwram9) + SIZEOF (.iwram9)))
                0x0000000003000464                __iwram_overlay_end = .
                0x0000000008009920                __ewram_lma = (__iwram_overlay_lma + (__iwram_overlay_end - __iwram_overlay_start))
                0x0000000003000464                __iheap_start = .
                0x0000000002000000                __ewram_start = ORIGIN (ewram)

.ewram          0x0000000002000000        0x0 load address 0x0000000008009920
 *(.ewram*)
                0x0000000002000000                . = ALIGN (0x4)
                0x0000000002000000                __ewram_end = ABSOLUTE (.)
                0x0000000008009920                __pad_lma = (__ewram_lma + SIZEOF (.ewram))

.sbss           0x0000000002000000        0x0
                0x0000000002000000                __sbss_start__ = ABSOLUTE (.)
 *(.sbss*)
                0x0000000002000000                . = ALIGN (0x4)
                0x0000000002000000                __sbss_end__ = ABSOLUTE (.)
                0x0000000002000000                __end__ = ABSOLUTE (.)
                0x0000000002000000                __eheap_start = ABSOLUTE (.)

.pad            0x0000000002000000        0x8 load address 0x0000000008009920
                0x0000000002000000        0x4 LONG 0x52416b64
                0x0000000002000004        0x4 LONG 0x4d
                0x0000000002000008                . = ALIGN (0x4)
                0x0000000008009928                __rom_end__ = (__pad_lma + SIZEOF (.pad))

.stab
 *(.stab)

.stabstr
 *(.stabstr)

.stab.excl
 *(.stab.excl)

.stab.exclstr
 *(.stab.exclstr)

.stab.index
 *(.stab.index)

.stab.indexstr
 *(.stab.indexstr)

.comment        0x0000000000000000       0x23
 *(.comment)
 .comment       0x0000000000000000       0x23 c:/devkitpro/devkitarm/bin/../lib/gcc/arm-none-eabi/10.1.0/thumb/crtbegin.o
                                         0x24 (size before relaxing)
 .comment       0x0000000000000023       0x24 DunesFar.o
 .comment       0x0000000000000023       0x24 DunesNear.o
 .comment       0x0000000000000023       0x24 Sky.o
 .comment       0x0000000000000023       0x24 TitleLogo.o
 .comment       0x0000000000000023       0x24 TitleText.o
 .comment       0x0000000000000023       0x24 menu_demo.o
 .comment       0x0000000000000023       0x24 toolbox.o
 .comment       0x0000000000000023       0x24 c:/devkitpro/devkitarm/bin/../lib/gcc/arm-none-eabi/10.1.0/../../../../arm-none-eabi/lib/thumb\libg.a(lib_a-init.o)
 .comment       0x0000000000000023       0x24 c:/devkitpro/devkitarm/bin/../lib/gcc/arm-none-eabi/10.1.0/../../../../arm-none-eabi/lib/thumb\libsysbase.a(malloc_vars.o)
 .comment       0x0000000000000023       0x24 c:/devkitpro/devkitarm/bin/../lib/gcc/arm-none-eabi/10.1.0/thumb/crtend.o

.debug
 *(.debug)

.line
 *(.line)

.debug_srcinfo
 *(.debug_srcinfo)

.debug_sfnames
 *(.debug_sfnames)

.debug_aranges  0x0000000000000000       0xc0
 *(.debug_aranges)
 .debug_aranges
                0x0000000000000000       0x18 DunesFar.o
 .debug_aranges
                0x0000000000000018       0x18 DunesNear.o
 .debug_aranges
                0x0000000000000030       0x18 Sky.o
 .debug_aranges
                0x0000000000000048       0x18 TitleLogo.o
 .debug_aranges
                0x0000000000000060       0x18 TitleText.o
 .debug_aranges
                0x0000000000000078       0x28 menu_demo.o
 .debug_aranges
                0x00000000000000a0       0x20 toolbox.o

.debug_pubnames
 *(.debug_pubnames)

.debug_info     0x0000000000000000     0x1455
 *(.debug_info)
 .debug_info    0x0000000000000000       0xac DunesFar.o
 .debug_info    0x00000000000000ac       0xad DunesNear.o
 .debug_info    0x0000000000000159       0xad Sky.o
 .debug_info    0x0000000000000206       0xac TitleLogo.o
 .debug_info    0x00000000000002b2       0x81 TitleText.o
 .debug_info    0x0000000000000333      0xe98 menu_demo.o
 .debug_info    0x00000000000011cb      0x28a toolbox.o

.debug_abbrev   0x0000000000000000      0x60b
 *(.debug_abbrev)
 .debug_abbrev  0x0000000000000000       0x69 DunesFar.o
 .debug_abbrev  0x0000000000000069       0x69 DunesNear.o
 .debug_abbrev  0x00000000000000d2       0x69 Sky.o
 .debug_abbrev  0x000000000000013b       0x69 TitleLogo.o
 .debug_abbrev  0x00000000000001a4       0x4a TitleText.o
 .debug_abbrev  0x00000000000001ee      0x2c3 menu_demo.o
 .debug_abbrev  0x00000000000004b1      0x15a toolbox.o

.debug_line     0x0000000000000000      0x9a7
 *(.debug_line)
 .debug_line    0x0000000000000000       0x58 DunesFar.o
 .debug_line    0x0000000000000058       0x59 DunesNear.o
 .debug_line    0x00000000000000b1       0x53 Sky.o
 .debug_line    0x0000000000000104       0x59 TitleLogo.o
 .debug_line    0x000000000000015d       0x59 TitleText.o
 .debug_line    0x00000000000001b6      0x687 menu_demo.o
 .debug_line    0x000000000000083d      0x16a toolbox.o

.debug_frame    0x0000000000000000      0x110
 *(.debug_frame)
 .debug_frame   0x0000000000000000       0xb4 menu_demo.o
 .debug_frame   0x00000000000000b4       0x5c toolbox.o

.debug_str      0x0000000000000000      0x486
 *(.debug_str)
 .debug_str     0x0000000000000000       0xfa DunesFar.o
                                        0x107 (size before relaxing)
 .debug_str     0x00000000000000fa       0x62 DunesNear.o
                                        0x10b (size before relaxing)
 .debug_str     0x000000000000015c       0x4a Sky.o
                                         0xf3 (size before relaxing)
 .debug_str     0x00000000000001a6       0x62 TitleLogo.o
                                        0x10b (size before relaxing)
 .debug_str     0x0000000000000208       0x55 TitleText.o
                                         0xfe (size before relaxing)
 .debug_str     0x000000000000025d      0x1e3 menu_demo.o
                                        0x363 (size before relaxing)
 .debug_str     0x0000000000000440       0x46 toolbox.o
                                        0x180 (size before relaxing)

.debug_loc      0x0000000000000000      0xae5
 *(.debug_loc)
 .debug_loc     0x0000000000000000      0x80b menu_demo.o
 .debug_loc     0x000000000000080b      0x2da toolbox.o

.debug_macinfo
 *(.debug_macinfo)

.debug_weaknames
 *(.debug_weaknames)

.debug_funcnames
 *(.debug_funcnames)

.debug_typenames
 *(.debug_typenames)

.debug_varnames
 *(.debug_varnames)

.stack          0x0000000000080000        0x0
                0x0000000000080000                _stack = .
 *(.stack)

.note.gnu.arm.ident
 *(.note.gnu.arm.ident)

.ARM.attributes
                0x0000000000000000       0x2c
 *(.ARM.attributes)
 .ARM.attributes
                0x0000000000000000       0x20 c:/devkitpro/devkitarm/bin/../lib/gcc/arm-none-eabi/10.1.0/../../../../arm-none-eabi/lib/thumb/gba_crt0.o
 .ARM.attributes
                0x0000000000000020       0x1c c:/devkitpro/devkitarm/bin/../lib/gcc/arm-none-eabi/10.1.0/thumb/crti.o
 .ARM.attributes
                0x000000000000003c       0x2a c:/devkitpro/devkitarm/bin/../lib/gcc/arm-none-eabi/10.1.0/thumb/crtbegin.o
 .ARM.attributes
                0x0000000000000066       0x30 DunesFar.o
 .ARM.attributes
                0x0000000000000096       0x30 DunesNear.o
 .ARM.attributes
                0x00000000000000c6       0x30 Sky.o
 .ARM.attributes
                0x00000000000000f6       0x30 TitleLogo.o
 .ARM.attributes
                0x0000000000000126       0x30 TitleText.o
 .ARM.attributes
                0x0000000000000156       0x2a menu_demo.o
 .ARM.attributes
                0x0000000000000180       0x2a toolbox.o
 .ARM.attributes
                0x00000000000001aa       0x1a C:/devkitPro/libtonc/lib\libtonc.a(tonc_memcpy.o)
 .ARM.attributes
                0x00000000000001c4       0x1c c:/devkitpro/devkitarm/bin/../lib/gcc/arm-none-eabi/10.1.0/thumb\libgcc.a(_udivsi3.o)
 .ARM.attributes
                0x00000000000001e0       0x1c c:/devkitpro/devkitarm/bin/../lib/gcc/arm-none-eabi/10.1.0/thumb\libgcc.a(_divsi3.o)
 .ARM.attributes
                0x00000000000001fc       0x1c c:/devkitpro/devkitarm/bin/../lib/gcc/arm-none-eabi/10.1.0/thumb\libgcc.a(_dvmd_tls.o)
 .ARM.attributes
                0x0000000000000218       0x2a c:/devkitpro/devkitarm/bin/../lib/gcc/arm-none-eabi/10.1.0/../../../../arm-none-eabi/lib/thumb\libg.a(lib_a-init.o)
 .ARM.attributes
                0x0000000000000242       0x30 c:/devkitpro/devkitarm/bin/../lib/gcc/arm-none-eabi/10.1.0/../../../../arm-none-eabi/lib/thumb\libsysbase.a(malloc_vars.o)
 .ARM.attributes
                0x0000000000000272       0x30 c:/devkitpro/devkitarm/bin/../lib/gcc/arm-none-eabi/10.1.0/thumb/crtend.o
 .ARM.attributes
                0x00000000000002a2       0x1c c:/devkitpro/devkitarm/bin/../lib/gcc/arm-none-eabi/10.1.0/thumb/crtn.o

/DISCARD/
 *(.note.GNU-stack)
LOAD c:/devkitpro/devkitarm/bin/../lib/gcc/arm-none-eabi/10.1.0/../../../../arm-none-eabi/lib/thumb/gba_crt0.o
LOAD c:/devkitpro/devkitarm/bin/../lib/gcc/arm-none-eabi/10.1.0/thumb/crti.o
LOAD c:/devkitpro/devkitarm/bin/../lib/gcc/arm-none-eabi/10.1.0/thumb/crtbegin.o
LOAD DunesFar.o
LOAD DunesNear.o
LOAD Sky.o
LOAD TitleLogo.o
LOAD TitleText.o
LOAD menu_demo.o
LOAD toolbox.o
LOAD C:/devkitPro/libgba/lib\libmm.a
LOAD C:/devkitPro/libgba/lib\libgba.a
LOAD C:/devkitPro/libtonc/lib\libtonc.a
START GROUP
LOAD c:/devkitpro/devkitarm/bin/../lib/gcc/arm-none-eabi/10.1.0/thumb\libgcc.a
LOAD c:/devkitpro/devkitarm/bin/../lib/gcc/arm-none-eabi/10.1.0/../../../../arm-none-eabi/lib/thumb\libg.a
LOAD c:/devkitpro/devkitarm/bin/../lib/gcc/arm-none-eabi/10.1.0/../../../../arm-none-eabi/lib/thumb\libc.a
LOAD c:/devkitpro/devkitarm/bin/../lib/gcc/arm-none-eabi/10.1.0/../../../../arm-none-eabi/lib/thumb\libsysbase.a
END GROUP
LOAD c:/devkitpro/devkitarm/bin/../lib/gcc/arm-none-eabi/10.1.0/thumb/crtend.o
LOAD c:/devkitpro/devkitarm/bin/../lib/gcc/arm-none-eabi/10.1.0/thumb/crtn.o
OUTPUT(C:/GBA-Dev/TONC/code/basic/_menu_demo/_menu_demo.elf elf32-littlearm)

.debug_ranges   0x0000000000000000      0x158
 .debug_ranges  0x0000000000000000      0x158 menu_demo.o
