Archive member included to satisfy reference by file (symbol)

C:\devkitpro/libgba/lib\libmm.a(mm_mas.o)
                              Text_demo.o (mmStart)
C:\devkitpro/libgba/lib\libmm.a(mm_main.o)
                              C:\devkitpro/libgba/lib\libmm.a(mm_mas.o) (mmCallback)
C:\devkitpro/libgba/lib\libmm.a(mm_effect.o)
                              C:\devkitpro/libgba/lib\libmm.a(mm_main.o) (mmResetEffects)
C:\devkitpro/libgba/lib\libmm.a(mm_mas_arm.o)
                              C:\devkitpro/libgba/lib\libmm.a(mm_mas.o) (mmAllocChannel)
C:\devkitpro/libgba/lib\libmm.a(mm_mixer_gba.o)
                              Text_demo.o (mmVBlank)
C:\devkitpro/libgba/lib\libmm.a(mm_init_default.o)
                              Text_demo.o (mmInitDefault)
C:\devkitpro/libgba/lib\libgba.a(interrupt.o)
                              Text_demo.o (irqInit)
C:\devkitpro/libgba/lib\libgba.a(InterruptDispatcher.o)
                              C:\devkitpro/libgba/lib\libgba.a(interrupt.o) (IntrMain)
C:\devkitpro/libtonc/lib\libtonc.a(tonc_input.o)
                              Text_demo.o (key_poll)
C:\devkitpro/libtonc/lib\libtonc.a(tonc_bios.o)
                              Text_demo.o (VBlankIntrWait)
C:\devkitpro/libtonc/lib\libtonc.a(tonc_memcpy.o)
                              Text_demo.o (memcpy16)
c:/devkitpro/devkitarm/bin/../lib/gcc/arm-none-eabi/10.2.0/thumb\libgcc.a(_call_via_rX.o)
                              C:\devkitpro/libgba/lib\libmm.a(mm_main.o) (_call_via_r1)
c:/devkitpro/devkitarm/bin/../lib/gcc/arm-none-eabi/10.2.0/../../../../arm-none-eabi/lib/thumb\libg.a(lib_a-init.o)
                              c:/devkitpro/devkitarm/bin/../lib/gcc/arm-none-eabi/10.2.0/../../../../arm-none-eabi/lib/thumb/gba_crt0.o (__libc_init_array)
c:/devkitpro/devkitarm/bin/../lib/gcc/arm-none-eabi/10.2.0/../../../../arm-none-eabi/lib/thumb\libg.a(lib_a-malloc.o)
                              Text_demo.o (malloc)
c:/devkitpro/devkitarm/bin/../lib/gcc/arm-none-eabi/10.2.0/../../../../arm-none-eabi/lib/thumb\libg.a(lib_a-mallocr.o)
                              c:/devkitpro/devkitarm/bin/../lib/gcc/arm-none-eabi/10.2.0/../../../../arm-none-eabi/lib/thumb\libg.a(lib_a-malloc.o) (_malloc_r)
c:/devkitpro/devkitarm/bin/../lib/gcc/arm-none-eabi/10.2.0/../../../../arm-none-eabi/lib/thumb\libg.a(lib_a-memcpy-stub.o)
                              Text_demo.o (memcpy)
c:/devkitpro/devkitarm/bin/../lib/gcc/arm-none-eabi/10.2.0/../../../../arm-none-eabi/lib/thumb\libg.a(lib_a-mlock.o)
                              c:/devkitpro/devkitarm/bin/../lib/gcc/arm-none-eabi/10.2.0/../../../../arm-none-eabi/lib/thumb\libg.a(lib_a-mallocr.o) (__malloc_lock)
c:/devkitpro/devkitarm/bin/../lib/gcc/arm-none-eabi/10.2.0/../../../../arm-none-eabi/lib/thumb\libg.a(lib_a-strcpy.o)
                              Text_demo.o (strcpy)
c:/devkitpro/devkitarm/bin/../lib/gcc/arm-none-eabi/10.2.0/../../../../arm-none-eabi/lib/thumb\libg.a(lib_a-strlen-stub.o)
                              Text_demo.o (strlen)
c:/devkitpro/devkitarm/bin/../lib/gcc/arm-none-eabi/10.2.0/../../../../arm-none-eabi/lib/thumb\libg.a(lib_a-strncmp.o)
                              Text_demo.o (strncmp)
c:/devkitpro/devkitarm/bin/../lib/gcc/arm-none-eabi/10.2.0/../../../../arm-none-eabi/lib/thumb\libg.a(lib_a-freer.o)
                              c:/devkitpro/devkitarm/bin/../lib/gcc/arm-none-eabi/10.2.0/../../../../arm-none-eabi/lib/thumb\libg.a(lib_a-malloc.o) (_free_r)
c:/devkitpro/devkitarm/bin/../lib/gcc/arm-none-eabi/10.2.0/../../../../arm-none-eabi/lib/thumb\libsysbase.a(sbrk.o)
                              c:/devkitpro/devkitarm/bin/../lib/gcc/arm-none-eabi/10.2.0/../../../../arm-none-eabi/lib/thumb\libg.a(lib_a-mallocr.o) (_sbrk_r)
c:/devkitpro/devkitarm/bin/../lib/gcc/arm-none-eabi/10.2.0/../../../../arm-none-eabi/lib/thumb\libsysbase.a(malloc_vars.o)
                              c:/devkitpro/devkitarm/bin/../lib/gcc/arm-none-eabi/10.2.0/../../../../arm-none-eabi/lib/thumb\libsysbase.a(sbrk.o) (fake_heap_start)
c:/devkitpro/devkitarm/bin/../lib/gcc/arm-none-eabi/10.2.0/../../../../arm-none-eabi/lib/thumb\libsysbase.a(syscall_support.o)
                              c:/devkitpro/devkitarm/bin/../lib/gcc/arm-none-eabi/10.2.0/../../../../arm-none-eabi/lib/thumb\libg.a(lib_a-mlock.o) (__libc_lock_acquire_recursive)
c:/devkitpro/devkitarm/bin/../lib/gcc/arm-none-eabi/10.2.0/../../../../arm-none-eabi/lib/thumb\libsysbase.a(getreent.o)
                              c:/devkitpro/devkitarm/bin/../lib/gcc/arm-none-eabi/10.2.0/../../../../arm-none-eabi/lib/thumb\libg.a(lib_a-malloc.o) (__getreent)
c:/devkitpro/devkitarm/bin/../lib/gcc/arm-none-eabi/10.2.0/../../../../arm-none-eabi/lib/thumb\libg.a(lib_a-impure.o)
                              c:/devkitpro/devkitarm/bin/../lib/gcc/arm-none-eabi/10.2.0/../../../../arm-none-eabi/lib/thumb\libsysbase.a(getreent.o) (_impure_ptr)

Allocating common symbols
Common symbol       size              file

IntrTable           0x78              C:\devkitpro/libgba/lib\libgba.a(interrupt.o)

Discarded input sections

 .text          0x0000000000000000        0x0 c:/devkitpro/devkitarm/bin/../lib/gcc/arm-none-eabi/10.2.0/../../../../arm-none-eabi/lib/thumb/gba_crt0.o
 .data          0x0000000000000000        0x0 c:/devkitpro/devkitarm/bin/../lib/gcc/arm-none-eabi/10.2.0/../../../../arm-none-eabi/lib/thumb/gba_crt0.o
 .bss           0x0000000000000000        0x0 c:/devkitpro/devkitarm/bin/../lib/gcc/arm-none-eabi/10.2.0/../../../../arm-none-eabi/lib/thumb/gba_crt0.o
 .text          0x0000000000000000        0x0 c:/devkitpro/devkitarm/bin/../lib/gcc/arm-none-eabi/10.2.0/thumb/crti.o
 .data          0x0000000000000000        0x0 c:/devkitpro/devkitarm/bin/../lib/gcc/arm-none-eabi/10.2.0/thumb/crti.o
 .bss           0x0000000000000000        0x0 c:/devkitpro/devkitarm/bin/../lib/gcc/arm-none-eabi/10.2.0/thumb/crti.o
 .text          0x0000000000000000        0x0 c:/devkitpro/devkitarm/bin/../lib/gcc/arm-none-eabi/10.2.0/thumb/crtbegin.o
 .data          0x0000000000000000        0x0 c:/devkitpro/devkitarm/bin/../lib/gcc/arm-none-eabi/10.2.0/thumb/crtbegin.o
 .bss           0x0000000000000000        0x0 c:/devkitpro/devkitarm/bin/../lib/gcc/arm-none-eabi/10.2.0/thumb/crtbegin.o
 .data.__dso_handle
                0x0000000000000000        0x4 c:/devkitpro/devkitarm/bin/../lib/gcc/arm-none-eabi/10.2.0/thumb/crtbegin.o
 .text          0x0000000000000000        0x0 soundbank.bin.o
 .data          0x0000000000000000        0x0 soundbank.bin.o
 .bss           0x0000000000000000        0x0 soundbank.bin.o
 .text          0x0000000000000000        0x0 portrait_bg_test.o
 .data          0x0000000000000000        0x0 portrait_bg_test.o
 .bss           0x0000000000000000        0x0 portrait_bg_test.o
 .text          0x0000000000000000        0x0 textBox.o
 .data          0x0000000000000000        0x0 textBox.o
 .bss           0x0000000000000000        0x0 textBox.o
 .data          0x0000000000000000        0x0 C:\devkitpro/libgba/lib\libmm.a(mm_mas.o)
 .data          0x0000000000000000        0x0 C:\devkitpro/libgba/lib\libmm.a(mm_main.o)
 .data          0x0000000000000000        0x0 C:\devkitpro/libgba/lib\libmm.a(mm_effect.o)
 .text          0x0000000000000000        0x0 C:\devkitpro/libgba/lib\libmm.a(mm_mas_arm.o)
 .data          0x0000000000000000        0x0 C:\devkitpro/libgba/lib\libmm.a(mm_mas_arm.o)
 .bss           0x0000000000000000        0x0 C:\devkitpro/libgba/lib\libmm.a(mm_mas_arm.o)
 .data          0x0000000000000000        0x0 C:\devkitpro/libgba/lib\libmm.a(mm_mixer_gba.o)
 .data          0x0000000000000000        0x0 C:\devkitpro/libgba/lib\libmm.a(mm_init_default.o)
 .data          0x0000000000000000        0x0 C:\devkitpro/libgba/lib\libgba.a(interrupt.o)
 .bss           0x0000000000000000        0x0 C:\devkitpro/libgba/lib\libgba.a(interrupt.o)
 .text          0x0000000000000000        0x0 C:\devkitpro/libgba/lib\libgba.a(InterruptDispatcher.o)
 .data          0x0000000000000000        0x0 C:\devkitpro/libgba/lib\libgba.a(InterruptDispatcher.o)
 .bss           0x0000000000000000        0x0 C:\devkitpro/libgba/lib\libgba.a(InterruptDispatcher.o)
 .data          0x0000000000000000        0x0 C:\devkitpro/libtonc/lib\libtonc.a(tonc_bios.o)
 .bss           0x0000000000000000        0x0 C:\devkitpro/libtonc/lib\libtonc.a(tonc_bios.o)
 .data          0x0000000000000000        0x0 C:\devkitpro/libtonc/lib\libtonc.a(tonc_memcpy.o)
 .bss           0x0000000000000000        0x0 C:\devkitpro/libtonc/lib\libtonc.a(tonc_memcpy.o)
 .data          0x0000000000000000        0x0 c:/devkitpro/devkitarm/bin/../lib/gcc/arm-none-eabi/10.2.0/thumb\libgcc.a(_call_via_rX.o)
 .bss           0x0000000000000000        0x0 c:/devkitpro/devkitarm/bin/../lib/gcc/arm-none-eabi/10.2.0/thumb\libgcc.a(_call_via_rX.o)
 .text          0x0000000000000000        0x0 c:/devkitpro/devkitarm/bin/../lib/gcc/arm-none-eabi/10.2.0/../../../../arm-none-eabi/lib/thumb\libg.a(lib_a-init.o)
 .data          0x0000000000000000        0x0 c:/devkitpro/devkitarm/bin/../lib/gcc/arm-none-eabi/10.2.0/../../../../arm-none-eabi/lib/thumb\libg.a(lib_a-init.o)
 .bss           0x0000000000000000        0x0 c:/devkitpro/devkitarm/bin/../lib/gcc/arm-none-eabi/10.2.0/../../../../arm-none-eabi/lib/thumb\libg.a(lib_a-init.o)
 .text          0x0000000000000000        0x0 c:/devkitpro/devkitarm/bin/../lib/gcc/arm-none-eabi/10.2.0/../../../../arm-none-eabi/lib/thumb\libg.a(lib_a-malloc.o)
 .data          0x0000000000000000        0x0 c:/devkitpro/devkitarm/bin/../lib/gcc/arm-none-eabi/10.2.0/../../../../arm-none-eabi/lib/thumb\libg.a(lib_a-malloc.o)
 .bss           0x0000000000000000        0x0 c:/devkitpro/devkitarm/bin/../lib/gcc/arm-none-eabi/10.2.0/../../../../arm-none-eabi/lib/thumb\libg.a(lib_a-malloc.o)
 .text.free     0x0000000000000000       0x14 c:/devkitpro/devkitarm/bin/../lib/gcc/arm-none-eabi/10.2.0/../../../../arm-none-eabi/lib/thumb\libg.a(lib_a-malloc.o)
 .text          0x0000000000000000        0x0 c:/devkitpro/devkitarm/bin/../lib/gcc/arm-none-eabi/10.2.0/../../../../arm-none-eabi/lib/thumb\libg.a(lib_a-mallocr.o)
 .data          0x0000000000000000        0x0 c:/devkitpro/devkitarm/bin/../lib/gcc/arm-none-eabi/10.2.0/../../../../arm-none-eabi/lib/thumb\libg.a(lib_a-mallocr.o)
 .bss           0x0000000000000000        0x0 c:/devkitpro/devkitarm/bin/../lib/gcc/arm-none-eabi/10.2.0/../../../../arm-none-eabi/lib/thumb\libg.a(lib_a-mallocr.o)
 .text          0x0000000000000000        0x0 c:/devkitpro/devkitarm/bin/../lib/gcc/arm-none-eabi/10.2.0/../../../../arm-none-eabi/lib/thumb\libg.a(lib_a-memcpy-stub.o)
 .data          0x0000000000000000        0x0 c:/devkitpro/devkitarm/bin/../lib/gcc/arm-none-eabi/10.2.0/../../../../arm-none-eabi/lib/thumb\libg.a(lib_a-memcpy-stub.o)
 .bss           0x0000000000000000        0x0 c:/devkitpro/devkitarm/bin/../lib/gcc/arm-none-eabi/10.2.0/../../../../arm-none-eabi/lib/thumb\libg.a(lib_a-memcpy-stub.o)
 .text          0x0000000000000000        0x0 c:/devkitpro/devkitarm/bin/../lib/gcc/arm-none-eabi/10.2.0/../../../../arm-none-eabi/lib/thumb\libg.a(lib_a-mlock.o)
 .data          0x0000000000000000        0x0 c:/devkitpro/devkitarm/bin/../lib/gcc/arm-none-eabi/10.2.0/../../../../arm-none-eabi/lib/thumb\libg.a(lib_a-mlock.o)
 .bss           0x0000000000000000        0x0 c:/devkitpro/devkitarm/bin/../lib/gcc/arm-none-eabi/10.2.0/../../../../arm-none-eabi/lib/thumb\libg.a(lib_a-mlock.o)
 .text          0x0000000000000000        0x0 c:/devkitpro/devkitarm/bin/../lib/gcc/arm-none-eabi/10.2.0/../../../../arm-none-eabi/lib/thumb\libg.a(lib_a-strcpy.o)
 .data          0x0000000000000000        0x0 c:/devkitpro/devkitarm/bin/../lib/gcc/arm-none-eabi/10.2.0/../../../../arm-none-eabi/lib/thumb\libg.a(lib_a-strcpy.o)
 .bss           0x0000000000000000        0x0 c:/devkitpro/devkitarm/bin/../lib/gcc/arm-none-eabi/10.2.0/../../../../arm-none-eabi/lib/thumb\libg.a(lib_a-strcpy.o)
 .text          0x0000000000000000        0x0 c:/devkitpro/devkitarm/bin/../lib/gcc/arm-none-eabi/10.2.0/../../../../arm-none-eabi/lib/thumb\libg.a(lib_a-strlen-stub.o)
 .data          0x0000000000000000        0x0 c:/devkitpro/devkitarm/bin/../lib/gcc/arm-none-eabi/10.2.0/../../../../arm-none-eabi/lib/thumb\libg.a(lib_a-strlen-stub.o)
 .bss           0x0000000000000000        0x0 c:/devkitpro/devkitarm/bin/../lib/gcc/arm-none-eabi/10.2.0/../../../../arm-none-eabi/lib/thumb\libg.a(lib_a-strlen-stub.o)
 .text          0x0000000000000000        0x0 c:/devkitpro/devkitarm/bin/../lib/gcc/arm-none-eabi/10.2.0/../../../../arm-none-eabi/lib/thumb\libg.a(lib_a-strncmp.o)
 .data          0x0000000000000000        0x0 c:/devkitpro/devkitarm/bin/../lib/gcc/arm-none-eabi/10.2.0/../../../../arm-none-eabi/lib/thumb\libg.a(lib_a-strncmp.o)
 .bss           0x0000000000000000        0x0 c:/devkitpro/devkitarm/bin/../lib/gcc/arm-none-eabi/10.2.0/../../../../arm-none-eabi/lib/thumb\libg.a(lib_a-strncmp.o)
 .text          0x0000000000000000        0x0 c:/devkitpro/devkitarm/bin/../lib/gcc/arm-none-eabi/10.2.0/../../../../arm-none-eabi/lib/thumb\libg.a(lib_a-freer.o)
 .data          0x0000000000000000        0x0 c:/devkitpro/devkitarm/bin/../lib/gcc/arm-none-eabi/10.2.0/../../../../arm-none-eabi/lib/thumb\libg.a(lib_a-freer.o)
 .bss           0x0000000000000000        0x0 c:/devkitpro/devkitarm/bin/../lib/gcc/arm-none-eabi/10.2.0/../../../../arm-none-eabi/lib/thumb\libg.a(lib_a-freer.o)
 .text          0x0000000000000000        0x0 c:/devkitpro/devkitarm/bin/../lib/gcc/arm-none-eabi/10.2.0/../../../../arm-none-eabi/lib/thumb\libsysbase.a(sbrk.o)
 .data          0x0000000000000000        0x0 c:/devkitpro/devkitarm/bin/../lib/gcc/arm-none-eabi/10.2.0/../../../../arm-none-eabi/lib/thumb\libsysbase.a(sbrk.o)
 .bss           0x0000000000000000        0x0 c:/devkitpro/devkitarm/bin/../lib/gcc/arm-none-eabi/10.2.0/../../../../arm-none-eabi/lib/thumb\libsysbase.a(sbrk.o)
 .text          0x0000000000000000        0x0 c:/devkitpro/devkitarm/bin/../lib/gcc/arm-none-eabi/10.2.0/../../../../arm-none-eabi/lib/thumb\libsysbase.a(malloc_vars.o)
 .data          0x0000000000000000        0x0 c:/devkitpro/devkitarm/bin/../lib/gcc/arm-none-eabi/10.2.0/../../../../arm-none-eabi/lib/thumb\libsysbase.a(malloc_vars.o)
 .bss           0x0000000000000000        0x0 c:/devkitpro/devkitarm/bin/../lib/gcc/arm-none-eabi/10.2.0/../../../../arm-none-eabi/lib/thumb\libsysbase.a(malloc_vars.o)
 .text          0x0000000000000000        0x0 c:/devkitpro/devkitarm/bin/../lib/gcc/arm-none-eabi/10.2.0/../../../../arm-none-eabi/lib/thumb\libsysbase.a(syscall_support.o)
 .data          0x0000000000000000        0x0 c:/devkitpro/devkitarm/bin/../lib/gcc/arm-none-eabi/10.2.0/../../../../arm-none-eabi/lib/thumb\libsysbase.a(syscall_support.o)
 .bss           0x0000000000000000        0x0 c:/devkitpro/devkitarm/bin/../lib/gcc/arm-none-eabi/10.2.0/../../../../arm-none-eabi/lib/thumb\libsysbase.a(syscall_support.o)
 .text.__libc_lock_init
                0x0000000000000000       0x1c c:/devkitpro/devkitarm/bin/../lib/gcc/arm-none-eabi/10.2.0/../../../../arm-none-eabi/lib/thumb\libsysbase.a(syscall_support.o)
 .text.__libc_lock_acquire
                0x0000000000000000       0x1c c:/devkitpro/devkitarm/bin/../lib/gcc/arm-none-eabi/10.2.0/../../../../arm-none-eabi/lib/thumb\libsysbase.a(syscall_support.o)
 .text.__libc_lock_try_acquire
                0x0000000000000000       0x24 c:/devkitpro/devkitarm/bin/../lib/gcc/arm-none-eabi/10.2.0/../../../../arm-none-eabi/lib/thumb\libsysbase.a(syscall_support.o)
 .text.__libc_lock_release
                0x0000000000000000       0x1c c:/devkitpro/devkitarm/bin/../lib/gcc/arm-none-eabi/10.2.0/../../../../arm-none-eabi/lib/thumb\libsysbase.a(syscall_support.o)
 .text.__libc_lock_close
                0x0000000000000000       0x1c c:/devkitpro/devkitarm/bin/../lib/gcc/arm-none-eabi/10.2.0/../../../../arm-none-eabi/lib/thumb\libsysbase.a(syscall_support.o)
 .text.__libc_lock_init_recursive
                0x0000000000000000       0x1c c:/devkitpro/devkitarm/bin/../lib/gcc/arm-none-eabi/10.2.0/../../../../arm-none-eabi/lib/thumb\libsysbase.a(syscall_support.o)
 .text.__libc_lock_try_acquire_recursive
                0x0000000000000000       0x24 c:/devkitpro/devkitarm/bin/../lib/gcc/arm-none-eabi/10.2.0/../../../../arm-none-eabi/lib/thumb\libsysbase.a(syscall_support.o)
 .text.__libc_lock_close_recursive
                0x0000000000000000       0x1c c:/devkitpro/devkitarm/bin/../lib/gcc/arm-none-eabi/10.2.0/../../../../arm-none-eabi/lib/thumb\libsysbase.a(syscall_support.o)
 .text          0x0000000000000000        0x0 c:/devkitpro/devkitarm/bin/../lib/gcc/arm-none-eabi/10.2.0/../../../../arm-none-eabi/lib/thumb\libsysbase.a(getreent.o)
 .data          0x0000000000000000        0x0 c:/devkitpro/devkitarm/bin/../lib/gcc/arm-none-eabi/10.2.0/../../../../arm-none-eabi/lib/thumb\libsysbase.a(getreent.o)
 .bss           0x0000000000000000        0x0 c:/devkitpro/devkitarm/bin/../lib/gcc/arm-none-eabi/10.2.0/../../../../arm-none-eabi/lib/thumb\libsysbase.a(getreent.o)
 .text          0x0000000000000000        0x0 c:/devkitpro/devkitarm/bin/../lib/gcc/arm-none-eabi/10.2.0/../../../../arm-none-eabi/lib/thumb\libg.a(lib_a-impure.o)
 .data          0x0000000000000000        0x0 c:/devkitpro/devkitarm/bin/../lib/gcc/arm-none-eabi/10.2.0/../../../../arm-none-eabi/lib/thumb\libg.a(lib_a-impure.o)
 .bss           0x0000000000000000        0x0 c:/devkitpro/devkitarm/bin/../lib/gcc/arm-none-eabi/10.2.0/../../../../arm-none-eabi/lib/thumb\libg.a(lib_a-impure.o)
 .rodata._global_impure_ptr
                0x0000000000000000        0x4 c:/devkitpro/devkitarm/bin/../lib/gcc/arm-none-eabi/10.2.0/../../../../arm-none-eabi/lib/thumb\libg.a(lib_a-impure.o)
 .text          0x0000000000000000        0x0 c:/devkitpro/devkitarm/bin/../lib/gcc/arm-none-eabi/10.2.0/thumb/crtend.o
 .data          0x0000000000000000        0x0 c:/devkitpro/devkitarm/bin/../lib/gcc/arm-none-eabi/10.2.0/thumb/crtend.o
 .bss           0x0000000000000000        0x0 c:/devkitpro/devkitarm/bin/../lib/gcc/arm-none-eabi/10.2.0/thumb/crtend.o
 .text          0x0000000000000000        0x0 c:/devkitpro/devkitarm/bin/../lib/gcc/arm-none-eabi/10.2.0/thumb/crtn.o
 .data          0x0000000000000000        0x0 c:/devkitpro/devkitarm/bin/../lib/gcc/arm-none-eabi/10.2.0/thumb/crtn.o
 .bss           0x0000000000000000        0x0 c:/devkitpro/devkitarm/bin/../lib/gcc/arm-none-eabi/10.2.0/thumb/crtn.o

Memory Configuration

Name             Origin             Length             Attributes
rom              0x0000000008000000 0x0000000002000000
iwram            0x0000000003000000 0x0000000000008000
ewram            0x0000000002000000 0x0000000000040000
*default*        0x0000000000000000 0xffffffffffffffff

Linker script and memory map

                0x0000000008000000                __text_start = ORIGIN (rom)
                0x0000000002040000                __eheap_end = (ORIGIN (ewram) + LENGTH (ewram))
                0x0000000003000000                __iwram_start = ORIGIN (iwram)
                0x0000000003008000                __iwram_top = (ORIGIN (iwram) + LENGTH (iwram))
                0x0000000003007fa0                __sp_irq = (__iwram_top - 0x60)
                0x0000000003007f00                __sp_usr = (__sp_irq - 0xa0)
                0x0000000003007ff8                __irq_flags = 0x3007ff8
                0x0000000008000000                . = __text_start

.crt0           0x0000000008000000      0x210
 *(.crt0)
 .crt0          0x0000000008000000      0x210 c:/devkitpro/devkitarm/bin/../lib/gcc/arm-none-eabi/10.2.0/../../../../arm-none-eabi/lib/thumb/gba_crt0.o
                0x0000000008000000                _start
                0x00000000080000c4                __boot_method
                0x00000000080000c5                __slave_number
                0x00000000080000e0                start_vector
                0x0000000008000210                . = ALIGN (0x4)

.init           0x0000000008000210        0xc
 *(SORT_NONE(.init))
 .init          0x0000000008000210        0x4 c:/devkitpro/devkitarm/bin/../lib/gcc/arm-none-eabi/10.2.0/thumb/crti.o
                0x0000000008000210                _init
 .init          0x0000000008000214        0x8 c:/devkitpro/devkitarm/bin/../lib/gcc/arm-none-eabi/10.2.0/thumb/crtn.o

.plt            0x000000000800021c        0x0
 *(.plt)
                0x000000000800021c                . = ALIGN (0x4)

.text           0x000000000800021c     0x302c
 *(EXCLUDE_FILE(*.iwram*) .text*)
 .text.__do_global_dtors_aux
                0x000000000800021c       0x2c c:/devkitpro/devkitarm/bin/../lib/gcc/arm-none-eabi/10.2.0/thumb/crtbegin.o
 .text.frame_dummy
                0x0000000008000248       0x24 c:/devkitpro/devkitarm/bin/../lib/gcc/arm-none-eabi/10.2.0/thumb/crtbegin.o
 .text          0x000000000800026c      0x340 Text_demo.o
                0x000000000800026c                renderBg
                0x00000000080002bc                renderGui
                0x000000000800033c                replaceWord
                0x0000000008000418                renderTextBox
                0x0000000008000500                testDialog
 .text.startup  0x00000000080005ac       0x68 Text_demo.o
                0x00000000080005ac                main
 .text          0x0000000008000614     0x1564 C:\devkitpro/libgba/lib\libmm.a(mm_mas.o)
                0x0000000008000688                mmStart
                0x00000000080006a8                mmJingle
                0x00000000080006ae                mmPlayModule
                0x0000000008000778                mmPause
                0x0000000008000794                mmResume
                0x00000000080007a4                mmActive
                0x00000000080007aa                mmActiveSub
                0x00000000080007b0                mmSetModuleVolume
                0x00000000080007c0                mmSetJingleVolume
                0x00000000080007fc                mmGetPosition
                0x0000000008000802                mmPosition
                0x000000000800081c                mmSetModuleTempo
                0x000000000800084e                mmSetModulePitch
                0x0000000008000890                mmStop
                0x0000000008000956                mppUpdateSub
                0x0000000008000ab2                mpp_Process_VolumeCommand
                0x0000000008000cea                mpp_Process_Effect
                0x0000000008001438                ST3_FREQTABLE
                0x0000000008001858                IT_PitchTable
 .text          0x0000000008001b78      0x140 C:\devkitpro/libgba/lib\libmm.a(mm_main.o)
                0x0000000008001b78                mpp_call_r7
                0x0000000008001b7a                mpp_call_r1
                0x0000000008001b7c                mpp_call_r2
                0x0000000008001b7e                mpp_call_r3
                0x0000000008001b80                mmSetEventHandler
                0x0000000008001b88                mmInit
                0x0000000008001bdc                mmSetVBlankHandler
                0x0000000008001be2                mmFrame
 .text          0x0000000008001cb8      0x314 C:\devkitpro/libgba/lib\libmm.a(mm_effect.o)
                0x0000000008001cb8                mmResetEffects
                0x0000000008001ce4                mmEffect
                0x0000000008001cfa                mmEffectEx
                0x0000000008001dfa                mmEffectActive
                0x0000000008001e2e                mmEffectVolume
                0x0000000008001e4a                mmEffectPanning
                0x0000000008001e5e                mmEffectRate
                0x0000000008001e72                mmEffectCancel
                0x0000000008001eac                mmEffectRelease
                0x0000000008001ed2                mmEffectScaleRate
                0x0000000008001ee6                mmSetEffectsVolume
                0x0000000008001ef4                mmEffectCancelAll
                0x0000000008001f34                mmUpdateEffects
 .text          0x0000000008001fcc      0x1e0 C:\devkitpro/libgba/lib\libmm.a(mm_mixer_gba.o)
                0x0000000008001fcc                mmMixerSetSource
                0x0000000008001fe0                mmMixerSetRead
                0x0000000008001fee                mmMixerSetFreq
                0x0000000008001ffe                mmMixerMulFreq
                0x0000000008002012                mmMixerStopChannel
                0x0000000008002024                mmMixerChannelActive
                0x0000000008002036                mmMixerSetVolume
                0x0000000008002044                mmMixerSetPan
                0x0000000008002052                mmMixerInit
 .text          0x00000000080021ac       0x44 C:\devkitpro/libgba/lib\libmm.a(mm_init_default.o)
                0x00000000080021ac                mmInitDefault
 .text          0x00000000080021f0      0x3b8 C:\devkitpro/libgba/lib\libgba.a(interrupt.o)
                0x00000000080021f0                dummy
                0x00000000080021f4                InitInterrupt
                0x0000000008002250                irqInit
                0x00000000080022ac                SetInterrupt
                0x0000000008002390                irqSet
                0x0000000008002474                EnableInterrupt
                0x00000000080024c0                irqEnable
                0x0000000008002510                DisableInterrupt
                0x000000000800255c                irqDisable
 .text          0x00000000080025a8       0xa8 C:\devkitpro/libtonc/lib\libtonc.a(tonc_input.o)
                0x00000000080025a8                key_poll
                0x00000000080025fc                key_wait_till_hit
                0x0000000008002620                key_repeat
                0x000000000800262c                key_repeat_mask
                0x000000000800263c                key_repeat_limits
 .text          0x0000000008002650       0x8c C:\devkitpro/libtonc/lib\libtonc.a(tonc_bios.o)
                0x0000000008002650                SoftReset
                0x0000000008002654                RegisterRamReset
                0x0000000008002658                Halt
                0x000000000800265c                Stop
                0x0000000008002660                IntrWait
                0x0000000008002664                VBlankIntrWait
                0x0000000008002668                Div
                0x000000000800266c                DivArm
                0x0000000008002670                Sqrt
                0x0000000008002674                ArcTan
                0x0000000008002678                ArcTan2
                0x000000000800267c                CpuSet
                0x0000000008002680                CpuFastSet
                0x0000000008002684                BiosCheckSum
                0x0000000008002688                BgAffineSet
                0x000000000800268c                ObjAffineSet
                0x0000000008002690                BitUnPack
                0x0000000008002694                LZ77UnCompWram
                0x0000000008002698                LZ77UnCompVram
                0x000000000800269c                HuffUnComp
                0x00000000080026a0                RLUnCompWram
                0x00000000080026a4                RLUnCompVram
                0x00000000080026a8                Diff8bitUnFilterWram
                0x00000000080026ac                Diff8bitUnFilterVram
                0x00000000080026b0                Diff16bitUnFilter
                0x00000000080026b4                SoundBias
                0x00000000080026b8                SoundDriverInit
                0x00000000080026bc                SoundDriverMode
                0x00000000080026c0                SoundDriverMain
                0x00000000080026c4                SoundDriverVSync
                0x00000000080026c8                SoundChannelClear
                0x00000000080026cc                MidiKey2Freq
                0x00000000080026d0                MultiBoot
                0x00000000080026d4                SoundDriverVSyncOff
                0x00000000080026d8                SoundDriverVSyncOn
 .text          0x00000000080026dc       0x44 C:\devkitpro/libtonc/lib\libtonc.a(tonc_memcpy.o)
                0x00000000080026dc                memcpy16
 .text          0x0000000008002720       0x3c c:/devkitpro/devkitarm/bin/../lib/gcc/arm-none-eabi/10.2.0/thumb\libgcc.a(_call_via_rX.o)
                0x0000000008002720                _call_via_r0
                0x0000000008002724                _call_via_r1
                0x0000000008002728                _call_via_r2
                0x000000000800272c                _call_via_r3
                0x0000000008002730                _call_via_r4
                0x0000000008002734                _call_via_r5
                0x0000000008002738                _call_via_r6
                0x000000000800273c                _call_via_r7
                0x0000000008002740                _call_via_r8
                0x0000000008002744                _call_via_r9
                0x0000000008002748                _call_via_sl
                0x000000000800274c                _call_via_fp
                0x0000000008002750                _call_via_ip
                0x0000000008002754                _call_via_sp
                0x0000000008002758                _call_via_lr
 .text.__libc_init_array
                0x000000000800275c       0x50 c:/devkitpro/devkitarm/bin/../lib/gcc/arm-none-eabi/10.2.0/../../../../arm-none-eabi/lib/thumb\libg.a(lib_a-init.o)
                0x000000000800275c                __libc_init_array
 .text.malloc   0x00000000080027ac       0x14 c:/devkitpro/devkitarm/bin/../lib/gcc/arm-none-eabi/10.2.0/../../../../arm-none-eabi/lib/thumb\libg.a(lib_a-malloc.o)
                0x00000000080027ac                malloc
 .text._malloc_r
                0x00000000080027c0      0x59c c:/devkitpro/devkitarm/bin/../lib/gcc/arm-none-eabi/10.2.0/../../../../arm-none-eabi/lib/thumb\libg.a(lib_a-mallocr.o)
                0x00000000080027c0                _malloc_r
 .text.memcpy   0x0000000008002d5c       0xa8 c:/devkitpro/devkitarm/bin/../lib/gcc/arm-none-eabi/10.2.0/../../../../arm-none-eabi/lib/thumb\libg.a(lib_a-memcpy-stub.o)
                0x0000000008002d5c                memcpy
 .text.__malloc_lock
                0x0000000008002e04       0x14 c:/devkitpro/devkitarm/bin/../lib/gcc/arm-none-eabi/10.2.0/../../../../arm-none-eabi/lib/thumb\libg.a(lib_a-mlock.o)
                0x0000000008002e04                __malloc_lock
 .text.__malloc_unlock
                0x0000000008002e18       0x14 c:/devkitpro/devkitarm/bin/../lib/gcc/arm-none-eabi/10.2.0/../../../../arm-none-eabi/lib/thumb\libg.a(lib_a-mlock.o)
                0x0000000008002e18                __malloc_unlock
 .text.strcpy   0x0000000008002e2c       0x10 c:/devkitpro/devkitarm/bin/../lib/gcc/arm-none-eabi/10.2.0/../../../../arm-none-eabi/lib/thumb\libg.a(lib_a-strcpy.o)
                0x0000000008002e2c                strcpy
 .text.strlen   0x0000000008002e3c       0x60 c:/devkitpro/devkitarm/bin/../lib/gcc/arm-none-eabi/10.2.0/../../../../arm-none-eabi/lib/thumb\libg.a(lib_a-strlen-stub.o)
                0x0000000008002e3c                strlen
 .text.strncmp  0x0000000008002e9c       0x78 c:/devkitpro/devkitarm/bin/../lib/gcc/arm-none-eabi/10.2.0/../../../../arm-none-eabi/lib/thumb\libg.a(lib_a-strncmp.o)
                0x0000000008002e9c                strncmp
 .text._malloc_trim_r
                0x0000000008002f14       0xa0 c:/devkitpro/devkitarm/bin/../lib/gcc/arm-none-eabi/10.2.0/../../../../arm-none-eabi/lib/thumb\libg.a(lib_a-freer.o)
                0x0000000008002f14                _malloc_trim_r
 .text._free_r  0x0000000008002fb4      0x1e0 c:/devkitpro/devkitarm/bin/../lib/gcc/arm-none-eabi/10.2.0/../../../../arm-none-eabi/lib/thumb\libg.a(lib_a-freer.o)
                0x0000000008002fb4                _free_r
 .text._sbrk_r  0x0000000008003194       0x54 c:/devkitpro/devkitarm/bin/../lib/gcc/arm-none-eabi/10.2.0/../../../../arm-none-eabi/lib/thumb\libsysbase.a(sbrk.o)
                0x0000000008003194                _sbrk_r
 .text.__libc_lock_acquire_recursive
                0x00000000080031e8       0x1c c:/devkitpro/devkitarm/bin/../lib/gcc/arm-none-eabi/10.2.0/../../../../arm-none-eabi/lib/thumb\libsysbase.a(syscall_support.o)
                0x00000000080031e8                __libc_lock_acquire_recursive
 .text.__libc_lock_release_recursive
                0x0000000008003204       0x1c c:/devkitpro/devkitarm/bin/../lib/gcc/arm-none-eabi/10.2.0/../../../../arm-none-eabi/lib/thumb\libsysbase.a(syscall_support.o)
                0x0000000008003204                __libc_lock_release_recursive
 .text.__getreent
                0x0000000008003220       0x28 c:/devkitpro/devkitarm/bin/../lib/gcc/arm-none-eabi/10.2.0/../../../../arm-none-eabi/lib/thumb\libsysbase.a(getreent.o)
                0x0000000008003220                __getreent
 *(.gnu.linkonce.t.*)
 *(.text.*personality*)
 *(.gnu.warning)
 *(.glue_7t)
 .glue_7t       0x0000000008003248        0x0 linker stubs
 *(.glue_7)
 .glue_7        0x0000000008003248        0x0 linker stubs
 *(.vfp11_veneer)
 .vfp11_veneer  0x0000000008003248        0x0 linker stubs
                0x0000000008003248                . = ALIGN (0x4)
                0x0000000008003248                __text_end = .

.v4_bx          0x0000000008003248        0x0
 .v4_bx         0x0000000008003248        0x0 linker stubs

.iplt           0x0000000008003248        0x0
 .iplt          0x0000000008003248        0x0 c:/devkitpro/devkitarm/bin/../lib/gcc/arm-none-eabi/10.2.0/../../../../arm-none-eabi/lib/thumb/gba_crt0.o

.fini           0x0000000008003248        0xc
 *(.fini)
 .fini          0x0000000008003248        0x4 c:/devkitpro/devkitarm/bin/../lib/gcc/arm-none-eabi/10.2.0/thumb/crti.o
                0x0000000008003248                _fini
 .fini          0x000000000800324c        0x8 c:/devkitpro/devkitarm/bin/../lib/gcc/arm-none-eabi/10.2.0/thumb/crtn.o
                0x0000000008003254                . = ALIGN (0x4)

.rodata         0x0000000008003254    0x4168c
 *(.rodata)
 .rodata        0x0000000008003254     0x2080 portrait_bg_test.o
                0x0000000008003254                portrait_bg_testPal
                0x0000000008003454                portrait_bg_testMap
                0x0000000008003c54                portrait_bg_testTiles
 .rodata        0x00000000080052d4      0x2b4 Text_demo.o
                0x00000000080052d4                letters_string
                0x0000000008005318                Dialogs
 .rodata        0x0000000008005588     0x1260 textBox.o
                0x0000000008005588                textBoxPal
                0x00000000080055a8                textBoxMap
                0x0000000008005da8                textBoxTiles
 *all.rodata*(*)
 *(.roda)
 *(.rodata.*)
 .rodata.soundbank_bin
                0x00000000080067e8    0x3e0a8 soundbank.bin.o
                0x00000000080067e8                soundbank_bin
                0x0000000008044890                soundbank_bin_end
 .rodata.str1.4
                0x0000000008044890       0x4d Text_demo.o
 *(.gnu.linkonce.r*)
                0x00000000080448e0                . = ALIGN (0x4)
 *fill*         0x00000000080448dd        0x3 ff

.ARM.extab
 *(.ARM.extab* .gnu.linkonce.armextab.*)
                0x00000000080448e0                __exidx_start = .

.ARM.exidx
 *(.ARM.exidx* .gnu.linkonce.armexidx.*)
                0x00000000080448e0                __exidx_end = .

.ctors          0x00000000080448e0        0x0
 *crtbegin.o(.ctors)
 *(EXCLUDE_FILE(*crtend.o) .ctors)
 *(SORT_BY_NAME(.ctors.*))
 *(.ctors)
                0x00000000080448e0                . = ALIGN (0x4)

.dtors          0x00000000080448e0        0x0
 *crtbegin.o(.dtors)
 *(EXCLUDE_FILE(*crtend.o) .dtors)
 *(SORT_BY_NAME(.dtors.*))
 *(.dtors)
                0x00000000080448e0                . = ALIGN (0x4)

.eh_frame       0x00000000080448e0        0x4
 *(.eh_frame)
 .eh_frame      0x00000000080448e0        0x0 c:/devkitpro/devkitarm/bin/../lib/gcc/arm-none-eabi/10.2.0/thumb/crtbegin.o
 .eh_frame      0x00000000080448e0        0x4 c:/devkitpro/devkitarm/bin/../lib/gcc/arm-none-eabi/10.2.0/thumb/crtend.o
                0x00000000080448e4                . = ALIGN (0x4)

.gcc_except_table
                0x00000000080448e4        0x0
 *(.gcc_except_table)
                0x00000000080448e4                . = ALIGN (0x4)
                0x00000000080448e4                __iwram_lma = .

.iwram          0x0000000003000000     0x14cc load address 0x00000000080448e4
                0x0000000003000000                __iwram_start__ = ABSOLUTE (.)
 *(.iwram .iwram*)
 .iwram         0x0000000003000000      0x554 C:\devkitpro/libgba/lib\libmm.a(mm_mas.o)
                0x0000000003000000                mppProcessTick
                0x00000000030000e4                mpp_Channel_NewNote
                0x00000000030001c4                mpp_Update_ACHN_notest
 .iwram         0x0000000003000554        0x8 C:\devkitpro/libgba/lib\libmm.a(mm_main.o)
                0x0000000003000554                mpp_call_r7i
                0x0000000003000556                mpp_call_r2i
                0x0000000003000558                mpp_call_r1i
 .iwram         0x000000000300055c      0x648 C:\devkitpro/libgba/lib\libmm.a(mm_mas_arm.o)
                0x000000000300055c                mmAllocChannel
                0x00000000030005d0                mmReadPattern
                0x00000000030006bc                mmUpdateChannel_T0
                0x00000000030008fc                mmUpdateChannel_TN
                0x0000000003000a9c                mmGetPeriod
                0x0000000003000ae0                note_table_oct
                0x0000000003000afe                note_table_mod
 .iwram         0x0000000003000ba4      0x838 C:\devkitpro/libgba/lib\libmm.a(mm_mixer_gba.o)
                0x0000000003000ba8                mmVBlank
                0x0000000003000c2c                mmMixerMix
 .iwram         0x00000000030013dc       0xb8 C:\devkitpro/libgba/lib\libgba.a(InterruptDispatcher.o)
                0x00000000030013dc                IntrMain
 .iwram         0x0000000003001494       0x38 C:\devkitpro/libtonc/lib\libtonc.a(tonc_memcpy.o)
                0x0000000003001494                memcpy32
 *iwram.*(.text* .data*)
                0x00000000030014cc                . = ALIGN (0x4)
                0x00000000030014cc                __iwram_end__ = ABSOLUTE (.)
                0x0000000008045db0                __data_lma = (__iwram_lma + SIZEOF (.iwram))

.rel.dyn        0x00000000030014cc        0x0 load address 0x0000000008045db0
 .rel.iplt      0x00000000030014cc        0x0 c:/devkitpro/devkitarm/bin/../lib/gcc/arm-none-eabi/10.2.0/../../../../arm-none-eabi/lib/thumb/gba_crt0.o

.bss            0x00000000030014cc      0x938
                0x00000000030014cc                __bss_start = ABSOLUTE (.)
                0x00000000030014cc                __bss_start__ = ABSOLUTE (.)
 *(.dynbss)
 *(.gnu.linkonce.b*)
 *(.bss*)
 .bss.completed.1
                0x00000000030014cc        0x1 c:/devkitpro/devkitarm/bin/../lib/gcc/arm-none-eabi/10.2.0/thumb/crtbegin.o
 *fill*         0x00000000030014cd        0x3 
 .bss.object.0  0x00000000030014d0       0x18 c:/devkitpro/devkitarm/bin/../lib/gcc/arm-none-eabi/10.2.0/thumb/crtbegin.o
 .bss           0x00000000030014e8       0xa4 Text_demo.o
                0x00000000030014e8                tempSe
                0x00000000030014ec                currentDialog
                0x00000000030014f0                tempString
 .bss           0x000000000300158c      0x148 C:\devkitpro/libgba/lib\libmm.a(mm_mas.o)
                0x000000000300158c                mmLayerMain
                0x00000000030015c4                mmLayerSub
                0x00000000030015fc                mpp_vars
                0x000000000300160c                mpp_layerp
                0x0000000003001610                mpp_channels
                0x0000000003001620                mpp_nchannels
                0x0000000003001621                mpp_clayer
                0x0000000003001624                mm_achannels
                0x0000000003001628                mm_pchannels
                0x000000000300162c                mm_num_mch
                0x0000000003001630                mm_num_ach
                0x0000000003001634                mm_schannels
 .bss           0x00000000030016d4       0x20 C:\devkitpro/libgba/lib\libmm.a(mm_main.o)
                0x00000000030016d4                mmCallback
                0x00000000030016d8                mmModuleCount
                0x00000000030016dc                mmModuleBank
                0x00000000030016e0                mmSampleBank
                0x00000000030016e4                mm_ch_mask
                0x00000000030016e8                mm_vblank_function
                0x00000000030016ec                mmInitialized
                0x00000000030016f0                mp_solution
 .bss           0x00000000030016f4       0x2d C:\devkitpro/libgba/lib\libmm.a(mm_effect.o)
                0x0000000003001718                mm_sfx_bitmask
                0x000000000300171c                mm_sfx_clearmask
 *fill*         0x0000000003001721        0x3 
 .bss           0x0000000003001724      0x1bc C:\devkitpro/libgba/lib\libmm.a(mm_mixer_gba.o)
                0x0000000003001724                mp_writepos
                0x000000000300172c                mm_mixchannels
                0x0000000003001734                mm_mixlen
                0x0000000003001748                mm_bpmdv
                0x000000000300174c                mp_mix_seg
 .bss           0x00000000030018e0      0x420 C:\devkitpro/libgba/lib\libmm.a(mm_init_default.o)
 .bss           0x0000000003001d00        0x4 C:\devkitpro/libtonc/lib\libtonc.a(tonc_input.o)
                0x0000000003001d00                __key_curr
                0x0000000003001d02                __key_prev
 .bss.__malloc_current_mallinfo
                0x0000000003001d04       0x28 c:/devkitpro/devkitarm/bin/../lib/gcc/arm-none-eabi/10.2.0/../../../../arm-none-eabi/lib/thumb\libg.a(lib_a-mallocr.o)
                0x0000000003001d04                __malloc_current_mallinfo
 .bss.__malloc_max_sbrked_mem
                0x0000000003001d2c        0x4 c:/devkitpro/devkitarm/bin/../lib/gcc/arm-none-eabi/10.2.0/../../../../arm-none-eabi/lib/thumb\libg.a(lib_a-mallocr.o)
                0x0000000003001d2c                __malloc_max_sbrked_mem
 .bss.__malloc_max_total_mem
                0x0000000003001d30        0x4 c:/devkitpro/devkitarm/bin/../lib/gcc/arm-none-eabi/10.2.0/../../../../arm-none-eabi/lib/thumb\libg.a(lib_a-mallocr.o)
                0x0000000003001d30                __malloc_max_total_mem
 .bss.__malloc_top_pad
                0x0000000003001d34        0x4 c:/devkitpro/devkitarm/bin/../lib/gcc/arm-none-eabi/10.2.0/../../../../arm-none-eabi/lib/thumb\libg.a(lib_a-mallocr.o)
                0x0000000003001d34                __malloc_top_pad
 .bss.heap_start.0
                0x0000000003001d38        0x4 c:/devkitpro/devkitarm/bin/../lib/gcc/arm-none-eabi/10.2.0/../../../../arm-none-eabi/lib/thumb\libsysbase.a(sbrk.o)
 .bss.fake_heap_end
                0x0000000003001d3c        0x4 c:/devkitpro/devkitarm/bin/../lib/gcc/arm-none-eabi/10.2.0/../../../../arm-none-eabi/lib/thumb\libsysbase.a(malloc_vars.o)
                0x0000000003001d3c                fake_heap_end
 .bss.fake_heap_start
                0x0000000003001d40        0x4 c:/devkitpro/devkitarm/bin/../lib/gcc/arm-none-eabi/10.2.0/../../../../arm-none-eabi/lib/thumb\libsysbase.a(malloc_vars.o)
                0x0000000003001d40                fake_heap_start
 .bss.__syscalls
                0x0000000003001d44       0x48 c:/devkitpro/devkitarm/bin/../lib/gcc/arm-none-eabi/10.2.0/../../../../arm-none-eabi/lib/thumb\libsysbase.a(syscall_support.o)
                0x0000000003001d44                __syscalls
 *(COMMON)
 COMMON         0x0000000003001d8c       0x78 C:\devkitpro/libgba/lib\libgba.a(interrupt.o)
                0x0000000003001d8c                IntrTable
                0x0000000003001e04                . = ALIGN (0x4)
                0x0000000003001e04                __bss_end__ = ABSOLUTE (.)

.data           0x0000000003001e04      0x8a4 load address 0x0000000008045db0
                0x0000000003001e04                __data_start__ = ABSOLUTE (.)
 *(.data*)
 .data          0x0000000003001e04       0x18 Text_demo.o
                0x0000000003001e04                textBoxLayerScroll
                0x0000000003001e08                showHud
                0x0000000003001e0c                name
                0x0000000003001e14                name2
 .data          0x0000000003001e1c        0x8 C:\devkitpro/libtonc/lib\libtonc.a(tonc_input.o)
                0x0000000003001e1c                __key_rpt
 .data.__malloc_av_
                0x0000000003001e24      0x408 c:/devkitpro/devkitarm/bin/../lib/gcc/arm-none-eabi/10.2.0/../../../../arm-none-eabi/lib/thumb\libg.a(lib_a-mallocr.o)
                0x0000000003001e24                __malloc_av_
 .data.__malloc_sbrk_base
                0x000000000300222c        0x4 c:/devkitpro/devkitarm/bin/../lib/gcc/arm-none-eabi/10.2.0/../../../../arm-none-eabi/lib/thumb\libg.a(lib_a-mallocr.o)
                0x000000000300222c                __malloc_sbrk_base
 .data.__malloc_trim_threshold
                0x0000000003002230        0x4 c:/devkitpro/devkitarm/bin/../lib/gcc/arm-none-eabi/10.2.0/../../../../arm-none-eabi/lib/thumb\libg.a(lib_a-mallocr.o)
                0x0000000003002230                __malloc_trim_threshold
 .data.__malloc_recursive_mutex
                0x0000000003002234        0xc c:/devkitpro/devkitarm/bin/../lib/gcc/arm-none-eabi/10.2.0/../../../../arm-none-eabi/lib/thumb\libg.a(lib_a-mlock.o)
 .data._impure_ptr
                0x0000000003002240        0x4 c:/devkitpro/devkitarm/bin/../lib/gcc/arm-none-eabi/10.2.0/../../../../arm-none-eabi/lib/thumb\libg.a(lib_a-impure.o)
                0x0000000003002240                _impure_ptr
 *fill*         0x0000000003002244        0x4 ff
 .data.impure_data
                0x0000000003002248      0x460 c:/devkitpro/devkitarm/bin/../lib/gcc/arm-none-eabi/10.2.0/../../../../arm-none-eabi/lib/thumb\libg.a(lib_a-impure.o)
 *(.gnu.linkonce.d*)
                0x00000000030026a8                . = ALIGN (0x4)
                0x0000000008046654                __preinit_lma = (__data_lma + SIZEOF (.data))

.igot.plt       0x00000000030026a8        0x0 load address 0x0000000008046654
 .igot.plt      0x00000000030026a8        0x0 c:/devkitpro/devkitarm/bin/../lib/gcc/arm-none-eabi/10.2.0/../../../../arm-none-eabi/lib/thumb/gba_crt0.o

.preinit_array  0x00000000030026a8        0x0 load address 0x0000000008046654
                0x00000000030026a8                __preinit_array_start = ABSOLUTE (.)
 *(.preinit_array)
                0x00000000030026a8                __preinit_array_end = ABSOLUTE (.)
                0x0000000008046654                __init_lma = (__preinit_lma + SIZEOF (.preinit_array))

.init_array     0x00000000030026a8        0x4 load address 0x0000000008046654
                0x00000000030026a8                __init_array_start = ABSOLUTE (.)
 *(SORT_BY_NAME(.init_array.*))
 *(.init_array)
 .init_array    0x00000000030026a8        0x4 c:/devkitpro/devkitarm/bin/../lib/gcc/arm-none-eabi/10.2.0/thumb/crtbegin.o
                0x00000000030026ac                __init_array_end = ABSOLUTE (.)
                0x0000000008046658                __fini_lma = (__init_lma + SIZEOF (.init_array))

.fini_array     0x00000000030026ac        0x4 load address 0x0000000008046658
                0x00000000030026ac                __fini_array_start = ABSOLUTE (.)
 *(SORT_BY_NAME(.fini_array.*))
 *(.fini_array)
 .fini_array    0x00000000030026ac        0x4 c:/devkitpro/devkitarm/bin/../lib/gcc/arm-none-eabi/10.2.0/thumb/crtbegin.o
                0x00000000030026b0                __fini_array_end = ABSOLUTE (.)
                0x000000000804665c                __jcr_lma = (__fini_lma + SIZEOF (.fini_array))

.jcr            0x00000000030026b0        0x0 load address 0x000000000804665c
 *(.jcr)
                0x00000000030026b0                __data_end__ = ABSOLUTE (.)
                0x000000000804665c                __iwram_overlay_lma = (__jcr_lma + SIZEOF (.jcr))
                0x00000000030026b0                __iwram_overlay_start = .

.iwram0         0x00000000030026b0        0x0 load address 0x000000000804665c
 *(.iwram0)
                0x00000000030026b0                . = ALIGN (0x4)
                0x000000000804665c                PROVIDE (__load_start_iwram0 = LOADADDR (.iwram0))
                0x000000000804665c                PROVIDE (__load_stop_iwram0 = (LOADADDR (.iwram0) + SIZEOF (.iwram0)))

.iwram1         0x00000000030026b0        0x0
 *(.iwram1)
                0x00000000030026b0                . = ALIGN (0x4)
                [!provide]                        PROVIDE (__load_start_iwram1 = LOADADDR (.iwram1))
                [!provide]                        PROVIDE (__load_stop_iwram1 = (LOADADDR (.iwram1) + SIZEOF (.iwram1)))

.iwram2         0x00000000030026b0        0x0
 *(.iwram2)
                0x00000000030026b0                . = ALIGN (0x4)
                [!provide]                        PROVIDE (__load_start_iwram2 = LOADADDR (.iwram2))
                [!provide]                        PROVIDE (__load_stop_iwram2 = (LOADADDR (.iwram2) + SIZEOF (.iwram2)))

.iwram3         0x00000000030026b0        0x0
 *(.iwram3)
                0x00000000030026b0                . = ALIGN (0x4)
                [!provide]                        PROVIDE (__load_start_iwram3 = LOADADDR (.iwram3))
                [!provide]                        PROVIDE (__load_stop_iwram3 = (LOADADDR (.iwram3) + SIZEOF (.iwram3)))

.iwram4         0x00000000030026b0        0x0
 *(.iwram4)
                0x00000000030026b0                . = ALIGN (0x4)
                [!provide]                        PROVIDE (__load_start_iwram4 = LOADADDR (.iwram4))
                [!provide]                        PROVIDE (__load_stop_iwram4 = (LOADADDR (.iwram4) + SIZEOF (.iwram4)))

.iwram5         0x00000000030026b0        0x0
 *(.iwram5)
                0x00000000030026b0                . = ALIGN (0x4)
                [!provide]                        PROVIDE (__load_start_iwram5 = LOADADDR (.iwram5))
                [!provide]                        PROVIDE (__load_stop_iwram5 = (LOADADDR (.iwram5) + SIZEOF (.iwram5)))

.iwram6         0x00000000030026b0        0x0
 *(.iwram6)
                0x00000000030026b0                . = ALIGN (0x4)
                [!provide]                        PROVIDE (__load_start_iwram6 = LOADADDR (.iwram6))
                [!provide]                        PROVIDE (__load_stop_iwram6 = (LOADADDR (.iwram6) + SIZEOF (.iwram6)))

.iwram7         0x00000000030026b0        0x0
 *(.iwram7)
                0x00000000030026b0                . = ALIGN (0x4)
                [!provide]                        PROVIDE (__load_start_iwram7 = LOADADDR (.iwram7))
                [!provide]                        PROVIDE (__load_stop_iwram7 = (LOADADDR (.iwram7) + SIZEOF (.iwram7)))

.iwram8         0x00000000030026b0        0x0
 *(.iwram8)
                0x00000000030026b0                . = ALIGN (0x4)
                [!provide]                        PROVIDE (__load_start_iwram8 = LOADADDR (.iwram8))
                [!provide]                        PROVIDE (__load_stop_iwram8 = (LOADADDR (.iwram8) + SIZEOF (.iwram8)))

.iwram9         0x00000000030026b0        0x0
 *(.iwram9)
                0x00000000030026b0                . = ALIGN (0x4)
                [!provide]                        PROVIDE (__load_start_iwram9 = LOADADDR (.iwram9))
                [!provide]                        PROVIDE (__load_stop_iwram9 = (LOADADDR (.iwram9) + SIZEOF (.iwram9)))
                0x00000000030026b0                __iwram_overlay_end = .
                0x000000000804665c                __ewram_lma = (__iwram_overlay_lma + (__iwram_overlay_end - __iwram_overlay_start))
                0x00000000030026b0                __iheap_start = .
                0x0000000002000000                __ewram_start = ORIGIN (ewram)

.ewram          0x0000000002000000        0x0 load address 0x000000000804665c
 *(.ewram*)
                0x0000000002000000                . = ALIGN (0x4)
                0x0000000002000000                __ewram_end = ABSOLUTE (.)
                0x000000000804665c                __pad_lma = (__ewram_lma + SIZEOF (.ewram))

.sbss           0x0000000002000000        0x0
                0x0000000002000000                __sbss_start__ = ABSOLUTE (.)
 *(.sbss*)
                0x0000000002000000                . = ALIGN (0x4)
                0x0000000002000000                __sbss_end__ = ABSOLUTE (.)
                0x0000000002000000                __end__ = ABSOLUTE (.)
                0x0000000002000000                __eheap_start = ABSOLUTE (.)

.pad            0x0000000002000000        0x8 load address 0x000000000804665c
                0x0000000002000000        0x4 LONG 0x52416b64
                0x0000000002000004        0x4 LONG 0x4d
                0x0000000002000008                . = ALIGN (0x4)
                0x0000000008046664                __rom_end__ = (__pad_lma + SIZEOF (.pad))

.stab
 *(.stab)

.stabstr
 *(.stabstr)

.stab.excl
 *(.stab.excl)

.stab.exclstr
 *(.stab.exclstr)

.stab.index
 *(.stab.index)

.stab.indexstr
 *(.stab.indexstr)

.comment        0x0000000000000000       0x45
 *(.comment)
 .comment       0x0000000000000000       0x23 c:/devkitpro/devkitarm/bin/../lib/gcc/arm-none-eabi/10.2.0/thumb/crtbegin.o
                                         0x24 (size before relaxing)
 .comment       0x0000000000000023       0x24 portrait_bg_test.o
 .comment       0x0000000000000023       0x24 Text_demo.o
 .comment       0x0000000000000023       0x24 textBox.o
 .comment       0x0000000000000023       0x22 C:\devkitpro/libgba/lib\libgba.a(interrupt.o)
                                         0x23 (size before relaxing)
 .comment       0x0000000000000045       0x23 C:\devkitpro/libtonc/lib\libtonc.a(tonc_input.o)
 .comment       0x0000000000000045       0x24 c:/devkitpro/devkitarm/bin/../lib/gcc/arm-none-eabi/10.2.0/../../../../arm-none-eabi/lib/thumb\libg.a(lib_a-init.o)
 .comment       0x0000000000000045       0x24 c:/devkitpro/devkitarm/bin/../lib/gcc/arm-none-eabi/10.2.0/../../../../arm-none-eabi/lib/thumb\libg.a(lib_a-malloc.o)
 .comment       0x0000000000000045       0x24 c:/devkitpro/devkitarm/bin/../lib/gcc/arm-none-eabi/10.2.0/../../../../arm-none-eabi/lib/thumb\libg.a(lib_a-mallocr.o)
 .comment       0x0000000000000045       0x24 c:/devkitpro/devkitarm/bin/../lib/gcc/arm-none-eabi/10.2.0/../../../../arm-none-eabi/lib/thumb\libg.a(lib_a-memcpy-stub.o)
 .comment       0x0000000000000045       0x24 c:/devkitpro/devkitarm/bin/../lib/gcc/arm-none-eabi/10.2.0/../../../../arm-none-eabi/lib/thumb\libg.a(lib_a-mlock.o)
 .comment       0x0000000000000045       0x24 c:/devkitpro/devkitarm/bin/../lib/gcc/arm-none-eabi/10.2.0/../../../../arm-none-eabi/lib/thumb\libg.a(lib_a-strcpy.o)
 .comment       0x0000000000000045       0x24 c:/devkitpro/devkitarm/bin/../lib/gcc/arm-none-eabi/10.2.0/../../../../arm-none-eabi/lib/thumb\libg.a(lib_a-strlen-stub.o)
 .comment       0x0000000000000045       0x24 c:/devkitpro/devkitarm/bin/../lib/gcc/arm-none-eabi/10.2.0/../../../../arm-none-eabi/lib/thumb\libg.a(lib_a-strncmp.o)
 .comment       0x0000000000000045       0x24 c:/devkitpro/devkitarm/bin/../lib/gcc/arm-none-eabi/10.2.0/../../../../arm-none-eabi/lib/thumb\libg.a(lib_a-freer.o)
 .comment       0x0000000000000045       0x24 c:/devkitpro/devkitarm/bin/../lib/gcc/arm-none-eabi/10.2.0/../../../../arm-none-eabi/lib/thumb\libsysbase.a(sbrk.o)
 .comment       0x0000000000000045       0x24 c:/devkitpro/devkitarm/bin/../lib/gcc/arm-none-eabi/10.2.0/../../../../arm-none-eabi/lib/thumb\libsysbase.a(malloc_vars.o)
 .comment       0x0000000000000045       0x24 c:/devkitpro/devkitarm/bin/../lib/gcc/arm-none-eabi/10.2.0/../../../../arm-none-eabi/lib/thumb\libsysbase.a(syscall_support.o)
 .comment       0x0000000000000045       0x24 c:/devkitpro/devkitarm/bin/../lib/gcc/arm-none-eabi/10.2.0/../../../../arm-none-eabi/lib/thumb\libsysbase.a(getreent.o)
 .comment       0x0000000000000045       0x24 c:/devkitpro/devkitarm/bin/../lib/gcc/arm-none-eabi/10.2.0/../../../../arm-none-eabi/lib/thumb\libg.a(lib_a-impure.o)
 .comment       0x0000000000000045       0x24 c:/devkitpro/devkitarm/bin/../lib/gcc/arm-none-eabi/10.2.0/thumb/crtend.o

.debug
 *(.debug)

.line
 *(.line)

.debug_srcinfo
 *(.debug_srcinfo)

.debug_sfnames
 *(.debug_sfnames)

.debug_aranges  0x0000000000000000       0x98
 *(.debug_aranges)
 .debug_aranges
                0x0000000000000000       0x18 portrait_bg_test.o
 .debug_aranges
                0x0000000000000018       0x28 Text_demo.o
 .debug_aranges
                0x0000000000000040       0x18 textBox.o
 .debug_aranges
                0x0000000000000058       0x20 C:\devkitpro/libgba/lib\libgba.a(interrupt.o)
 .debug_aranges
                0x0000000000000078       0x20 C:\devkitpro/libgba/lib\libgba.a(InterruptDispatcher.o)

.debug_pubnames
 *(.debug_pubnames)

.debug_info     0x0000000000000000      0xe9b
 *(.debug_info)
 .debug_info    0x0000000000000000       0xad portrait_bg_test.o
 .debug_info    0x00000000000000ad      0x901 Text_demo.o
 .debug_info    0x00000000000009ae       0xac textBox.o
 .debug_info    0x0000000000000a5a      0x41b C:\devkitpro/libgba/lib\libgba.a(interrupt.o)
 .debug_info    0x0000000000000e75       0x26 C:\devkitpro/libgba/lib\libgba.a(InterruptDispatcher.o)

.debug_abbrev   0x0000000000000000      0x585
 *(.debug_abbrev)
 .debug_abbrev  0x0000000000000000       0x69 portrait_bg_test.o
 .debug_abbrev  0x0000000000000069      0x2b1 Text_demo.o
 .debug_abbrev  0x000000000000031a       0x69 textBox.o
 .debug_abbrev  0x0000000000000383      0x1ee C:\devkitpro/libgba/lib\libgba.a(interrupt.o)
 .debug_abbrev  0x0000000000000571       0x14 C:\devkitpro/libgba/lib\libgba.a(InterruptDispatcher.o)

.debug_line     0x0000000000000000      0xe6c
 *(.debug_line)
 .debug_line    0x0000000000000000       0x72 portrait_bg_test.o
 .debug_line    0x0000000000000072      0x731 Text_demo.o
 .debug_line    0x00000000000007a3       0x69 textBox.o
 .debug_line    0x000000000000080c      0x5ae C:\devkitpro/libgba/lib\libgba.a(interrupt.o)
 .debug_line    0x0000000000000dba       0xb2 C:\devkitpro/libgba/lib\libgba.a(InterruptDispatcher.o)

.debug_frame    0x0000000000000000      0x178
 *(.debug_frame)
 .debug_frame   0x0000000000000000       0xc8 Text_demo.o
 .debug_frame   0x00000000000000c8       0xb0 C:\devkitpro/libgba/lib\libgba.a(interrupt.o)

.debug_str      0x0000000000000000      0x71d
 *(.debug_str)
 .debug_str     0x0000000000000000      0x13e portrait_bg_test.o
                                        0x14b (size before relaxing)
 .debug_str     0x000000000000013e      0x2da Text_demo.o
                                        0x416 (size before relaxing)
 .debug_str     0x0000000000000418       0x49 textBox.o
                                        0x127 (size before relaxing)
 .debug_str     0x0000000000000461      0x25c C:\devkitpro/libgba/lib\libgba.a(interrupt.o)
                                        0x310 (size before relaxing)
 .debug_str     0x00000000000006bd       0x60 C:\devkitpro/libgba/lib\libgba.a(InterruptDispatcher.o)
                                         0xa0 (size before relaxing)

.debug_loc      0x0000000000000000      0x8a8
 *(.debug_loc)
 .debug_loc     0x0000000000000000      0x462 Text_demo.o
 .debug_loc     0x0000000000000462      0x446 C:\devkitpro/libgba/lib\libgba.a(interrupt.o)

.debug_macinfo
 *(.debug_macinfo)

.debug_weaknames
 *(.debug_weaknames)

.debug_funcnames
 *(.debug_funcnames)

.debug_typenames
 *(.debug_typenames)

.debug_varnames
 *(.debug_varnames)

.stack          0x0000000000080000        0x0
                0x0000000000080000                _stack = .
 *(.stack)

.note.gnu.arm.ident
 *(.note.gnu.arm.ident)

.ARM.attributes
                0x0000000000000000       0x2c
 *(.ARM.attributes)
 .ARM.attributes
                0x0000000000000000       0x20 c:/devkitpro/devkitarm/bin/../lib/gcc/arm-none-eabi/10.2.0/../../../../arm-none-eabi/lib/thumb/gba_crt0.o
 .ARM.attributes
                0x0000000000000020       0x1c c:/devkitpro/devkitarm/bin/../lib/gcc/arm-none-eabi/10.2.0/thumb/crti.o
 .ARM.attributes
                0x000000000000003c       0x2a c:/devkitpro/devkitarm/bin/../lib/gcc/arm-none-eabi/10.2.0/thumb/crtbegin.o
 .ARM.attributes
                0x0000000000000066       0x14 soundbank.bin.o
 .ARM.attributes
                0x000000000000007a       0x30 portrait_bg_test.o
 .ARM.attributes
                0x00000000000000aa       0x2a Text_demo.o
 .ARM.attributes
                0x00000000000000d4       0x30 textBox.o
 .ARM.attributes
                0x0000000000000104       0x1a C:\devkitpro/libgba/lib\libmm.a(mm_mas.o)
 .ARM.attributes
                0x000000000000011e       0x1a C:\devkitpro/libgba/lib\libmm.a(mm_main.o)
 .ARM.attributes
                0x0000000000000138       0x1a C:\devkitpro/libgba/lib\libmm.a(mm_effect.o)
 .ARM.attributes
                0x0000000000000152       0x1a C:\devkitpro/libgba/lib\libmm.a(mm_mas_arm.o)
 .ARM.attributes
                0x000000000000016c       0x1a C:\devkitpro/libgba/lib\libmm.a(mm_mixer_gba.o)
 .ARM.attributes
                0x0000000000000186       0x1a C:\devkitpro/libgba/lib\libmm.a(mm_init_default.o)
 .ARM.attributes
                0x00000000000001a0       0x2a C:\devkitpro/libgba/lib\libgba.a(interrupt.o)
 .ARM.attributes
                0x00000000000001ca       0x1a C:\devkitpro/libgba/lib\libgba.a(InterruptDispatcher.o)
 .ARM.attributes
                0x00000000000001e4       0x2a C:\devkitpro/libtonc/lib\libtonc.a(tonc_input.o)
 .ARM.attributes
                0x000000000000020e       0x1a C:\devkitpro/libtonc/lib\libtonc.a(tonc_bios.o)
 .ARM.attributes
                0x0000000000000228       0x1a C:\devkitpro/libtonc/lib\libtonc.a(tonc_memcpy.o)
 .ARM.attributes
                0x0000000000000242       0x1c c:/devkitpro/devkitarm/bin/../lib/gcc/arm-none-eabi/10.2.0/thumb\libgcc.a(_call_via_rX.o)
 .ARM.attributes
                0x000000000000025e       0x2a c:/devkitpro/devkitarm/bin/../lib/gcc/arm-none-eabi/10.2.0/../../../../arm-none-eabi/lib/thumb\libg.a(lib_a-init.o)
 .ARM.attributes
                0x0000000000000288       0x2a c:/devkitpro/devkitarm/bin/../lib/gcc/arm-none-eabi/10.2.0/../../../../arm-none-eabi/lib/thumb\libg.a(lib_a-malloc.o)
 .ARM.attributes
                0x00000000000002b2       0x2a c:/devkitpro/devkitarm/bin/../lib/gcc/arm-none-eabi/10.2.0/../../../../arm-none-eabi/lib/thumb\libg.a(lib_a-mallocr.o)
 .ARM.attributes
                0x00000000000002dc       0x2a c:/devkitpro/devkitarm/bin/../lib/gcc/arm-none-eabi/10.2.0/../../../../arm-none-eabi/lib/thumb\libg.a(lib_a-memcpy-stub.o)
 .ARM.attributes
                0x0000000000000306       0x2a c:/devkitpro/devkitarm/bin/../lib/gcc/arm-none-eabi/10.2.0/../../../../arm-none-eabi/lib/thumb\libg.a(lib_a-mlock.o)
 .ARM.attributes
                0x0000000000000330       0x2a c:/devkitpro/devkitarm/bin/../lib/gcc/arm-none-eabi/10.2.0/../../../../arm-none-eabi/lib/thumb\libg.a(lib_a-strcpy.o)
 .ARM.attributes
                0x000000000000035a       0x2a c:/devkitpro/devkitarm/bin/../lib/gcc/arm-none-eabi/10.2.0/../../../../arm-none-eabi/lib/thumb\libg.a(lib_a-strlen-stub.o)
 .ARM.attributes
                0x0000000000000384       0x2a c:/devkitpro/devkitarm/bin/../lib/gcc/arm-none-eabi/10.2.0/../../../../arm-none-eabi/lib/thumb\libg.a(lib_a-strncmp.o)
 .ARM.attributes
                0x00000000000003ae       0x2a c:/devkitpro/devkitarm/bin/../lib/gcc/arm-none-eabi/10.2.0/../../../../arm-none-eabi/lib/thumb\libg.a(lib_a-freer.o)
 .ARM.attributes
                0x00000000000003d8       0x2a c:/devkitpro/devkitarm/bin/../lib/gcc/arm-none-eabi/10.2.0/../../../../arm-none-eabi/lib/thumb\libsysbase.a(sbrk.o)
 .ARM.attributes
                0x0000000000000402       0x30 c:/devkitpro/devkitarm/bin/../lib/gcc/arm-none-eabi/10.2.0/../../../../arm-none-eabi/lib/thumb\libsysbase.a(malloc_vars.o)
 .ARM.attributes
                0x0000000000000432       0x2a c:/devkitpro/devkitarm/bin/../lib/gcc/arm-none-eabi/10.2.0/../../../../arm-none-eabi/lib/thumb\libsysbase.a(syscall_support.o)
 .ARM.attributes
                0x000000000000045c       0x2a c:/devkitpro/devkitarm/bin/../lib/gcc/arm-none-eabi/10.2.0/../../../../arm-none-eabi/lib/thumb\libsysbase.a(getreent.o)
 .ARM.attributes
                0x0000000000000486       0x30 c:/devkitpro/devkitarm/bin/../lib/gcc/arm-none-eabi/10.2.0/../../../../arm-none-eabi/lib/thumb\libg.a(lib_a-impure.o)
 .ARM.attributes
                0x00000000000004b6       0x30 c:/devkitpro/devkitarm/bin/../lib/gcc/arm-none-eabi/10.2.0/thumb/crtend.o
 .ARM.attributes
                0x00000000000004e6       0x1c c:/devkitpro/devkitarm/bin/../lib/gcc/arm-none-eabi/10.2.0/thumb/crtn.o

/DISCARD/
 *(.note.GNU-stack)
LOAD c:/devkitpro/devkitarm/bin/../lib/gcc/arm-none-eabi/10.2.0/../../../../arm-none-eabi/lib/thumb/gba_crt0.o
LOAD c:/devkitpro/devkitarm/bin/../lib/gcc/arm-none-eabi/10.2.0/thumb/crti.o
LOAD c:/devkitpro/devkitarm/bin/../lib/gcc/arm-none-eabi/10.2.0/thumb/crtbegin.o
LOAD soundbank.bin.o
LOAD portrait_bg_test.o
LOAD Text_demo.o
LOAD textBox.o
LOAD C:\devkitpro/libgba/lib\libmm.a
LOAD C:\devkitpro/libgba/lib\libgba.a
LOAD C:\devkitpro/libtonc/lib\libtonc.a
START GROUP
LOAD c:/devkitpro/devkitarm/bin/../lib/gcc/arm-none-eabi/10.2.0/thumb\libgcc.a
LOAD c:/devkitpro/devkitarm/bin/../lib/gcc/arm-none-eabi/10.2.0/../../../../arm-none-eabi/lib/thumb\libg.a
LOAD c:/devkitpro/devkitarm/bin/../lib/gcc/arm-none-eabi/10.2.0/../../../../arm-none-eabi/lib/thumb\libc.a
LOAD c:/devkitpro/devkitarm/bin/../lib/gcc/arm-none-eabi/10.2.0/../../../../arm-none-eabi/lib/thumb\libsysbase.a
END GROUP
LOAD c:/devkitpro/devkitarm/bin/../lib/gcc/arm-none-eabi/10.2.0/thumb/crtend.o
LOAD c:/devkitpro/devkitarm/bin/../lib/gcc/arm-none-eabi/10.2.0/thumb/crtn.o
OUTPUT(C:/devkitPro/examples/gba/travels-of-oorta/demos/dialog/dialog.elf elf32-littlearm)
LOAD linker stubs

.debug_ranges   0x0000000000000000       0xa8
 .debug_ranges  0x0000000000000000       0x38 Text_demo.o
 .debug_ranges  0x0000000000000038       0x70 C:\devkitpro/libgba/lib\libgba.a(interrupt.o)
