Archive member included to satisfy reference by file (symbol)

C:/devkitPro/libgba/lib\libmm.a(mm_mas.o)
                              portrait.o (mmStart)
C:/devkitPro/libgba/lib\libmm.a(mm_main.o)
                              C:/devkitPro/libgba/lib\libmm.a(mm_mas.o) (mmCallback)
C:/devkitPro/libgba/lib\libmm.a(mm_effect.o)
                              C:/devkitPro/libgba/lib\libmm.a(mm_main.o) (mmResetEffects)
C:/devkitPro/libgba/lib\libmm.a(mm_mas_arm.o)
                              C:/devkitPro/libgba/lib\libmm.a(mm_mas.o) (mmAllocChannel)
C:/devkitPro/libgba/lib\libmm.a(mm_mixer_gba.o)
                              portrait.o (mmVBlank)
C:/devkitPro/libgba/lib\libmm.a(mm_init_default.o)
                              portrait.o (mmInitDefault)
C:/devkitPro/libgba/lib\libgba.a(interrupt.o)
                              portrait.o (irqInit)
C:/devkitPro/libgba/lib\libgba.a(InterruptDispatcher.o)
                              C:/devkitPro/libgba/lib\libgba.a(interrupt.o) (IntrMain)
c:/devkitpro/devkitarm/bin/../lib/gcc/arm-none-eabi/10.2.0/thumb\libgcc.a(_call_via_rX.o)
                              C:/devkitPro/libgba/lib\libmm.a(mm_main.o) (_call_via_r1)
c:/devkitpro/devkitarm/bin/../lib/gcc/arm-none-eabi/10.2.0/../../../../arm-none-eabi/lib/thumb\libg.a(lib_a-init.o)
                              c:/devkitpro/devkitarm/bin/../lib/gcc/arm-none-eabi/10.2.0/../../../../arm-none-eabi/lib/thumb/gba_crt0.o (__libc_init_array)
c:/devkitpro/devkitarm/bin/../lib/gcc/arm-none-eabi/10.2.0/../../../../arm-none-eabi/lib/thumb\libg.a(lib_a-malloc.o)
                              C:/devkitPro/libgba/lib\libmm.a(mm_init_default.o) (malloc)
c:/devkitpro/devkitarm/bin/../lib/gcc/arm-none-eabi/10.2.0/../../../../arm-none-eabi/lib/thumb\libg.a(lib_a-mallocr.o)
                              c:/devkitpro/devkitarm/bin/../lib/gcc/arm-none-eabi/10.2.0/../../../../arm-none-eabi/lib/thumb\libg.a(lib_a-malloc.o) (_malloc_r)
c:/devkitpro/devkitarm/bin/../lib/gcc/arm-none-eabi/10.2.0/../../../../arm-none-eabi/lib/thumb\libg.a(lib_a-memcpy-stub.o)
                              portrait.o (memcpy)
c:/devkitpro/devkitarm/bin/../lib/gcc/arm-none-eabi/10.2.0/../../../../arm-none-eabi/lib/thumb\libg.a(lib_a-mlock.o)
                              c:/devkitpro/devkitarm/bin/../lib/gcc/arm-none-eabi/10.2.0/../../../../arm-none-eabi/lib/thumb\libg.a(lib_a-mallocr.o) (__malloc_lock)
c:/devkitpro/devkitarm/bin/../lib/gcc/arm-none-eabi/10.2.0/../../../../arm-none-eabi/lib/thumb\libg.a(lib_a-freer.o)
                              c:/devkitpro/devkitarm/bin/../lib/gcc/arm-none-eabi/10.2.0/../../../../arm-none-eabi/lib/thumb\libg.a(lib_a-malloc.o) (_free_r)
c:/devkitpro/devkitarm/bin/../lib/gcc/arm-none-eabi/10.2.0/../../../../arm-none-eabi/lib/thumb\libsysbase.a(sbrk.o)
                              c:/devkitpro/devkitarm/bin/../lib/gcc/arm-none-eabi/10.2.0/../../../../arm-none-eabi/lib/thumb\libg.a(lib_a-mallocr.o) (_sbrk_r)
c:/devkitpro/devkitarm/bin/../lib/gcc/arm-none-eabi/10.2.0/../../../../arm-none-eabi/lib/thumb\libsysbase.a(malloc_vars.o)
                              c:/devkitpro/devkitarm/bin/../lib/gcc/arm-none-eabi/10.2.0/../../../../arm-none-eabi/lib/thumb\libsysbase.a(sbrk.o) (fake_heap_start)
c:/devkitpro/devkitarm/bin/../lib/gcc/arm-none-eabi/10.2.0/../../../../arm-none-eabi/lib/thumb\libsysbase.a(syscall_support.o)
                              c:/devkitpro/devkitarm/bin/../lib/gcc/arm-none-eabi/10.2.0/../../../../arm-none-eabi/lib/thumb\libg.a(lib_a-mlock.o) (__libc_lock_acquire_recursive)
c:/devkitpro/devkitarm/bin/../lib/gcc/arm-none-eabi/10.2.0/../../../../arm-none-eabi/lib/thumb\libsysbase.a(getreent.o)
                              c:/devkitpro/devkitarm/bin/../lib/gcc/arm-none-eabi/10.2.0/../../../../arm-none-eabi/lib/thumb\libg.a(lib_a-malloc.o) (__getreent)
c:/devkitpro/devkitarm/bin/../lib/gcc/arm-none-eabi/10.2.0/../../../../arm-none-eabi/lib/thumb\libg.a(lib_a-impure.o)
                              c:/devkitpro/devkitarm/bin/../lib/gcc/arm-none-eabi/10.2.0/../../../../arm-none-eabi/lib/thumb\libsysbase.a(getreent.o) (_impure_ptr)

Allocating common symbols
Common symbol       size              file

IntrTable           0x78              C:/devkitPro/libgba/lib\libgba.a(interrupt.o)

Discarded input sections

 .text          0x0000000000000000        0x0 c:/devkitpro/devkitarm/bin/../lib/gcc/arm-none-eabi/10.2.0/../../../../arm-none-eabi/lib/thumb/gba_crt0.o
 .data          0x0000000000000000        0x0 c:/devkitpro/devkitarm/bin/../lib/gcc/arm-none-eabi/10.2.0/../../../../arm-none-eabi/lib/thumb/gba_crt0.o
 .bss           0x0000000000000000        0x0 c:/devkitpro/devkitarm/bin/../lib/gcc/arm-none-eabi/10.2.0/../../../../arm-none-eabi/lib/thumb/gba_crt0.o
 .text          0x0000000000000000        0x0 c:/devkitpro/devkitarm/bin/../lib/gcc/arm-none-eabi/10.2.0/thumb/crti.o
 .data          0x0000000000000000        0x0 c:/devkitpro/devkitarm/bin/../lib/gcc/arm-none-eabi/10.2.0/thumb/crti.o
 .bss           0x0000000000000000        0x0 c:/devkitpro/devkitarm/bin/../lib/gcc/arm-none-eabi/10.2.0/thumb/crti.o
 .text          0x0000000000000000        0x0 c:/devkitpro/devkitarm/bin/../lib/gcc/arm-none-eabi/10.2.0/thumb/crtbegin.o
 .data          0x0000000000000000        0x0 c:/devkitpro/devkitarm/bin/../lib/gcc/arm-none-eabi/10.2.0/thumb/crtbegin.o
 .bss           0x0000000000000000        0x0 c:/devkitpro/devkitarm/bin/../lib/gcc/arm-none-eabi/10.2.0/thumb/crtbegin.o
 .data.__dso_handle
                0x0000000000000000        0x4 c:/devkitpro/devkitarm/bin/../lib/gcc/arm-none-eabi/10.2.0/thumb/crtbegin.o
 .text          0x0000000000000000        0x0 soundbank.bin.o
 .data          0x0000000000000000        0x0 soundbank.bin.o
 .bss           0x0000000000000000        0x0 soundbank.bin.o
 .text          0x0000000000000000        0x0 background.o
 .data          0x0000000000000000        0x0 background.o
 .bss           0x0000000000000000        0x0 background.o
 .rodata        0x0000000000000000     0x4bc0 background.o
 .debug_info    0x0000000000000000       0xad background.o
 .debug_abbrev  0x0000000000000000       0x69 background.o
 .debug_aranges
                0x0000000000000000       0x18 background.o
 .debug_line    0x0000000000000000       0x81 background.o
 .debug_str     0x0000000000000000      0x15d background.o
 .comment       0x0000000000000000       0x24 background.o
 .text          0x0000000000000000        0x0 dialog.o
 .data          0x0000000000000000        0x0 dialog.o
 .bss           0x0000000000000000        0x0 dialog.o
 .rodata        0x0000000000000000      0xa80 dialog.o
 .debug_info    0x0000000000000000       0xab dialog.o
 .debug_abbrev  0x0000000000000000       0x53 dialog.o
 .debug_aranges
                0x0000000000000000       0x18 dialog.o
 .debug_line    0x0000000000000000       0x7d dialog.o
 .debug_str     0x0000000000000000      0x14d dialog.o
 .comment       0x0000000000000000       0x24 dialog.o
 .text          0x0000000000000000        0x0 oorta_portrait.o
 .data          0x0000000000000000        0x0 oorta_portrait.o
 .bss           0x0000000000000000        0x0 oorta_portrait.o
 .rodata        0x0000000000000000     0x2720 oorta_portrait.o
 .debug_info    0x0000000000000000       0xad oorta_portrait.o
 .debug_abbrev  0x0000000000000000       0x69 oorta_portrait.o
 .debug_aranges
                0x0000000000000000       0x18 oorta_portrait.o
 .debug_line    0x0000000000000000       0x85 oorta_portrait.o
 .debug_str     0x0000000000000000      0x16d oorta_portrait.o
 .comment       0x0000000000000000       0x24 oorta_portrait.o
 .data          0x0000000000000000        0x0 portrait.o
 .bss           0x0000000000000000        0x0 portrait.o
 .text          0x0000000000000000        0x0 portrait_oorta1.o
 .data          0x0000000000000000        0x0 portrait_oorta1.o
 .bss           0x0000000000000000        0x0 portrait_oorta1.o
 .rodata        0x0000000000000000     0x13a0 portrait_oorta1.o
 .debug_info    0x0000000000000000       0xac portrait_oorta1.o
 .debug_abbrev  0x0000000000000000       0x69 portrait_oorta1.o
 .debug_aranges
                0x0000000000000000       0x18 portrait_oorta1.o
 .debug_line    0x0000000000000000       0x86 portrait_oorta1.o
 .debug_str     0x0000000000000000      0x16e portrait_oorta1.o
 .comment       0x0000000000000000       0x24 portrait_oorta1.o
 .text          0x0000000000000000        0x0 stage.o
 .data          0x0000000000000000        0x0 stage.o
 .bss           0x0000000000000000        0x0 stage.o
 .text          0x0000000000000000        0x0 the_alchemist.o
 .data          0x0000000000000000        0x0 the_alchemist.o
 .bss           0x0000000000000000        0x0 the_alchemist.o
 .rodata        0x0000000000000000    0x10a00 the_alchemist.o
 .debug_info    0x0000000000000000       0xad the_alchemist.o
 .debug_abbrev  0x0000000000000000       0x69 the_alchemist.o
 .debug_aranges
                0x0000000000000000       0x18 the_alchemist.o
 .debug_line    0x0000000000000000       0x84 the_alchemist.o
 .debug_str     0x0000000000000000      0x169 the_alchemist.o
 .comment       0x0000000000000000       0x24 the_alchemist.o
 .text          0x0000000000000000        0x0 the_alchemist_alt.o
 .data          0x0000000000000000        0x0 the_alchemist_alt.o
 .bss           0x0000000000000000        0x0 the_alchemist_alt.o
 .rodata        0x0000000000000000    0x10a00 the_alchemist_alt.o
 .debug_info    0x0000000000000000       0xad the_alchemist_alt.o
 .debug_abbrev  0x0000000000000000       0x69 the_alchemist_alt.o
 .debug_aranges
                0x0000000000000000       0x18 the_alchemist_alt.o
 .debug_line    0x0000000000000000       0x88 the_alchemist_alt.o
 .debug_str     0x0000000000000000      0x179 the_alchemist_alt.o
 .comment       0x0000000000000000       0x24 the_alchemist_alt.o
 .text          0x0000000000000000        0x0 the_alchemist2.o
 .data          0x0000000000000000        0x0 the_alchemist2.o
 .bss           0x0000000000000000        0x0 the_alchemist2.o
 .rodata        0x0000000000000000     0xa080 the_alchemist2.o
 .debug_info    0x0000000000000000       0xad the_alchemist2.o
 .debug_abbrev  0x0000000000000000       0x69 the_alchemist2.o
 .debug_aranges
                0x0000000000000000       0x18 the_alchemist2.o
 .debug_line    0x0000000000000000       0x85 the_alchemist2.o
 .debug_str     0x0000000000000000      0x16d the_alchemist2.o
 .comment       0x0000000000000000       0x24 the_alchemist2.o
 .text          0x0000000000000000        0x0 toolbox.o
 .data          0x0000000000000000        0x0 toolbox.o
 .data          0x0000000000000000        0x0 C:/devkitPro/libgba/lib\libmm.a(mm_mas.o)
 .data          0x0000000000000000        0x0 C:/devkitPro/libgba/lib\libmm.a(mm_main.o)
 .data          0x0000000000000000        0x0 C:/devkitPro/libgba/lib\libmm.a(mm_effect.o)
 .text          0x0000000000000000        0x0 C:/devkitPro/libgba/lib\libmm.a(mm_mas_arm.o)
 .data          0x0000000000000000        0x0 C:/devkitPro/libgba/lib\libmm.a(mm_mas_arm.o)
 .bss           0x0000000000000000        0x0 C:/devkitPro/libgba/lib\libmm.a(mm_mas_arm.o)
 .data          0x0000000000000000        0x0 C:/devkitPro/libgba/lib\libmm.a(mm_mixer_gba.o)
 .data          0x0000000000000000        0x0 C:/devkitPro/libgba/lib\libmm.a(mm_init_default.o)
 .data          0x0000000000000000        0x0 C:/devkitPro/libgba/lib\libgba.a(interrupt.o)
 .bss           0x0000000000000000        0x0 C:/devkitPro/libgba/lib\libgba.a(interrupt.o)
 .text          0x0000000000000000        0x0 C:/devkitPro/libgba/lib\libgba.a(InterruptDispatcher.o)
 .data          0x0000000000000000        0x0 C:/devkitPro/libgba/lib\libgba.a(InterruptDispatcher.o)
 .bss           0x0000000000000000        0x0 C:/devkitPro/libgba/lib\libgba.a(InterruptDispatcher.o)
 .data          0x0000000000000000        0x0 c:/devkitpro/devkitarm/bin/../lib/gcc/arm-none-eabi/10.2.0/thumb\libgcc.a(_call_via_rX.o)
 .bss           0x0000000000000000        0x0 c:/devkitpro/devkitarm/bin/../lib/gcc/arm-none-eabi/10.2.0/thumb\libgcc.a(_call_via_rX.o)
 .text          0x0000000000000000        0x0 c:/devkitpro/devkitarm/bin/../lib/gcc/arm-none-eabi/10.2.0/../../../../arm-none-eabi/lib/thumb\libg.a(lib_a-init.o)
 .data          0x0000000000000000        0x0 c:/devkitpro/devkitarm/bin/../lib/gcc/arm-none-eabi/10.2.0/../../../../arm-none-eabi/lib/thumb\libg.a(lib_a-init.o)
 .bss           0x0000000000000000        0x0 c:/devkitpro/devkitarm/bin/../lib/gcc/arm-none-eabi/10.2.0/../../../../arm-none-eabi/lib/thumb\libg.a(lib_a-init.o)
 .text          0x0000000000000000        0x0 c:/devkitpro/devkitarm/bin/../lib/gcc/arm-none-eabi/10.2.0/../../../../arm-none-eabi/lib/thumb\libg.a(lib_a-malloc.o)
 .data          0x0000000000000000        0x0 c:/devkitpro/devkitarm/bin/../lib/gcc/arm-none-eabi/10.2.0/../../../../arm-none-eabi/lib/thumb\libg.a(lib_a-malloc.o)
 .bss           0x0000000000000000        0x0 c:/devkitpro/devkitarm/bin/../lib/gcc/arm-none-eabi/10.2.0/../../../../arm-none-eabi/lib/thumb\libg.a(lib_a-malloc.o)
 .text.free     0x0000000000000000       0x14 c:/devkitpro/devkitarm/bin/../lib/gcc/arm-none-eabi/10.2.0/../../../../arm-none-eabi/lib/thumb\libg.a(lib_a-malloc.o)
 .text          0x0000000000000000        0x0 c:/devkitpro/devkitarm/bin/../lib/gcc/arm-none-eabi/10.2.0/../../../../arm-none-eabi/lib/thumb\libg.a(lib_a-mallocr.o)
 .data          0x0000000000000000        0x0 c:/devkitpro/devkitarm/bin/../lib/gcc/arm-none-eabi/10.2.0/../../../../arm-none-eabi/lib/thumb\libg.a(lib_a-mallocr.o)
 .bss           0x0000000000000000        0x0 c:/devkitpro/devkitarm/bin/../lib/gcc/arm-none-eabi/10.2.0/../../../../arm-none-eabi/lib/thumb\libg.a(lib_a-mallocr.o)
 .text          0x0000000000000000        0x0 c:/devkitpro/devkitarm/bin/../lib/gcc/arm-none-eabi/10.2.0/../../../../arm-none-eabi/lib/thumb\libg.a(lib_a-memcpy-stub.o)
 .data          0x0000000000000000        0x0 c:/devkitpro/devkitarm/bin/../lib/gcc/arm-none-eabi/10.2.0/../../../../arm-none-eabi/lib/thumb\libg.a(lib_a-memcpy-stub.o)
 .bss           0x0000000000000000        0x0 c:/devkitpro/devkitarm/bin/../lib/gcc/arm-none-eabi/10.2.0/../../../../arm-none-eabi/lib/thumb\libg.a(lib_a-memcpy-stub.o)
 .text          0x0000000000000000        0x0 c:/devkitpro/devkitarm/bin/../lib/gcc/arm-none-eabi/10.2.0/../../../../arm-none-eabi/lib/thumb\libg.a(lib_a-mlock.o)
 .data          0x0000000000000000        0x0 c:/devkitpro/devkitarm/bin/../lib/gcc/arm-none-eabi/10.2.0/../../../../arm-none-eabi/lib/thumb\libg.a(lib_a-mlock.o)
 .bss           0x0000000000000000        0x0 c:/devkitpro/devkitarm/bin/../lib/gcc/arm-none-eabi/10.2.0/../../../../arm-none-eabi/lib/thumb\libg.a(lib_a-mlock.o)
 .text          0x0000000000000000        0x0 c:/devkitpro/devkitarm/bin/../lib/gcc/arm-none-eabi/10.2.0/../../../../arm-none-eabi/lib/thumb\libg.a(lib_a-freer.o)
 .data          0x0000000000000000        0x0 c:/devkitpro/devkitarm/bin/../lib/gcc/arm-none-eabi/10.2.0/../../../../arm-none-eabi/lib/thumb\libg.a(lib_a-freer.o)
 .bss           0x0000000000000000        0x0 c:/devkitpro/devkitarm/bin/../lib/gcc/arm-none-eabi/10.2.0/../../../../arm-none-eabi/lib/thumb\libg.a(lib_a-freer.o)
 .text          0x0000000000000000        0x0 c:/devkitpro/devkitarm/bin/../lib/gcc/arm-none-eabi/10.2.0/../../../../arm-none-eabi/lib/thumb\libsysbase.a(sbrk.o)
 .data          0x0000000000000000        0x0 c:/devkitpro/devkitarm/bin/../lib/gcc/arm-none-eabi/10.2.0/../../../../arm-none-eabi/lib/thumb\libsysbase.a(sbrk.o)
 .bss           0x0000000000000000        0x0 c:/devkitpro/devkitarm/bin/../lib/gcc/arm-none-eabi/10.2.0/../../../../arm-none-eabi/lib/thumb\libsysbase.a(sbrk.o)
 .text          0x0000000000000000        0x0 c:/devkitpro/devkitarm/bin/../lib/gcc/arm-none-eabi/10.2.0/../../../../arm-none-eabi/lib/thumb\libsysbase.a(malloc_vars.o)
 .data          0x0000000000000000        0x0 c:/devkitpro/devkitarm/bin/../lib/gcc/arm-none-eabi/10.2.0/../../../../arm-none-eabi/lib/thumb\libsysbase.a(malloc_vars.o)
 .bss           0x0000000000000000        0x0 c:/devkitpro/devkitarm/bin/../lib/gcc/arm-none-eabi/10.2.0/../../../../arm-none-eabi/lib/thumb\libsysbase.a(malloc_vars.o)
 .text          0x0000000000000000        0x0 c:/devkitpro/devkitarm/bin/../lib/gcc/arm-none-eabi/10.2.0/../../../../arm-none-eabi/lib/thumb\libsysbase.a(syscall_support.o)
 .data          0x0000000000000000        0x0 c:/devkitpro/devkitarm/bin/../lib/gcc/arm-none-eabi/10.2.0/../../../../arm-none-eabi/lib/thumb\libsysbase.a(syscall_support.o)
 .bss           0x0000000000000000        0x0 c:/devkitpro/devkitarm/bin/../lib/gcc/arm-none-eabi/10.2.0/../../../../arm-none-eabi/lib/thumb\libsysbase.a(syscall_support.o)
 .text.__libc_lock_init
                0x0000000000000000       0x1c c:/devkitpro/devkitarm/bin/../lib/gcc/arm-none-eabi/10.2.0/../../../../arm-none-eabi/lib/thumb\libsysbase.a(syscall_support.o)
 .text.__libc_lock_acquire
                0x0000000000000000       0x1c c:/devkitpro/devkitarm/bin/../lib/gcc/arm-none-eabi/10.2.0/../../../../arm-none-eabi/lib/thumb\libsysbase.a(syscall_support.o)
 .text.__libc_lock_try_acquire
                0x0000000000000000       0x24 c:/devkitpro/devkitarm/bin/../lib/gcc/arm-none-eabi/10.2.0/../../../../arm-none-eabi/lib/thumb\libsysbase.a(syscall_support.o)
 .text.__libc_lock_release
                0x0000000000000000       0x1c c:/devkitpro/devkitarm/bin/../lib/gcc/arm-none-eabi/10.2.0/../../../../arm-none-eabi/lib/thumb\libsysbase.a(syscall_support.o)
 .text.__libc_lock_close
                0x0000000000000000       0x1c c:/devkitpro/devkitarm/bin/../lib/gcc/arm-none-eabi/10.2.0/../../../../arm-none-eabi/lib/thumb\libsysbase.a(syscall_support.o)
 .text.__libc_lock_init_recursive
                0x0000000000000000       0x1c c:/devkitpro/devkitarm/bin/../lib/gcc/arm-none-eabi/10.2.0/../../../../arm-none-eabi/lib/thumb\libsysbase.a(syscall_support.o)
 .text.__libc_lock_try_acquire_recursive
                0x0000000000000000       0x24 c:/devkitpro/devkitarm/bin/../lib/gcc/arm-none-eabi/10.2.0/../../../../arm-none-eabi/lib/thumb\libsysbase.a(syscall_support.o)
 .text.__libc_lock_close_recursive
                0x0000000000000000       0x1c c:/devkitpro/devkitarm/bin/../lib/gcc/arm-none-eabi/10.2.0/../../../../arm-none-eabi/lib/thumb\libsysbase.a(syscall_support.o)
 .text          0x0000000000000000        0x0 c:/devkitpro/devkitarm/bin/../lib/gcc/arm-none-eabi/10.2.0/../../../../arm-none-eabi/lib/thumb\libsysbase.a(getreent.o)
 .data          0x0000000000000000        0x0 c:/devkitpro/devkitarm/bin/../lib/gcc/arm-none-eabi/10.2.0/../../../../arm-none-eabi/lib/thumb\libsysbase.a(getreent.o)
 .bss           0x0000000000000000        0x0 c:/devkitpro/devkitarm/bin/../lib/gcc/arm-none-eabi/10.2.0/../../../../arm-none-eabi/lib/thumb\libsysbase.a(getreent.o)
 .text          0x0000000000000000        0x0 c:/devkitpro/devkitarm/bin/../lib/gcc/arm-none-eabi/10.2.0/../../../../arm-none-eabi/lib/thumb\libg.a(lib_a-impure.o)
 .data          0x0000000000000000        0x0 c:/devkitpro/devkitarm/bin/../lib/gcc/arm-none-eabi/10.2.0/../../../../arm-none-eabi/lib/thumb\libg.a(lib_a-impure.o)
 .bss           0x0000000000000000        0x0 c:/devkitpro/devkitarm/bin/../lib/gcc/arm-none-eabi/10.2.0/../../../../arm-none-eabi/lib/thumb\libg.a(lib_a-impure.o)
 .rodata._global_impure_ptr
                0x0000000000000000        0x4 c:/devkitpro/devkitarm/bin/../lib/gcc/arm-none-eabi/10.2.0/../../../../arm-none-eabi/lib/thumb\libg.a(lib_a-impure.o)
 .text          0x0000000000000000        0x0 c:/devkitpro/devkitarm/bin/../lib/gcc/arm-none-eabi/10.2.0/thumb/crtend.o
 .data          0x0000000000000000        0x0 c:/devkitpro/devkitarm/bin/../lib/gcc/arm-none-eabi/10.2.0/thumb/crtend.o
 .bss           0x0000000000000000        0x0 c:/devkitpro/devkitarm/bin/../lib/gcc/arm-none-eabi/10.2.0/thumb/crtend.o
 .text          0x0000000000000000        0x0 c:/devkitpro/devkitarm/bin/../lib/gcc/arm-none-eabi/10.2.0/thumb/crtn.o
 .data          0x0000000000000000        0x0 c:/devkitpro/devkitarm/bin/../lib/gcc/arm-none-eabi/10.2.0/thumb/crtn.o
 .bss           0x0000000000000000        0x0 c:/devkitpro/devkitarm/bin/../lib/gcc/arm-none-eabi/10.2.0/thumb/crtn.o

Memory Configuration

Name             Origin             Length             Attributes
rom              0x0000000008000000 0x0000000002000000
iwram            0x0000000003000000 0x0000000000008000
ewram            0x0000000002000000 0x0000000000040000
*default*        0x0000000000000000 0xffffffffffffffff

Linker script and memory map

                0x0000000008000000                __text_start = ORIGIN (rom)
                0x0000000002040000                __eheap_end = (ORIGIN (ewram) + LENGTH (ewram))
                0x0000000003000000                __iwram_start = ORIGIN (iwram)
                0x0000000003008000                __iwram_top = (ORIGIN (iwram) + LENGTH (iwram))
                0x0000000003007fa0                __sp_irq = (__iwram_top - 0x60)
                0x0000000003007f00                __sp_usr = (__sp_irq - 0xa0)
                0x0000000003007ff8                __irq_flags = 0x3007ff8
                0x0000000008000000                . = __text_start

.crt0           0x0000000008000000      0x210
 *(.crt0)
 .crt0          0x0000000008000000      0x210 c:/devkitpro/devkitarm/bin/../lib/gcc/arm-none-eabi/10.2.0/../../../../arm-none-eabi/lib/thumb/gba_crt0.o
                0x0000000008000000                _start
                0x00000000080000c4                __boot_method
                0x00000000080000c5                __slave_number
                0x00000000080000e0                start_vector
                0x0000000008000210                . = ALIGN (0x4)

.init           0x0000000008000210        0xc
 *(SORT_NONE(.init))
 .init          0x0000000008000210        0x4 c:/devkitpro/devkitarm/bin/../lib/gcc/arm-none-eabi/10.2.0/thumb/crti.o
                0x0000000008000210                _init
 .init          0x0000000008000214        0x8 c:/devkitpro/devkitarm/bin/../lib/gcc/arm-none-eabi/10.2.0/thumb/crtn.o

.plt            0x000000000800021c        0x0
 *(.plt)
                0x000000000800021c                . = ALIGN (0x4)

.text           0x000000000800021c     0x2af4
 *(EXCLUDE_FILE(*.iwram*) .text*)
 .text.__do_global_dtors_aux
                0x000000000800021c       0x2c c:/devkitpro/devkitarm/bin/../lib/gcc/arm-none-eabi/10.2.0/thumb/crtbegin.o
 .text.frame_dummy
                0x0000000008000248       0x24 c:/devkitpro/devkitarm/bin/../lib/gcc/arm-none-eabi/10.2.0/thumb/crtbegin.o
 .text          0x000000000800026c       0x4c portrait.o
                0x000000000800026c                background
 .text.startup  0x00000000080002b8       0x84 portrait.o
                0x00000000080002b8                main
 .text          0x000000000800033c     0x1564 C:/devkitPro/libgba/lib\libmm.a(mm_mas.o)
                0x00000000080003b0                mmStart
                0x00000000080003d0                mmJingle
                0x00000000080003d6                mmPlayModule
                0x00000000080004a0                mmPause
                0x00000000080004bc                mmResume
                0x00000000080004cc                mmActive
                0x00000000080004d2                mmActiveSub
                0x00000000080004d8                mmSetModuleVolume
                0x00000000080004e8                mmSetJingleVolume
                0x0000000008000524                mmGetPosition
                0x000000000800052a                mmPosition
                0x0000000008000544                mmSetModuleTempo
                0x0000000008000576                mmSetModulePitch
                0x00000000080005b8                mmStop
                0x000000000800067e                mppUpdateSub
                0x00000000080007da                mpp_Process_VolumeCommand
                0x0000000008000a12                mpp_Process_Effect
                0x0000000008001160                ST3_FREQTABLE
                0x0000000008001580                IT_PitchTable
 .text          0x00000000080018a0      0x140 C:/devkitPro/libgba/lib\libmm.a(mm_main.o)
                0x00000000080018a0                mpp_call_r7
                0x00000000080018a2                mpp_call_r1
                0x00000000080018a4                mpp_call_r2
                0x00000000080018a6                mpp_call_r3
                0x00000000080018a8                mmSetEventHandler
                0x00000000080018b0                mmInit
                0x0000000008001904                mmSetVBlankHandler
                0x000000000800190a                mmFrame
 .text          0x00000000080019e0      0x314 C:/devkitPro/libgba/lib\libmm.a(mm_effect.o)
                0x00000000080019e0                mmResetEffects
                0x0000000008001a0c                mmEffect
                0x0000000008001a22                mmEffectEx
                0x0000000008001b22                mmEffectActive
                0x0000000008001b56                mmEffectVolume
                0x0000000008001b72                mmEffectPanning
                0x0000000008001b86                mmEffectRate
                0x0000000008001b9a                mmEffectCancel
                0x0000000008001bd4                mmEffectRelease
                0x0000000008001bfa                mmEffectScaleRate
                0x0000000008001c0e                mmSetEffectsVolume
                0x0000000008001c1c                mmEffectCancelAll
                0x0000000008001c5c                mmUpdateEffects
 .text          0x0000000008001cf4      0x1e0 C:/devkitPro/libgba/lib\libmm.a(mm_mixer_gba.o)
                0x0000000008001cf4                mmMixerSetSource
                0x0000000008001d08                mmMixerSetRead
                0x0000000008001d16                mmMixerSetFreq
                0x0000000008001d26                mmMixerMulFreq
                0x0000000008001d3a                mmMixerStopChannel
                0x0000000008001d4c                mmMixerChannelActive
                0x0000000008001d5e                mmMixerSetVolume
                0x0000000008001d6c                mmMixerSetPan
                0x0000000008001d7a                mmMixerInit
 .text          0x0000000008001ed4       0x44 C:/devkitPro/libgba/lib\libmm.a(mm_init_default.o)
                0x0000000008001ed4                mmInitDefault
 .text          0x0000000008001f18      0x3b8 C:/devkitPro/libgba/lib\libgba.a(interrupt.o)
                0x0000000008001f18                dummy
                0x0000000008001f1c                InitInterrupt
                0x0000000008001f78                irqInit
                0x0000000008001fd4                SetInterrupt
                0x00000000080020b8                irqSet
                0x000000000800219c                EnableInterrupt
                0x00000000080021e8                irqEnable
                0x0000000008002238                DisableInterrupt
                0x0000000008002284                irqDisable
 .text          0x00000000080022d0       0x3c c:/devkitpro/devkitarm/bin/../lib/gcc/arm-none-eabi/10.2.0/thumb\libgcc.a(_call_via_rX.o)
                0x00000000080022d0                _call_via_r0
                0x00000000080022d4                _call_via_r1
                0x00000000080022d8                _call_via_r2
                0x00000000080022dc                _call_via_r3
                0x00000000080022e0                _call_via_r4
                0x00000000080022e4                _call_via_r5
                0x00000000080022e8                _call_via_r6
                0x00000000080022ec                _call_via_r7
                0x00000000080022f0                _call_via_r8
                0x00000000080022f4                _call_via_r9
                0x00000000080022f8                _call_via_sl
                0x00000000080022fc                _call_via_fp
                0x0000000008002300                _call_via_ip
                0x0000000008002304                _call_via_sp
                0x0000000008002308                _call_via_lr
 .text.__libc_init_array
                0x000000000800230c       0x50 c:/devkitpro/devkitarm/bin/../lib/gcc/arm-none-eabi/10.2.0/../../../../arm-none-eabi/lib/thumb\libg.a(lib_a-init.o)
                0x000000000800230c                __libc_init_array
 .text.malloc   0x000000000800235c       0x14 c:/devkitpro/devkitarm/bin/../lib/gcc/arm-none-eabi/10.2.0/../../../../arm-none-eabi/lib/thumb\libg.a(lib_a-malloc.o)
                0x000000000800235c                malloc
 .text._malloc_r
                0x0000000008002370      0x59c c:/devkitpro/devkitarm/bin/../lib/gcc/arm-none-eabi/10.2.0/../../../../arm-none-eabi/lib/thumb\libg.a(lib_a-mallocr.o)
                0x0000000008002370                _malloc_r
 .text.memcpy   0x000000000800290c       0xa8 c:/devkitpro/devkitarm/bin/../lib/gcc/arm-none-eabi/10.2.0/../../../../arm-none-eabi/lib/thumb\libg.a(lib_a-memcpy-stub.o)
                0x000000000800290c                memcpy
 .text.__malloc_lock
                0x00000000080029b4       0x14 c:/devkitpro/devkitarm/bin/../lib/gcc/arm-none-eabi/10.2.0/../../../../arm-none-eabi/lib/thumb\libg.a(lib_a-mlock.o)
                0x00000000080029b4                __malloc_lock
 .text.__malloc_unlock
                0x00000000080029c8       0x14 c:/devkitpro/devkitarm/bin/../lib/gcc/arm-none-eabi/10.2.0/../../../../arm-none-eabi/lib/thumb\libg.a(lib_a-mlock.o)
                0x00000000080029c8                __malloc_unlock
 .text._malloc_trim_r
                0x00000000080029dc       0xa0 c:/devkitpro/devkitarm/bin/../lib/gcc/arm-none-eabi/10.2.0/../../../../arm-none-eabi/lib/thumb\libg.a(lib_a-freer.o)
                0x00000000080029dc                _malloc_trim_r
 .text._free_r  0x0000000008002a7c      0x1e0 c:/devkitpro/devkitarm/bin/../lib/gcc/arm-none-eabi/10.2.0/../../../../arm-none-eabi/lib/thumb\libg.a(lib_a-freer.o)
                0x0000000008002a7c                _free_r
 .text._sbrk_r  0x0000000008002c5c       0x54 c:/devkitpro/devkitarm/bin/../lib/gcc/arm-none-eabi/10.2.0/../../../../arm-none-eabi/lib/thumb\libsysbase.a(sbrk.o)
                0x0000000008002c5c                _sbrk_r
 .text.__libc_lock_acquire_recursive
                0x0000000008002cb0       0x1c c:/devkitpro/devkitarm/bin/../lib/gcc/arm-none-eabi/10.2.0/../../../../arm-none-eabi/lib/thumb\libsysbase.a(syscall_support.o)
                0x0000000008002cb0                __libc_lock_acquire_recursive
 .text.__libc_lock_release_recursive
                0x0000000008002ccc       0x1c c:/devkitpro/devkitarm/bin/../lib/gcc/arm-none-eabi/10.2.0/../../../../arm-none-eabi/lib/thumb\libsysbase.a(syscall_support.o)
                0x0000000008002ccc                __libc_lock_release_recursive
 .text.__getreent
                0x0000000008002ce8       0x28 c:/devkitpro/devkitarm/bin/../lib/gcc/arm-none-eabi/10.2.0/../../../../arm-none-eabi/lib/thumb\libsysbase.a(getreent.o)
                0x0000000008002ce8                __getreent
 *(.gnu.linkonce.t.*)
 *(.text.*personality*)
 *(.gnu.warning)
 *(.glue_7t)
 .glue_7t       0x0000000008002d10        0x0 linker stubs
 *(.glue_7)
 .glue_7        0x0000000008002d10        0x0 linker stubs
 *(.vfp11_veneer)
 .vfp11_veneer  0x0000000008002d10        0x0 linker stubs
                0x0000000008002d10                . = ALIGN (0x4)
                0x0000000008002d10                __text_end = .

.v4_bx          0x0000000008002d10        0x0
 .v4_bx         0x0000000008002d10        0x0 linker stubs

.iplt           0x0000000008002d10        0x0
 .iplt          0x0000000008002d10        0x0 c:/devkitpro/devkitarm/bin/../lib/gcc/arm-none-eabi/10.2.0/../../../../arm-none-eabi/lib/thumb/gba_crt0.o

.fini           0x0000000008002d10        0xc
 *(.fini)
 .fini          0x0000000008002d10        0x4 c:/devkitpro/devkitarm/bin/../lib/gcc/arm-none-eabi/10.2.0/thumb/crti.o
                0x0000000008002d10                _fini
 .fini          0x0000000008002d14        0x8 c:/devkitpro/devkitarm/bin/../lib/gcc/arm-none-eabi/10.2.0/thumb/crtn.o
                0x0000000008002d1c                . = ALIGN (0x4)

.rodata         0x0000000008002d1c    0x6fd80
 *(.rodata)
 .rodata        0x0000000008002d1c    0x10a00 stage.o
                0x0000000008002d1c                stagePal
                0x0000000008002f1c                stageMap
                0x000000000800371c                stageTiles
 *all.rodata*(*)
 *(.roda)
 *(.rodata.*)
 .rodata.soundbank_bin
                0x000000000801371c    0x5f380 soundbank.bin.o
                0x000000000801371c                soundbank_bin
                0x0000000008072a9c                soundbank_bin_end
 *(.gnu.linkonce.r*)
                0x0000000008072a9c                . = ALIGN (0x4)

.ARM.extab
 *(.ARM.extab* .gnu.linkonce.armextab.*)
                0x0000000008072a9c                __exidx_start = .

.ARM.exidx
 *(.ARM.exidx* .gnu.linkonce.armexidx.*)
                0x0000000008072a9c                __exidx_end = .

.ctors          0x0000000008072a9c        0x0
 *crtbegin.o(.ctors)
 *(EXCLUDE_FILE(*crtend.o) .ctors)
 *(SORT_BY_NAME(.ctors.*))
 *(.ctors)
                0x0000000008072a9c                . = ALIGN (0x4)

.dtors          0x0000000008072a9c        0x0
 *crtbegin.o(.dtors)
 *(EXCLUDE_FILE(*crtend.o) .dtors)
 *(SORT_BY_NAME(.dtors.*))
 *(.dtors)
                0x0000000008072a9c                . = ALIGN (0x4)

.eh_frame       0x0000000008072a9c        0x4
 *(.eh_frame)
 .eh_frame      0x0000000008072a9c        0x0 c:/devkitpro/devkitarm/bin/../lib/gcc/arm-none-eabi/10.2.0/thumb/crtbegin.o
 .eh_frame      0x0000000008072a9c        0x4 c:/devkitpro/devkitarm/bin/../lib/gcc/arm-none-eabi/10.2.0/thumb/crtend.o
                0x0000000008072aa0                . = ALIGN (0x4)

.gcc_except_table
                0x0000000008072aa0        0x0
 *(.gcc_except_table)
                0x0000000008072aa0                . = ALIGN (0x4)
                0x0000000008072aa0                __iwram_lma = .

.iwram          0x0000000003000000     0x1494 load address 0x0000000008072aa0
                0x0000000003000000                __iwram_start__ = ABSOLUTE (.)
 *(.iwram .iwram*)
 .iwram         0x0000000003000000      0x554 C:/devkitPro/libgba/lib\libmm.a(mm_mas.o)
                0x0000000003000000                mppProcessTick
                0x00000000030000e4                mpp_Channel_NewNote
                0x00000000030001c4                mpp_Update_ACHN_notest
 .iwram         0x0000000003000554        0x8 C:/devkitPro/libgba/lib\libmm.a(mm_main.o)
                0x0000000003000554                mpp_call_r7i
                0x0000000003000556                mpp_call_r2i
                0x0000000003000558                mpp_call_r1i
 .iwram         0x000000000300055c      0x648 C:/devkitPro/libgba/lib\libmm.a(mm_mas_arm.o)
                0x000000000300055c                mmAllocChannel
                0x00000000030005d0                mmReadPattern
                0x00000000030006bc                mmUpdateChannel_T0
                0x00000000030008fc                mmUpdateChannel_TN
                0x0000000003000a9c                mmGetPeriod
                0x0000000003000ae0                note_table_oct
                0x0000000003000afe                note_table_mod
 .iwram         0x0000000003000ba4      0x838 C:/devkitPro/libgba/lib\libmm.a(mm_mixer_gba.o)
                0x0000000003000ba8                mmVBlank
                0x0000000003000c2c                mmMixerMix
 .iwram         0x00000000030013dc       0xb8 C:/devkitPro/libgba/lib\libgba.a(InterruptDispatcher.o)
                0x00000000030013dc                IntrMain
 *iwram.*(.text* .data*)
                0x0000000003001494                . = ALIGN (0x4)
                0x0000000003001494                __iwram_end__ = ABSOLUTE (.)
                0x0000000008073f34                __data_lma = (__iwram_lma + SIZEOF (.iwram))

.rel.dyn        0x0000000003001494        0x0 load address 0x0000000008073f34
 .rel.iplt      0x0000000003001494        0x0 c:/devkitpro/devkitarm/bin/../lib/gcc/arm-none-eabi/10.2.0/../../../../arm-none-eabi/lib/thumb/gba_crt0.o

.bss            0x0000000003001494      0x894
                0x0000000003001494                __bss_start = ABSOLUTE (.)
                0x0000000003001494                __bss_start__ = ABSOLUTE (.)
 *(.dynbss)
 *(.gnu.linkonce.b*)
 *(.bss*)
 .bss.completed.1
                0x0000000003001494        0x1 c:/devkitpro/devkitarm/bin/../lib/gcc/arm-none-eabi/10.2.0/thumb/crtbegin.o
 *fill*         0x0000000003001495        0x3 
 .bss.object.0  0x0000000003001498       0x18 c:/devkitpro/devkitarm/bin/../lib/gcc/arm-none-eabi/10.2.0/thumb/crtbegin.o
 .bss           0x00000000030014b0        0x4 toolbox.o
                0x00000000030014b0                __key_prev
                0x00000000030014b2                __key_curr
 .bss           0x00000000030014b4      0x148 C:/devkitPro/libgba/lib\libmm.a(mm_mas.o)
                0x00000000030014b4                mmLayerMain
                0x00000000030014ec                mmLayerSub
                0x0000000003001524                mpp_vars
                0x0000000003001534                mpp_layerp
                0x0000000003001538                mpp_channels
                0x0000000003001548                mpp_nchannels
                0x0000000003001549                mpp_clayer
                0x000000000300154c                mm_achannels
                0x0000000003001550                mm_pchannels
                0x0000000003001554                mm_num_mch
                0x0000000003001558                mm_num_ach
                0x000000000300155c                mm_schannels
 .bss           0x00000000030015fc       0x20 C:/devkitPro/libgba/lib\libmm.a(mm_main.o)
                0x00000000030015fc                mmCallback
                0x0000000003001600                mmModuleCount
                0x0000000003001604                mmModuleBank
                0x0000000003001608                mmSampleBank
                0x000000000300160c                mm_ch_mask
                0x0000000003001610                mm_vblank_function
                0x0000000003001614                mmInitialized
                0x0000000003001618                mp_solution
 .bss           0x000000000300161c       0x2d C:/devkitPro/libgba/lib\libmm.a(mm_effect.o)
                0x0000000003001640                mm_sfx_bitmask
                0x0000000003001644                mm_sfx_clearmask
 *fill*         0x0000000003001649        0x3 
 .bss           0x000000000300164c      0x1bc C:/devkitPro/libgba/lib\libmm.a(mm_mixer_gba.o)
                0x000000000300164c                mp_writepos
                0x0000000003001654                mm_mixchannels
                0x000000000300165c                mm_mixlen
                0x0000000003001670                mm_bpmdv
                0x0000000003001674                mp_mix_seg
 .bss           0x0000000003001808      0x420 C:/devkitPro/libgba/lib\libmm.a(mm_init_default.o)
 .bss.__malloc_current_mallinfo
                0x0000000003001c28       0x28 c:/devkitpro/devkitarm/bin/../lib/gcc/arm-none-eabi/10.2.0/../../../../arm-none-eabi/lib/thumb\libg.a(lib_a-mallocr.o)
                0x0000000003001c28                __malloc_current_mallinfo
 .bss.__malloc_max_sbrked_mem
                0x0000000003001c50        0x4 c:/devkitpro/devkitarm/bin/../lib/gcc/arm-none-eabi/10.2.0/../../../../arm-none-eabi/lib/thumb\libg.a(lib_a-mallocr.o)
                0x0000000003001c50                __malloc_max_sbrked_mem
 .bss.__malloc_max_total_mem
                0x0000000003001c54        0x4 c:/devkitpro/devkitarm/bin/../lib/gcc/arm-none-eabi/10.2.0/../../../../arm-none-eabi/lib/thumb\libg.a(lib_a-mallocr.o)
                0x0000000003001c54                __malloc_max_total_mem
 .bss.__malloc_top_pad
                0x0000000003001c58        0x4 c:/devkitpro/devkitarm/bin/../lib/gcc/arm-none-eabi/10.2.0/../../../../arm-none-eabi/lib/thumb\libg.a(lib_a-mallocr.o)
                0x0000000003001c58                __malloc_top_pad
 .bss.heap_start.0
                0x0000000003001c5c        0x4 c:/devkitpro/devkitarm/bin/../lib/gcc/arm-none-eabi/10.2.0/../../../../arm-none-eabi/lib/thumb\libsysbase.a(sbrk.o)
 .bss.fake_heap_end
                0x0000000003001c60        0x4 c:/devkitpro/devkitarm/bin/../lib/gcc/arm-none-eabi/10.2.0/../../../../arm-none-eabi/lib/thumb\libsysbase.a(malloc_vars.o)
                0x0000000003001c60                fake_heap_end
 .bss.fake_heap_start
                0x0000000003001c64        0x4 c:/devkitpro/devkitarm/bin/../lib/gcc/arm-none-eabi/10.2.0/../../../../arm-none-eabi/lib/thumb\libsysbase.a(malloc_vars.o)
                0x0000000003001c64                fake_heap_start
 .bss.__syscalls
                0x0000000003001c68       0x48 c:/devkitpro/devkitarm/bin/../lib/gcc/arm-none-eabi/10.2.0/../../../../arm-none-eabi/lib/thumb\libsysbase.a(syscall_support.o)
                0x0000000003001c68                __syscalls
 *(COMMON)
 COMMON         0x0000000003001cb0       0x78 C:/devkitPro/libgba/lib\libgba.a(interrupt.o)
                0x0000000003001cb0                IntrTable
                0x0000000003001d28                . = ALIGN (0x4)
                0x0000000003001d28                __bss_end__ = ABSOLUTE (.)

.data           0x0000000003001d28      0x880 load address 0x0000000008073f34
                0x0000000003001d28                __data_start__ = ABSOLUTE (.)
 *(.data*)
 .data.__malloc_av_
                0x0000000003001d28      0x408 c:/devkitpro/devkitarm/bin/../lib/gcc/arm-none-eabi/10.2.0/../../../../arm-none-eabi/lib/thumb\libg.a(lib_a-mallocr.o)
                0x0000000003001d28                __malloc_av_
 .data.__malloc_sbrk_base
                0x0000000003002130        0x4 c:/devkitpro/devkitarm/bin/../lib/gcc/arm-none-eabi/10.2.0/../../../../arm-none-eabi/lib/thumb\libg.a(lib_a-mallocr.o)
                0x0000000003002130                __malloc_sbrk_base
 .data.__malloc_trim_threshold
                0x0000000003002134        0x4 c:/devkitpro/devkitarm/bin/../lib/gcc/arm-none-eabi/10.2.0/../../../../arm-none-eabi/lib/thumb\libg.a(lib_a-mallocr.o)
                0x0000000003002134                __malloc_trim_threshold
 .data.__malloc_recursive_mutex
                0x0000000003002138        0xc c:/devkitpro/devkitarm/bin/../lib/gcc/arm-none-eabi/10.2.0/../../../../arm-none-eabi/lib/thumb\libg.a(lib_a-mlock.o)
 .data._impure_ptr
                0x0000000003002144        0x4 c:/devkitpro/devkitarm/bin/../lib/gcc/arm-none-eabi/10.2.0/../../../../arm-none-eabi/lib/thumb\libg.a(lib_a-impure.o)
                0x0000000003002144                _impure_ptr
 .data.impure_data
                0x0000000003002148      0x460 c:/devkitpro/devkitarm/bin/../lib/gcc/arm-none-eabi/10.2.0/../../../../arm-none-eabi/lib/thumb\libg.a(lib_a-impure.o)
 *(.gnu.linkonce.d*)
                0x00000000030025a8                . = ALIGN (0x4)
                0x00000000080747b4                __preinit_lma = (__data_lma + SIZEOF (.data))

.igot.plt       0x00000000030025a8        0x0 load address 0x00000000080747b4
 .igot.plt      0x00000000030025a8        0x0 c:/devkitpro/devkitarm/bin/../lib/gcc/arm-none-eabi/10.2.0/../../../../arm-none-eabi/lib/thumb/gba_crt0.o

.preinit_array  0x00000000030025a8        0x0 load address 0x00000000080747b4
                0x00000000030025a8                __preinit_array_start = ABSOLUTE (.)
 *(.preinit_array)
                0x00000000030025a8                __preinit_array_end = ABSOLUTE (.)
                0x00000000080747b4                __init_lma = (__preinit_lma + SIZEOF (.preinit_array))

.init_array     0x00000000030025a8        0x4 load address 0x00000000080747b4
                0x00000000030025a8                __init_array_start = ABSOLUTE (.)
 *(SORT_BY_NAME(.init_array.*))
 *(.init_array)
 .init_array    0x00000000030025a8        0x4 c:/devkitpro/devkitarm/bin/../lib/gcc/arm-none-eabi/10.2.0/thumb/crtbegin.o
                0x00000000030025ac                __init_array_end = ABSOLUTE (.)
                0x00000000080747b8                __fini_lma = (__init_lma + SIZEOF (.init_array))

.fini_array     0x00000000030025ac        0x4 load address 0x00000000080747b8
                0x00000000030025ac                __fini_array_start = ABSOLUTE (.)
 *(SORT_BY_NAME(.fini_array.*))
 *(.fini_array)
 .fini_array    0x00000000030025ac        0x4 c:/devkitpro/devkitarm/bin/../lib/gcc/arm-none-eabi/10.2.0/thumb/crtbegin.o
                0x00000000030025b0                __fini_array_end = ABSOLUTE (.)
                0x00000000080747bc                __jcr_lma = (__fini_lma + SIZEOF (.fini_array))

.jcr            0x00000000030025b0        0x0 load address 0x00000000080747bc
 *(.jcr)
                0x00000000030025b0                __data_end__ = ABSOLUTE (.)
                0x00000000080747bc                __iwram_overlay_lma = (__jcr_lma + SIZEOF (.jcr))
                0x00000000030025b0                __iwram_overlay_start = .

.iwram0         0x00000000030025b0        0x0 load address 0x00000000080747bc
 *(.iwram0)
                0x00000000030025b0                . = ALIGN (0x4)
                0x00000000080747bc                PROVIDE (__load_start_iwram0 = LOADADDR (.iwram0))
                0x00000000080747bc                PROVIDE (__load_stop_iwram0 = (LOADADDR (.iwram0) + SIZEOF (.iwram0)))

.iwram1         0x00000000030025b0        0x0
 *(.iwram1)
                0x00000000030025b0                . = ALIGN (0x4)
                [!provide]                        PROVIDE (__load_start_iwram1 = LOADADDR (.iwram1))
                [!provide]                        PROVIDE (__load_stop_iwram1 = (LOADADDR (.iwram1) + SIZEOF (.iwram1)))

.iwram2         0x00000000030025b0        0x0
 *(.iwram2)
                0x00000000030025b0                . = ALIGN (0x4)
                [!provide]                        PROVIDE (__load_start_iwram2 = LOADADDR (.iwram2))
                [!provide]                        PROVIDE (__load_stop_iwram2 = (LOADADDR (.iwram2) + SIZEOF (.iwram2)))

.iwram3         0x00000000030025b0        0x0
 *(.iwram3)
                0x00000000030025b0                . = ALIGN (0x4)
                [!provide]                        PROVIDE (__load_start_iwram3 = LOADADDR (.iwram3))
                [!provide]                        PROVIDE (__load_stop_iwram3 = (LOADADDR (.iwram3) + SIZEOF (.iwram3)))

.iwram4         0x00000000030025b0        0x0
 *(.iwram4)
                0x00000000030025b0                . = ALIGN (0x4)
                [!provide]                        PROVIDE (__load_start_iwram4 = LOADADDR (.iwram4))
                [!provide]                        PROVIDE (__load_stop_iwram4 = (LOADADDR (.iwram4) + SIZEOF (.iwram4)))

.iwram5         0x00000000030025b0        0x0
 *(.iwram5)
                0x00000000030025b0                . = ALIGN (0x4)
                [!provide]                        PROVIDE (__load_start_iwram5 = LOADADDR (.iwram5))
                [!provide]                        PROVIDE (__load_stop_iwram5 = (LOADADDR (.iwram5) + SIZEOF (.iwram5)))

.iwram6         0x00000000030025b0        0x0
 *(.iwram6)
                0x00000000030025b0                . = ALIGN (0x4)
                [!provide]                        PROVIDE (__load_start_iwram6 = LOADADDR (.iwram6))
                [!provide]                        PROVIDE (__load_stop_iwram6 = (LOADADDR (.iwram6) + SIZEOF (.iwram6)))

.iwram7         0x00000000030025b0        0x0
 *(.iwram7)
                0x00000000030025b0                . = ALIGN (0x4)
                [!provide]                        PROVIDE (__load_start_iwram7 = LOADADDR (.iwram7))
                [!provide]                        PROVIDE (__load_stop_iwram7 = (LOADADDR (.iwram7) + SIZEOF (.iwram7)))

.iwram8         0x00000000030025b0        0x0
 *(.iwram8)
                0x00000000030025b0                . = ALIGN (0x4)
                [!provide]                        PROVIDE (__load_start_iwram8 = LOADADDR (.iwram8))
                [!provide]                        PROVIDE (__load_stop_iwram8 = (LOADADDR (.iwram8) + SIZEOF (.iwram8)))

.iwram9         0x00000000030025b0        0x0
 *(.iwram9)
                0x00000000030025b0                . = ALIGN (0x4)
                [!provide]                        PROVIDE (__load_start_iwram9 = LOADADDR (.iwram9))
                [!provide]                        PROVIDE (__load_stop_iwram9 = (LOADADDR (.iwram9) + SIZEOF (.iwram9)))
                0x00000000030025b0                __iwram_overlay_end = .
                0x00000000080747bc                __ewram_lma = (__iwram_overlay_lma + (__iwram_overlay_end - __iwram_overlay_start))
                0x00000000030025b0                __iheap_start = .
                0x0000000002000000                __ewram_start = ORIGIN (ewram)

.ewram          0x0000000002000000        0x0 load address 0x00000000080747bc
 *(.ewram*)
                0x0000000002000000                . = ALIGN (0x4)
                0x0000000002000000                __ewram_end = ABSOLUTE (.)
                0x00000000080747bc                __pad_lma = (__ewram_lma + SIZEOF (.ewram))

.sbss           0x0000000002000000        0x0
                0x0000000002000000                __sbss_start__ = ABSOLUTE (.)
 *(.sbss*)
                0x0000000002000000                . = ALIGN (0x4)
                0x0000000002000000                __sbss_end__ = ABSOLUTE (.)
                0x0000000002000000                __end__ = ABSOLUTE (.)
                0x0000000002000000                __eheap_start = ABSOLUTE (.)

.pad            0x0000000002000000        0x8 load address 0x00000000080747bc
                0x0000000002000000        0x4 LONG 0x52416b64
                0x0000000002000004        0x4 LONG 0x4d
                0x0000000002000008                . = ALIGN (0x4)
                0x00000000080747c4                __rom_end__ = (__pad_lma + SIZEOF (.pad))

.stab
 *(.stab)

.stabstr
 *(.stabstr)

.stab.excl
 *(.stab.excl)

.stab.exclstr
 *(.stab.exclstr)

.stab.index
 *(.stab.index)

.stab.indexstr
 *(.stab.indexstr)

.comment        0x0000000000000000       0x45
 *(.comment)
 .comment       0x0000000000000000       0x23 c:/devkitpro/devkitarm/bin/../lib/gcc/arm-none-eabi/10.2.0/thumb/crtbegin.o
                                         0x24 (size before relaxing)
 .comment       0x0000000000000023       0x24 portrait.o
 .comment       0x0000000000000023       0x24 stage.o
 .comment       0x0000000000000023       0x24 toolbox.o
 .comment       0x0000000000000023       0x22 C:/devkitPro/libgba/lib\libgba.a(interrupt.o)
                                         0x23 (size before relaxing)
 .comment       0x0000000000000045       0x24 c:/devkitpro/devkitarm/bin/../lib/gcc/arm-none-eabi/10.2.0/../../../../arm-none-eabi/lib/thumb\libg.a(lib_a-init.o)
 .comment       0x0000000000000045       0x24 c:/devkitpro/devkitarm/bin/../lib/gcc/arm-none-eabi/10.2.0/../../../../arm-none-eabi/lib/thumb\libg.a(lib_a-malloc.o)
 .comment       0x0000000000000045       0x24 c:/devkitpro/devkitarm/bin/../lib/gcc/arm-none-eabi/10.2.0/../../../../arm-none-eabi/lib/thumb\libg.a(lib_a-mallocr.o)
 .comment       0x0000000000000045       0x24 c:/devkitpro/devkitarm/bin/../lib/gcc/arm-none-eabi/10.2.0/../../../../arm-none-eabi/lib/thumb\libg.a(lib_a-memcpy-stub.o)
 .comment       0x0000000000000045       0x24 c:/devkitpro/devkitarm/bin/../lib/gcc/arm-none-eabi/10.2.0/../../../../arm-none-eabi/lib/thumb\libg.a(lib_a-mlock.o)
 .comment       0x0000000000000045       0x24 c:/devkitpro/devkitarm/bin/../lib/gcc/arm-none-eabi/10.2.0/../../../../arm-none-eabi/lib/thumb\libg.a(lib_a-freer.o)
 .comment       0x0000000000000045       0x24 c:/devkitpro/devkitarm/bin/../lib/gcc/arm-none-eabi/10.2.0/../../../../arm-none-eabi/lib/thumb\libsysbase.a(sbrk.o)
 .comment       0x0000000000000045       0x24 c:/devkitpro/devkitarm/bin/../lib/gcc/arm-none-eabi/10.2.0/../../../../arm-none-eabi/lib/thumb\libsysbase.a(malloc_vars.o)
 .comment       0x0000000000000045       0x24 c:/devkitpro/devkitarm/bin/../lib/gcc/arm-none-eabi/10.2.0/../../../../arm-none-eabi/lib/thumb\libsysbase.a(syscall_support.o)
 .comment       0x0000000000000045       0x24 c:/devkitpro/devkitarm/bin/../lib/gcc/arm-none-eabi/10.2.0/../../../../arm-none-eabi/lib/thumb\libsysbase.a(getreent.o)
 .comment       0x0000000000000045       0x24 c:/devkitpro/devkitarm/bin/../lib/gcc/arm-none-eabi/10.2.0/../../../../arm-none-eabi/lib/thumb\libg.a(lib_a-impure.o)
 .comment       0x0000000000000045       0x24 c:/devkitpro/devkitarm/bin/../lib/gcc/arm-none-eabi/10.2.0/thumb/crtend.o

.debug
 *(.debug)

.line
 *(.line)

.debug_srcinfo
 *(.debug_srcinfo)

.debug_sfnames
 *(.debug_sfnames)

.debug_aranges  0x0000000000000000       0x98
 *(.debug_aranges)
 .debug_aranges
                0x0000000000000000       0x28 portrait.o
 .debug_aranges
                0x0000000000000028       0x18 stage.o
 .debug_aranges
                0x0000000000000040       0x18 toolbox.o
 .debug_aranges
                0x0000000000000058       0x20 C:/devkitPro/libgba/lib\libgba.a(interrupt.o)
 .debug_aranges
                0x0000000000000078       0x20 C:/devkitPro/libgba/lib\libgba.a(InterruptDispatcher.o)

.debug_pubnames
 *(.debug_pubnames)

.debug_info     0x0000000000000000      0xa67
 *(.debug_info)
 .debug_info    0x0000000000000000      0x4e3 portrait.o
 .debug_info    0x00000000000004e3       0xad stage.o
 .debug_info    0x0000000000000590       0x96 toolbox.o
 .debug_info    0x0000000000000626      0x41b C:/devkitPro/libgba/lib\libgba.a(interrupt.o)
 .debug_info    0x0000000000000a41       0x26 C:/devkitPro/libgba/lib\libgba.a(InterruptDispatcher.o)

.debug_abbrev   0x0000000000000000      0x4f9
 *(.debug_abbrev)
 .debug_abbrev  0x0000000000000000      0x237 portrait.o
 .debug_abbrev  0x0000000000000237       0x69 stage.o
 .debug_abbrev  0x00000000000002a0       0x57 toolbox.o
 .debug_abbrev  0x00000000000002f7      0x1ee C:/devkitPro/libgba/lib\libgba.a(interrupt.o)
 .debug_abbrev  0x00000000000004e5       0x14 C:/devkitPro/libgba/lib\libgba.a(InterruptDispatcher.o)

.debug_line     0x0000000000000000      0xaa0
 *(.debug_line)
 .debug_line    0x0000000000000000      0x339 portrait.o
 .debug_line    0x0000000000000339       0x7c stage.o
 .debug_line    0x00000000000003b5       0x8b toolbox.o
 .debug_line    0x0000000000000440      0x5ae C:/devkitPro/libgba/lib\libgba.a(interrupt.o)
 .debug_line    0x00000000000009ee       0xb2 C:/devkitPro/libgba/lib\libgba.a(InterruptDispatcher.o)

.debug_frame    0x0000000000000000       0xfc
 *(.debug_frame)
 .debug_frame   0x0000000000000000       0x4c portrait.o
 .debug_frame   0x000000000000004c       0xb0 C:/devkitPro/libgba/lib\libgba.a(interrupt.o)

.debug_str      0x0000000000000000      0x6a5
 *(.debug_str)
 .debug_str     0x0000000000000000      0x32f portrait.o
                                        0x377 (size before relaxing)
 .debug_str     0x000000000000032f       0x5c stage.o
                                        0x149 (size before relaxing)
 .debug_str     0x000000000000038b       0x5e toolbox.o
                                        0x18d (size before relaxing)
 .debug_str     0x00000000000003e9      0x25c C:/devkitPro/libgba/lib\libgba.a(interrupt.o)
                                        0x310 (size before relaxing)
 .debug_str     0x0000000000000645       0x60 C:/devkitPro/libgba/lib\libgba.a(InterruptDispatcher.o)
                                         0xa0 (size before relaxing)

.debug_loc      0x0000000000000000      0x45c
 *(.debug_loc)
 .debug_loc     0x0000000000000000       0x16 portrait.o
 .debug_loc     0x0000000000000016      0x446 C:/devkitPro/libgba/lib\libgba.a(interrupt.o)

.debug_macinfo
 *(.debug_macinfo)

.debug_weaknames
 *(.debug_weaknames)

.debug_funcnames
 *(.debug_funcnames)

.debug_typenames
 *(.debug_typenames)

.debug_varnames
 *(.debug_varnames)

.stack          0x0000000000080000        0x0
                0x0000000000080000                _stack = .
 *(.stack)

.note.gnu.arm.ident
 *(.note.gnu.arm.ident)

.ARM.attributes
                0x0000000000000000       0x2c
 *(.ARM.attributes)
 .ARM.attributes
                0x0000000000000000       0x20 c:/devkitpro/devkitarm/bin/../lib/gcc/arm-none-eabi/10.2.0/../../../../arm-none-eabi/lib/thumb/gba_crt0.o
 .ARM.attributes
                0x0000000000000020       0x1c c:/devkitpro/devkitarm/bin/../lib/gcc/arm-none-eabi/10.2.0/thumb/crti.o
 .ARM.attributes
                0x000000000000003c       0x2a c:/devkitpro/devkitarm/bin/../lib/gcc/arm-none-eabi/10.2.0/thumb/crtbegin.o
 .ARM.attributes
                0x0000000000000066       0x14 soundbank.bin.o
 .ARM.attributes
                0x000000000000007a       0x30 background.o
 .ARM.attributes
                0x00000000000000aa       0x30 dialog.o
 .ARM.attributes
                0x00000000000000da       0x30 oorta_portrait.o
 .ARM.attributes
                0x000000000000010a       0x2a portrait.o
 .ARM.attributes
                0x0000000000000134       0x30 portrait_oorta1.o
 .ARM.attributes
                0x0000000000000164       0x30 stage.o
 .ARM.attributes
                0x0000000000000194       0x30 the_alchemist.o
 .ARM.attributes
                0x00000000000001c4       0x30 the_alchemist_alt.o
 .ARM.attributes
                0x00000000000001f4       0x30 the_alchemist2.o
 .ARM.attributes
                0x0000000000000224       0x30 toolbox.o
 .ARM.attributes
                0x0000000000000254       0x1a C:/devkitPro/libgba/lib\libmm.a(mm_mas.o)
 .ARM.attributes
                0x000000000000026e       0x1a C:/devkitPro/libgba/lib\libmm.a(mm_main.o)
 .ARM.attributes
                0x0000000000000288       0x1a C:/devkitPro/libgba/lib\libmm.a(mm_effect.o)
 .ARM.attributes
                0x00000000000002a2       0x1a C:/devkitPro/libgba/lib\libmm.a(mm_mas_arm.o)
 .ARM.attributes
                0x00000000000002bc       0x1a C:/devkitPro/libgba/lib\libmm.a(mm_mixer_gba.o)
 .ARM.attributes
                0x00000000000002d6       0x1a C:/devkitPro/libgba/lib\libmm.a(mm_init_default.o)
 .ARM.attributes
                0x00000000000002f0       0x2a C:/devkitPro/libgba/lib\libgba.a(interrupt.o)
 .ARM.attributes
                0x000000000000031a       0x1a C:/devkitPro/libgba/lib\libgba.a(InterruptDispatcher.o)
 .ARM.attributes
                0x0000000000000334       0x1c c:/devkitpro/devkitarm/bin/../lib/gcc/arm-none-eabi/10.2.0/thumb\libgcc.a(_call_via_rX.o)
 .ARM.attributes
                0x0000000000000350       0x2a c:/devkitpro/devkitarm/bin/../lib/gcc/arm-none-eabi/10.2.0/../../../../arm-none-eabi/lib/thumb\libg.a(lib_a-init.o)
 .ARM.attributes
                0x000000000000037a       0x2a c:/devkitpro/devkitarm/bin/../lib/gcc/arm-none-eabi/10.2.0/../../../../arm-none-eabi/lib/thumb\libg.a(lib_a-malloc.o)
 .ARM.attributes
                0x00000000000003a4       0x2a c:/devkitpro/devkitarm/bin/../lib/gcc/arm-none-eabi/10.2.0/../../../../arm-none-eabi/lib/thumb\libg.a(lib_a-mallocr.o)
 .ARM.attributes
                0x00000000000003ce       0x2a c:/devkitpro/devkitarm/bin/../lib/gcc/arm-none-eabi/10.2.0/../../../../arm-none-eabi/lib/thumb\libg.a(lib_a-memcpy-stub.o)
 .ARM.attributes
                0x00000000000003f8       0x2a c:/devkitpro/devkitarm/bin/../lib/gcc/arm-none-eabi/10.2.0/../../../../arm-none-eabi/lib/thumb\libg.a(lib_a-mlock.o)
 .ARM.attributes
                0x0000000000000422       0x2a c:/devkitpro/devkitarm/bin/../lib/gcc/arm-none-eabi/10.2.0/../../../../arm-none-eabi/lib/thumb\libg.a(lib_a-freer.o)
 .ARM.attributes
                0x000000000000044c       0x2a c:/devkitpro/devkitarm/bin/../lib/gcc/arm-none-eabi/10.2.0/../../../../arm-none-eabi/lib/thumb\libsysbase.a(sbrk.o)
 .ARM.attributes
                0x0000000000000476       0x30 c:/devkitpro/devkitarm/bin/../lib/gcc/arm-none-eabi/10.2.0/../../../../arm-none-eabi/lib/thumb\libsysbase.a(malloc_vars.o)
 .ARM.attributes
                0x00000000000004a6       0x2a c:/devkitpro/devkitarm/bin/../lib/gcc/arm-none-eabi/10.2.0/../../../../arm-none-eabi/lib/thumb\libsysbase.a(syscall_support.o)
 .ARM.attributes
                0x00000000000004d0       0x2a c:/devkitpro/devkitarm/bin/../lib/gcc/arm-none-eabi/10.2.0/../../../../arm-none-eabi/lib/thumb\libsysbase.a(getreent.o)
 .ARM.attributes
                0x00000000000004fa       0x30 c:/devkitpro/devkitarm/bin/../lib/gcc/arm-none-eabi/10.2.0/../../../../arm-none-eabi/lib/thumb\libg.a(lib_a-impure.o)
 .ARM.attributes
                0x000000000000052a       0x30 c:/devkitpro/devkitarm/bin/../lib/gcc/arm-none-eabi/10.2.0/thumb/crtend.o
 .ARM.attributes
                0x000000000000055a       0x1c c:/devkitpro/devkitarm/bin/../lib/gcc/arm-none-eabi/10.2.0/thumb/crtn.o

/DISCARD/
 *(.note.GNU-stack)
LOAD c:/devkitpro/devkitarm/bin/../lib/gcc/arm-none-eabi/10.2.0/../../../../arm-none-eabi/lib/thumb/gba_crt0.o
LOAD c:/devkitpro/devkitarm/bin/../lib/gcc/arm-none-eabi/10.2.0/thumb/crti.o
LOAD c:/devkitpro/devkitarm/bin/../lib/gcc/arm-none-eabi/10.2.0/thumb/crtbegin.o
LOAD soundbank.bin.o
LOAD background.o
LOAD dialog.o
LOAD oorta_portrait.o
LOAD portrait.o
LOAD portrait_oorta1.o
LOAD stage.o
LOAD the_alchemist.o
LOAD the_alchemist_alt.o
LOAD the_alchemist2.o
LOAD toolbox.o
LOAD C:/devkitPro/libgba/lib\libmm.a
LOAD C:/devkitPro/libgba/lib\libgba.a
LOAD C:/devkitPro/libtonc/lib\libtonc.a
START GROUP
LOAD c:/devkitpro/devkitarm/bin/../lib/gcc/arm-none-eabi/10.2.0/thumb\libgcc.a
LOAD c:/devkitpro/devkitarm/bin/../lib/gcc/arm-none-eabi/10.2.0/../../../../arm-none-eabi/lib/thumb\libg.a
LOAD c:/devkitpro/devkitarm/bin/../lib/gcc/arm-none-eabi/10.2.0/../../../../arm-none-eabi/lib/thumb\libc.a
LOAD c:/devkitpro/devkitarm/bin/../lib/gcc/arm-none-eabi/10.2.0/../../../../arm-none-eabi/lib/thumb\libsysbase.a
END GROUP
LOAD c:/devkitpro/devkitarm/bin/../lib/gcc/arm-none-eabi/10.2.0/thumb/crtend.o
LOAD c:/devkitpro/devkitarm/bin/../lib/gcc/arm-none-eabi/10.2.0/thumb/crtn.o
OUTPUT(C:/devkitPro/examples/gba/homebrew/crystal_castles_-_arcade_andromeda_remake/crystal_castles_-_arcade_andromeda_remake.elf elf32-littlearm)
LOAD linker stubs

.debug_ranges   0x0000000000000000       0xb8
 .debug_ranges  0x0000000000000000       0x48 portrait.o
 .debug_ranges  0x0000000000000048       0x70 C:/devkitPro/libgba/lib\libgba.a(interrupt.o)
