Archive member included to satisfy reference by file (symbol)

C:\devkitpro/libgba/lib\libmm.a(mm_mas.o)
                              main.o (mmStart)
C:\devkitpro/libgba/lib\libmm.a(mm_main.o)
                              C:\devkitpro/libgba/lib\libmm.a(mm_mas.o) (mmCallback)
C:\devkitpro/libgba/lib\libmm.a(mm_effect.o)
                              C:\devkitpro/libgba/lib\libmm.a(mm_main.o) (mmResetEffects)
C:\devkitpro/libgba/lib\libmm.a(mm_mas_arm.o)
                              C:\devkitpro/libgba/lib\libmm.a(mm_mas.o) (mmAllocChannel)
C:\devkitpro/libgba/lib\libmm.a(mm_mixer_gba.o)
                              main.o (mmVBlank)
C:\devkitpro/libgba/lib\libmm.a(mm_init_default.o)
                              main.o (mmInitDefault)
C:\devkitpro/libgba/lib\libgba.a(interrupt.o)
                              main.o (irqInit)
C:\devkitpro/libgba/lib\libgba.a(InterruptDispatcher.o)
                              C:\devkitpro/libgba/lib\libgba.a(interrupt.o) (IntrMain)
c:/devkitpro/devkitarm/bin/../lib/gcc/arm-none-eabi/10.2.0/thumb\libgcc.a(_call_via_rX.o)
                              C:\devkitpro/libgba/lib\libmm.a(mm_main.o) (_call_via_r1)
c:/devkitpro/devkitarm/bin/../lib/gcc/arm-none-eabi/10.2.0/../../../../arm-none-eabi/lib/thumb\libg.a(lib_a-init.o)
                              c:/devkitpro/devkitarm/bin/../lib/gcc/arm-none-eabi/10.2.0/../../../../arm-none-eabi/lib/thumb/gba_crt0.o (__libc_init_array)
c:/devkitpro/devkitarm/bin/../lib/gcc/arm-none-eabi/10.2.0/../../../../arm-none-eabi/lib/thumb\libg.a(lib_a-malloc.o)
                              C:\devkitpro/libgba/lib\libmm.a(mm_init_default.o) (malloc)
c:/devkitpro/devkitarm/bin/../lib/gcc/arm-none-eabi/10.2.0/../../../../arm-none-eabi/lib/thumb\libg.a(lib_a-mallocr.o)
                              c:/devkitpro/devkitarm/bin/../lib/gcc/arm-none-eabi/10.2.0/../../../../arm-none-eabi/lib/thumb\libg.a(lib_a-malloc.o) (_malloc_r)
c:/devkitpro/devkitarm/bin/../lib/gcc/arm-none-eabi/10.2.0/../../../../arm-none-eabi/lib/thumb\libg.a(lib_a-memcpy-stub.o)
                              main.o (memcpy)
c:/devkitpro/devkitarm/bin/../lib/gcc/arm-none-eabi/10.2.0/../../../../arm-none-eabi/lib/thumb\libg.a(lib_a-mlock.o)
                              c:/devkitpro/devkitarm/bin/../lib/gcc/arm-none-eabi/10.2.0/../../../../arm-none-eabi/lib/thumb\libg.a(lib_a-mallocr.o) (__malloc_lock)
c:/devkitpro/devkitarm/bin/../lib/gcc/arm-none-eabi/10.2.0/../../../../arm-none-eabi/lib/thumb\libg.a(lib_a-freer.o)
                              c:/devkitpro/devkitarm/bin/../lib/gcc/arm-none-eabi/10.2.0/../../../../arm-none-eabi/lib/thumb\libg.a(lib_a-malloc.o) (_free_r)
c:/devkitpro/devkitarm/bin/../lib/gcc/arm-none-eabi/10.2.0/../../../../arm-none-eabi/lib/thumb\libsysbase.a(sbrk.o)
                              c:/devkitpro/devkitarm/bin/../lib/gcc/arm-none-eabi/10.2.0/../../../../arm-none-eabi/lib/thumb\libg.a(lib_a-mallocr.o) (_sbrk_r)
c:/devkitpro/devkitarm/bin/../lib/gcc/arm-none-eabi/10.2.0/../../../../arm-none-eabi/lib/thumb\libsysbase.a(malloc_vars.o)
                              c:/devkitpro/devkitarm/bin/../lib/gcc/arm-none-eabi/10.2.0/../../../../arm-none-eabi/lib/thumb\libsysbase.a(sbrk.o) (fake_heap_start)
c:/devkitpro/devkitarm/bin/../lib/gcc/arm-none-eabi/10.2.0/../../../../arm-none-eabi/lib/thumb\libsysbase.a(syscall_support.o)
                              c:/devkitpro/devkitarm/bin/../lib/gcc/arm-none-eabi/10.2.0/../../../../arm-none-eabi/lib/thumb\libg.a(lib_a-mlock.o) (__libc_lock_acquire_recursive)
c:/devkitpro/devkitarm/bin/../lib/gcc/arm-none-eabi/10.2.0/../../../../arm-none-eabi/lib/thumb\libsysbase.a(getreent.o)
                              c:/devkitpro/devkitarm/bin/../lib/gcc/arm-none-eabi/10.2.0/../../../../arm-none-eabi/lib/thumb\libg.a(lib_a-malloc.o) (__getreent)
c:/devkitpro/devkitarm/bin/../lib/gcc/arm-none-eabi/10.2.0/../../../../arm-none-eabi/lib/thumb\libg.a(lib_a-impure.o)
                              c:/devkitpro/devkitarm/bin/../lib/gcc/arm-none-eabi/10.2.0/../../../../arm-none-eabi/lib/thumb\libsysbase.a(getreent.o) (_impure_ptr)

Allocating common symbols
Common symbol       size              file

IntrTable           0x78              C:\devkitpro/libgba/lib\libgba.a(interrupt.o)

Discarded input sections

 .text          0x0000000000000000        0x0 c:/devkitpro/devkitarm/bin/../lib/gcc/arm-none-eabi/10.2.0/../../../../arm-none-eabi/lib/thumb/gba_crt0.o
 .data          0x0000000000000000        0x0 c:/devkitpro/devkitarm/bin/../lib/gcc/arm-none-eabi/10.2.0/../../../../arm-none-eabi/lib/thumb/gba_crt0.o
 .bss           0x0000000000000000        0x0 c:/devkitpro/devkitarm/bin/../lib/gcc/arm-none-eabi/10.2.0/../../../../arm-none-eabi/lib/thumb/gba_crt0.o
 .text          0x0000000000000000        0x0 c:/devkitpro/devkitarm/bin/../lib/gcc/arm-none-eabi/10.2.0/thumb/crti.o
 .data          0x0000000000000000        0x0 c:/devkitpro/devkitarm/bin/../lib/gcc/arm-none-eabi/10.2.0/thumb/crti.o
 .bss           0x0000000000000000        0x0 c:/devkitpro/devkitarm/bin/../lib/gcc/arm-none-eabi/10.2.0/thumb/crti.o
 .text          0x0000000000000000        0x0 c:/devkitpro/devkitarm/bin/../lib/gcc/arm-none-eabi/10.2.0/thumb/crtbegin.o
 .data          0x0000000000000000        0x0 c:/devkitpro/devkitarm/bin/../lib/gcc/arm-none-eabi/10.2.0/thumb/crtbegin.o
 .bss           0x0000000000000000        0x0 c:/devkitpro/devkitarm/bin/../lib/gcc/arm-none-eabi/10.2.0/thumb/crtbegin.o
 .data.__dso_handle
                0x0000000000000000        0x4 c:/devkitpro/devkitarm/bin/../lib/gcc/arm-none-eabi/10.2.0/thumb/crtbegin.o
 .text          0x0000000000000000        0x0 soundbank.bin.o
 .data          0x0000000000000000        0x0 soundbank.bin.o
 .bss           0x0000000000000000        0x0 soundbank.bin.o
 .rodata        0x0000000000000000        0x4 main.o
 .text          0x0000000000000000        0x0 springMap.o
 .data          0x0000000000000000        0x0 springMap.o
 .bss           0x0000000000000000        0x0 springMap.o
 .rodata        0x0000000000000000    0x20004 springMap.o
 .debug_info    0x0000000000000000       0x79 springMap.o
 .debug_abbrev  0x0000000000000000       0x47 springMap.o
 .debug_aranges
                0x0000000000000000       0x18 springMap.o
 .debug_line    0x0000000000000000       0x69 springMap.o
 .debug_str     0x0000000000000000      0x137 springMap.o
 .comment       0x0000000000000000       0x24 springMap.o
 .text          0x0000000000000000        0x0 toolbox.o
 .data          0x0000000000000000        0x0 toolbox.o
 .bss           0x0000000000000000        0x4 toolbox.o
 .debug_info    0x0000000000000000       0x96 toolbox.o
 .debug_abbrev  0x0000000000000000       0x57 toolbox.o
 .debug_aranges
                0x0000000000000000       0x18 toolbox.o
 .debug_line    0x0000000000000000       0x74 toolbox.o
 .debug_str     0x0000000000000000      0x15f toolbox.o
 .comment       0x0000000000000000       0x24 toolbox.o
 .data          0x0000000000000000        0x0 C:\devkitpro/libgba/lib\libmm.a(mm_mas.o)
 .data          0x0000000000000000        0x0 C:\devkitpro/libgba/lib\libmm.a(mm_main.o)
 .data          0x0000000000000000        0x0 C:\devkitpro/libgba/lib\libmm.a(mm_effect.o)
 .text          0x0000000000000000        0x0 C:\devkitpro/libgba/lib\libmm.a(mm_mas_arm.o)
 .data          0x0000000000000000        0x0 C:\devkitpro/libgba/lib\libmm.a(mm_mas_arm.o)
 .bss           0x0000000000000000        0x0 C:\devkitpro/libgba/lib\libmm.a(mm_mas_arm.o)
 .data          0x0000000000000000        0x0 C:\devkitpro/libgba/lib\libmm.a(mm_mixer_gba.o)
 .data          0x0000000000000000        0x0 C:\devkitpro/libgba/lib\libmm.a(mm_init_default.o)
 .data          0x0000000000000000        0x0 C:\devkitpro/libgba/lib\libgba.a(interrupt.o)
 .bss           0x0000000000000000        0x0 C:\devkitpro/libgba/lib\libgba.a(interrupt.o)
 .text          0x0000000000000000        0x0 C:\devkitpro/libgba/lib\libgba.a(InterruptDispatcher.o)
 .data          0x0000000000000000        0x0 C:\devkitpro/libgba/lib\libgba.a(InterruptDispatcher.o)
 .bss           0x0000000000000000        0x0 C:\devkitpro/libgba/lib\libgba.a(InterruptDispatcher.o)
 .data          0x0000000000000000        0x0 c:/devkitpro/devkitarm/bin/../lib/gcc/arm-none-eabi/10.2.0/thumb\libgcc.a(_call_via_rX.o)
 .bss           0x0000000000000000        0x0 c:/devkitpro/devkitarm/bin/../lib/gcc/arm-none-eabi/10.2.0/thumb\libgcc.a(_call_via_rX.o)
 .text          0x0000000000000000        0x0 c:/devkitpro/devkitarm/bin/../lib/gcc/arm-none-eabi/10.2.0/../../../../arm-none-eabi/lib/thumb\libg.a(lib_a-init.o)
 .data          0x0000000000000000        0x0 c:/devkitpro/devkitarm/bin/../lib/gcc/arm-none-eabi/10.2.0/../../../../arm-none-eabi/lib/thumb\libg.a(lib_a-init.o)
 .bss           0x0000000000000000        0x0 c:/devkitpro/devkitarm/bin/../lib/gcc/arm-none-eabi/10.2.0/../../../../arm-none-eabi/lib/thumb\libg.a(lib_a-init.o)
 .text          0x0000000000000000        0x0 c:/devkitpro/devkitarm/bin/../lib/gcc/arm-none-eabi/10.2.0/../../../../arm-none-eabi/lib/thumb\libg.a(lib_a-malloc.o)
 .data          0x0000000000000000        0x0 c:/devkitpro/devkitarm/bin/../lib/gcc/arm-none-eabi/10.2.0/../../../../arm-none-eabi/lib/thumb\libg.a(lib_a-malloc.o)
 .bss           0x0000000000000000        0x0 c:/devkitpro/devkitarm/bin/../lib/gcc/arm-none-eabi/10.2.0/../../../../arm-none-eabi/lib/thumb\libg.a(lib_a-malloc.o)
 .text.free     0x0000000000000000       0x14 c:/devkitpro/devkitarm/bin/../lib/gcc/arm-none-eabi/10.2.0/../../../../arm-none-eabi/lib/thumb\libg.a(lib_a-malloc.o)
 .text          0x0000000000000000        0x0 c:/devkitpro/devkitarm/bin/../lib/gcc/arm-none-eabi/10.2.0/../../../../arm-none-eabi/lib/thumb\libg.a(lib_a-mallocr.o)
 .data          0x0000000000000000        0x0 c:/devkitpro/devkitarm/bin/../lib/gcc/arm-none-eabi/10.2.0/../../../../arm-none-eabi/lib/thumb\libg.a(lib_a-mallocr.o)
 .bss           0x0000000000000000        0x0 c:/devkitpro/devkitarm/bin/../lib/gcc/arm-none-eabi/10.2.0/../../../../arm-none-eabi/lib/thumb\libg.a(lib_a-mallocr.o)
 .text          0x0000000000000000        0x0 c:/devkitpro/devkitarm/bin/../lib/gcc/arm-none-eabi/10.2.0/../../../../arm-none-eabi/lib/thumb\libg.a(lib_a-memcpy-stub.o)
 .data          0x0000000000000000        0x0 c:/devkitpro/devkitarm/bin/../lib/gcc/arm-none-eabi/10.2.0/../../../../arm-none-eabi/lib/thumb\libg.a(lib_a-memcpy-stub.o)
 .bss           0x0000000000000000        0x0 c:/devkitpro/devkitarm/bin/../lib/gcc/arm-none-eabi/10.2.0/../../../../arm-none-eabi/lib/thumb\libg.a(lib_a-memcpy-stub.o)
 .text          0x0000000000000000        0x0 c:/devkitpro/devkitarm/bin/../lib/gcc/arm-none-eabi/10.2.0/../../../../arm-none-eabi/lib/thumb\libg.a(lib_a-mlock.o)
 .data          0x0000000000000000        0x0 c:/devkitpro/devkitarm/bin/../lib/gcc/arm-none-eabi/10.2.0/../../../../arm-none-eabi/lib/thumb\libg.a(lib_a-mlock.o)
 .bss           0x0000000000000000        0x0 c:/devkitpro/devkitarm/bin/../lib/gcc/arm-none-eabi/10.2.0/../../../../arm-none-eabi/lib/thumb\libg.a(lib_a-mlock.o)
 .text          0x0000000000000000        0x0 c:/devkitpro/devkitarm/bin/../lib/gcc/arm-none-eabi/10.2.0/../../../../arm-none-eabi/lib/thumb\libg.a(lib_a-freer.o)
 .data          0x0000000000000000        0x0 c:/devkitpro/devkitarm/bin/../lib/gcc/arm-none-eabi/10.2.0/../../../../arm-none-eabi/lib/thumb\libg.a(lib_a-freer.o)
 .bss           0x0000000000000000        0x0 c:/devkitpro/devkitarm/bin/../lib/gcc/arm-none-eabi/10.2.0/../../../../arm-none-eabi/lib/thumb\libg.a(lib_a-freer.o)
 .text          0x0000000000000000        0x0 c:/devkitpro/devkitarm/bin/../lib/gcc/arm-none-eabi/10.2.0/../../../../arm-none-eabi/lib/thumb\libsysbase.a(sbrk.o)
 .data          0x0000000000000000        0x0 c:/devkitpro/devkitarm/bin/../lib/gcc/arm-none-eabi/10.2.0/../../../../arm-none-eabi/lib/thumb\libsysbase.a(sbrk.o)
 .bss           0x0000000000000000        0x0 c:/devkitpro/devkitarm/bin/../lib/gcc/arm-none-eabi/10.2.0/../../../../arm-none-eabi/lib/thumb\libsysbase.a(sbrk.o)
 .text          0x0000000000000000        0x0 c:/devkitpro/devkitarm/bin/../lib/gcc/arm-none-eabi/10.2.0/../../../../arm-none-eabi/lib/thumb\libsysbase.a(malloc_vars.o)
 .data          0x0000000000000000        0x0 c:/devkitpro/devkitarm/bin/../lib/gcc/arm-none-eabi/10.2.0/../../../../arm-none-eabi/lib/thumb\libsysbase.a(malloc_vars.o)
 .bss           0x0000000000000000        0x0 c:/devkitpro/devkitarm/bin/../lib/gcc/arm-none-eabi/10.2.0/../../../../arm-none-eabi/lib/thumb\libsysbase.a(malloc_vars.o)
 .text          0x0000000000000000        0x0 c:/devkitpro/devkitarm/bin/../lib/gcc/arm-none-eabi/10.2.0/../../../../arm-none-eabi/lib/thumb\libsysbase.a(syscall_support.o)
 .data          0x0000000000000000        0x0 c:/devkitpro/devkitarm/bin/../lib/gcc/arm-none-eabi/10.2.0/../../../../arm-none-eabi/lib/thumb\libsysbase.a(syscall_support.o)
 .bss           0x0000000000000000        0x0 c:/devkitpro/devkitarm/bin/../lib/gcc/arm-none-eabi/10.2.0/../../../../arm-none-eabi/lib/thumb\libsysbase.a(syscall_support.o)
 .text.__libc_lock_init
                0x0000000000000000       0x1c c:/devkitpro/devkitarm/bin/../lib/gcc/arm-none-eabi/10.2.0/../../../../arm-none-eabi/lib/thumb\libsysbase.a(syscall_support.o)
 .text.__libc_lock_acquire
                0x0000000000000000       0x1c c:/devkitpro/devkitarm/bin/../lib/gcc/arm-none-eabi/10.2.0/../../../../arm-none-eabi/lib/thumb\libsysbase.a(syscall_support.o)
 .text.__libc_lock_try_acquire
                0x0000000000000000       0x24 c:/devkitpro/devkitarm/bin/../lib/gcc/arm-none-eabi/10.2.0/../../../../arm-none-eabi/lib/thumb\libsysbase.a(syscall_support.o)
 .text.__libc_lock_release
                0x0000000000000000       0x1c c:/devkitpro/devkitarm/bin/../lib/gcc/arm-none-eabi/10.2.0/../../../../arm-none-eabi/lib/thumb\libsysbase.a(syscall_support.o)
 .text.__libc_lock_close
                0x0000000000000000       0x1c c:/devkitpro/devkitarm/bin/../lib/gcc/arm-none-eabi/10.2.0/../../../../arm-none-eabi/lib/thumb\libsysbase.a(syscall_support.o)
 .text.__libc_lock_init_recursive
                0x0000000000000000       0x1c c:/devkitpro/devkitarm/bin/../lib/gcc/arm-none-eabi/10.2.0/../../../../arm-none-eabi/lib/thumb\libsysbase.a(syscall_support.o)
 .text.__libc_lock_try_acquire_recursive
                0x0000000000000000       0x24 c:/devkitpro/devkitarm/bin/../lib/gcc/arm-none-eabi/10.2.0/../../../../arm-none-eabi/lib/thumb\libsysbase.a(syscall_support.o)
 .text.__libc_lock_close_recursive
                0x0000000000000000       0x1c c:/devkitpro/devkitarm/bin/../lib/gcc/arm-none-eabi/10.2.0/../../../../arm-none-eabi/lib/thumb\libsysbase.a(syscall_support.o)
 .text          0x0000000000000000        0x0 c:/devkitpro/devkitarm/bin/../lib/gcc/arm-none-eabi/10.2.0/../../../../arm-none-eabi/lib/thumb\libsysbase.a(getreent.o)
 .data          0x0000000000000000        0x0 c:/devkitpro/devkitarm/bin/../lib/gcc/arm-none-eabi/10.2.0/../../../../arm-none-eabi/lib/thumb\libsysbase.a(getreent.o)
 .bss           0x0000000000000000        0x0 c:/devkitpro/devkitarm/bin/../lib/gcc/arm-none-eabi/10.2.0/../../../../arm-none-eabi/lib/thumb\libsysbase.a(getreent.o)
 .text          0x0000000000000000        0x0 c:/devkitpro/devkitarm/bin/../lib/gcc/arm-none-eabi/10.2.0/../../../../arm-none-eabi/lib/thumb\libg.a(lib_a-impure.o)
 .data          0x0000000000000000        0x0 c:/devkitpro/devkitarm/bin/../lib/gcc/arm-none-eabi/10.2.0/../../../../arm-none-eabi/lib/thumb\libg.a(lib_a-impure.o)
 .bss           0x0000000000000000        0x0 c:/devkitpro/devkitarm/bin/../lib/gcc/arm-none-eabi/10.2.0/../../../../arm-none-eabi/lib/thumb\libg.a(lib_a-impure.o)
 .rodata._global_impure_ptr
                0x0000000000000000        0x4 c:/devkitpro/devkitarm/bin/../lib/gcc/arm-none-eabi/10.2.0/../../../../arm-none-eabi/lib/thumb\libg.a(lib_a-impure.o)
 .text          0x0000000000000000        0x0 c:/devkitpro/devkitarm/bin/../lib/gcc/arm-none-eabi/10.2.0/thumb/crtend.o
 .data          0x0000000000000000        0x0 c:/devkitpro/devkitarm/bin/../lib/gcc/arm-none-eabi/10.2.0/thumb/crtend.o
 .bss           0x0000000000000000        0x0 c:/devkitpro/devkitarm/bin/../lib/gcc/arm-none-eabi/10.2.0/thumb/crtend.o
 .text          0x0000000000000000        0x0 c:/devkitpro/devkitarm/bin/../lib/gcc/arm-none-eabi/10.2.0/thumb/crtn.o
 .data          0x0000000000000000        0x0 c:/devkitpro/devkitarm/bin/../lib/gcc/arm-none-eabi/10.2.0/thumb/crtn.o
 .bss           0x0000000000000000        0x0 c:/devkitpro/devkitarm/bin/../lib/gcc/arm-none-eabi/10.2.0/thumb/crtn.o

Memory Configuration

Name             Origin             Length             Attributes
rom              0x0000000008000000 0x0000000002000000
iwram            0x0000000003000000 0x0000000000008000
ewram            0x0000000002000000 0x0000000000040000
*default*        0x0000000000000000 0xffffffffffffffff

Linker script and memory map

                0x0000000008000000                __text_start = ORIGIN (rom)
                0x0000000002040000                __eheap_end = (ORIGIN (ewram) + LENGTH (ewram))
                0x0000000003000000                __iwram_start = ORIGIN (iwram)
                0x0000000003008000                __iwram_top = (ORIGIN (iwram) + LENGTH (iwram))
                0x0000000003007fa0                __sp_irq = (__iwram_top - 0x60)
                0x0000000003007f00                __sp_usr = (__sp_irq - 0xa0)
                0x0000000003007ff8                __irq_flags = 0x3007ff8
                0x0000000008000000                . = __text_start

.crt0           0x0000000008000000      0x210
 *(.crt0)
 .crt0          0x0000000008000000      0x210 c:/devkitpro/devkitarm/bin/../lib/gcc/arm-none-eabi/10.2.0/../../../../arm-none-eabi/lib/thumb/gba_crt0.o
                0x0000000008000000                _start
                0x00000000080000c4                __boot_method
                0x00000000080000c5                __slave_number
                0x00000000080000e0                start_vector
                0x0000000008000210                . = ALIGN (0x4)

.init           0x0000000008000210        0xc
 *(SORT_NONE(.init))
 .init          0x0000000008000210        0x4 c:/devkitpro/devkitarm/bin/../lib/gcc/arm-none-eabi/10.2.0/thumb/crti.o
                0x0000000008000210                _init
 .init          0x0000000008000214        0x8 c:/devkitpro/devkitarm/bin/../lib/gcc/arm-none-eabi/10.2.0/thumb/crtn.o

.plt            0x000000000800021c        0x0
 *(.plt)
                0x000000000800021c                . = ALIGN (0x4)

.text           0x000000000800021c     0x2b08
 *(EXCLUDE_FILE(*.iwram*) .text*)
 .text.__do_global_dtors_aux
                0x000000000800021c       0x2c c:/devkitpro/devkitarm/bin/../lib/gcc/arm-none-eabi/10.2.0/thumb/crtbegin.o
 .text.frame_dummy
                0x0000000008000248       0x24 c:/devkitpro/devkitarm/bin/../lib/gcc/arm-none-eabi/10.2.0/thumb/crtbegin.o
 .text          0x000000000800026c       0xb4 main.o
                0x000000000800026c                load_map
                0x00000000080002e4                background
 .text.startup  0x0000000008000320       0x30 main.o
                0x0000000008000320                main
 .text          0x0000000008000350     0x1564 C:\devkitpro/libgba/lib\libmm.a(mm_mas.o)
                0x00000000080003c4                mmStart
                0x00000000080003e4                mmJingle
                0x00000000080003ea                mmPlayModule
                0x00000000080004b4                mmPause
                0x00000000080004d0                mmResume
                0x00000000080004e0                mmActive
                0x00000000080004e6                mmActiveSub
                0x00000000080004ec                mmSetModuleVolume
                0x00000000080004fc                mmSetJingleVolume
                0x0000000008000538                mmGetPosition
                0x000000000800053e                mmPosition
                0x0000000008000558                mmSetModuleTempo
                0x000000000800058a                mmSetModulePitch
                0x00000000080005cc                mmStop
                0x0000000008000692                mppUpdateSub
                0x00000000080007ee                mpp_Process_VolumeCommand
                0x0000000008000a26                mpp_Process_Effect
                0x0000000008001174                ST3_FREQTABLE
                0x0000000008001594                IT_PitchTable
 .text          0x00000000080018b4      0x140 C:\devkitpro/libgba/lib\libmm.a(mm_main.o)
                0x00000000080018b4                mpp_call_r7
                0x00000000080018b6                mpp_call_r1
                0x00000000080018b8                mpp_call_r2
                0x00000000080018ba                mpp_call_r3
                0x00000000080018bc                mmSetEventHandler
                0x00000000080018c4                mmInit
                0x0000000008001918                mmSetVBlankHandler
                0x000000000800191e                mmFrame
 .text          0x00000000080019f4      0x314 C:\devkitpro/libgba/lib\libmm.a(mm_effect.o)
                0x00000000080019f4                mmResetEffects
                0x0000000008001a20                mmEffect
                0x0000000008001a36                mmEffectEx
                0x0000000008001b36                mmEffectActive
                0x0000000008001b6a                mmEffectVolume
                0x0000000008001b86                mmEffectPanning
                0x0000000008001b9a                mmEffectRate
                0x0000000008001bae                mmEffectCancel
                0x0000000008001be8                mmEffectRelease
                0x0000000008001c0e                mmEffectScaleRate
                0x0000000008001c22                mmSetEffectsVolume
                0x0000000008001c30                mmEffectCancelAll
                0x0000000008001c70                mmUpdateEffects
 .text          0x0000000008001d08      0x1e0 C:\devkitpro/libgba/lib\libmm.a(mm_mixer_gba.o)
                0x0000000008001d08                mmMixerSetSource
                0x0000000008001d1c                mmMixerSetRead
                0x0000000008001d2a                mmMixerSetFreq
                0x0000000008001d3a                mmMixerMulFreq
                0x0000000008001d4e                mmMixerStopChannel
                0x0000000008001d60                mmMixerChannelActive
                0x0000000008001d72                mmMixerSetVolume
                0x0000000008001d80                mmMixerSetPan
                0x0000000008001d8e                mmMixerInit
 .text          0x0000000008001ee8       0x44 C:\devkitpro/libgba/lib\libmm.a(mm_init_default.o)
                0x0000000008001ee8                mmInitDefault
 .text          0x0000000008001f2c      0x3b8 C:\devkitpro/libgba/lib\libgba.a(interrupt.o)
                0x0000000008001f2c                dummy
                0x0000000008001f30                InitInterrupt
                0x0000000008001f8c                irqInit
                0x0000000008001fe8                SetInterrupt
                0x00000000080020cc                irqSet
                0x00000000080021b0                EnableInterrupt
                0x00000000080021fc                irqEnable
                0x000000000800224c                DisableInterrupt
                0x0000000008002298                irqDisable
 .text          0x00000000080022e4       0x3c c:/devkitpro/devkitarm/bin/../lib/gcc/arm-none-eabi/10.2.0/thumb\libgcc.a(_call_via_rX.o)
                0x00000000080022e4                _call_via_r0
                0x00000000080022e8                _call_via_r1
                0x00000000080022ec                _call_via_r2
                0x00000000080022f0                _call_via_r3
                0x00000000080022f4                _call_via_r4
                0x00000000080022f8                _call_via_r5
                0x00000000080022fc                _call_via_r6
                0x0000000008002300                _call_via_r7
                0x0000000008002304                _call_via_r8
                0x0000000008002308                _call_via_r9
                0x000000000800230c                _call_via_sl
                0x0000000008002310                _call_via_fp
                0x0000000008002314                _call_via_ip
                0x0000000008002318                _call_via_sp
                0x000000000800231c                _call_via_lr
 .text.__libc_init_array
                0x0000000008002320       0x50 c:/devkitpro/devkitarm/bin/../lib/gcc/arm-none-eabi/10.2.0/../../../../arm-none-eabi/lib/thumb\libg.a(lib_a-init.o)
                0x0000000008002320                __libc_init_array
 .text.malloc   0x0000000008002370       0x14 c:/devkitpro/devkitarm/bin/../lib/gcc/arm-none-eabi/10.2.0/../../../../arm-none-eabi/lib/thumb\libg.a(lib_a-malloc.o)
                0x0000000008002370                malloc
 .text._malloc_r
                0x0000000008002384      0x59c c:/devkitpro/devkitarm/bin/../lib/gcc/arm-none-eabi/10.2.0/../../../../arm-none-eabi/lib/thumb\libg.a(lib_a-mallocr.o)
                0x0000000008002384                _malloc_r
 .text.memcpy   0x0000000008002920       0xa8 c:/devkitpro/devkitarm/bin/../lib/gcc/arm-none-eabi/10.2.0/../../../../arm-none-eabi/lib/thumb\libg.a(lib_a-memcpy-stub.o)
                0x0000000008002920                memcpy
 .text.__malloc_lock
                0x00000000080029c8       0x14 c:/devkitpro/devkitarm/bin/../lib/gcc/arm-none-eabi/10.2.0/../../../../arm-none-eabi/lib/thumb\libg.a(lib_a-mlock.o)
                0x00000000080029c8                __malloc_lock
 .text.__malloc_unlock
                0x00000000080029dc       0x14 c:/devkitpro/devkitarm/bin/../lib/gcc/arm-none-eabi/10.2.0/../../../../arm-none-eabi/lib/thumb\libg.a(lib_a-mlock.o)
                0x00000000080029dc                __malloc_unlock
 .text._malloc_trim_r
                0x00000000080029f0       0xa0 c:/devkitpro/devkitarm/bin/../lib/gcc/arm-none-eabi/10.2.0/../../../../arm-none-eabi/lib/thumb\libg.a(lib_a-freer.o)
                0x00000000080029f0                _malloc_trim_r
 .text._free_r  0x0000000008002a90      0x1e0 c:/devkitpro/devkitarm/bin/../lib/gcc/arm-none-eabi/10.2.0/../../../../arm-none-eabi/lib/thumb\libg.a(lib_a-freer.o)
                0x0000000008002a90                _free_r
 .text._sbrk_r  0x0000000008002c70       0x54 c:/devkitpro/devkitarm/bin/../lib/gcc/arm-none-eabi/10.2.0/../../../../arm-none-eabi/lib/thumb\libsysbase.a(sbrk.o)
                0x0000000008002c70                _sbrk_r
 .text.__libc_lock_acquire_recursive
                0x0000000008002cc4       0x1c c:/devkitpro/devkitarm/bin/../lib/gcc/arm-none-eabi/10.2.0/../../../../arm-none-eabi/lib/thumb\libsysbase.a(syscall_support.o)
                0x0000000008002cc4                __libc_lock_acquire_recursive
 .text.__libc_lock_release_recursive
                0x0000000008002ce0       0x1c c:/devkitpro/devkitarm/bin/../lib/gcc/arm-none-eabi/10.2.0/../../../../arm-none-eabi/lib/thumb\libsysbase.a(syscall_support.o)
                0x0000000008002ce0                __libc_lock_release_recursive
 .text.__getreent
                0x0000000008002cfc       0x28 c:/devkitpro/devkitarm/bin/../lib/gcc/arm-none-eabi/10.2.0/../../../../arm-none-eabi/lib/thumb\libsysbase.a(getreent.o)
                0x0000000008002cfc                __getreent
 *(.gnu.linkonce.t.*)
 *(.text.*personality*)
 *(.gnu.warning)
 *(.glue_7t)
 .glue_7t       0x0000000008002d24        0x0 linker stubs
 *(.glue_7)
 .glue_7        0x0000000008002d24        0x0 linker stubs
 *(.vfp11_veneer)
 .vfp11_veneer  0x0000000008002d24        0x0 linker stubs
                0x0000000008002d24                . = ALIGN (0x4)
                0x0000000008002d24                __text_end = .

.v4_bx          0x0000000008002d24        0x0
 .v4_bx         0x0000000008002d24        0x0 linker stubs

.iplt           0x0000000008002d24        0x0
 .iplt          0x0000000008002d24        0x0 c:/devkitpro/devkitarm/bin/../lib/gcc/arm-none-eabi/10.2.0/../../../../arm-none-eabi/lib/thumb/gba_crt0.o

.fini           0x0000000008002d24        0xc
 *(.fini)
 .fini          0x0000000008002d24        0x4 c:/devkitpro/devkitarm/bin/../lib/gcc/arm-none-eabi/10.2.0/thumb/crti.o
                0x0000000008002d24                _fini
 .fini          0x0000000008002d28        0x8 c:/devkitpro/devkitarm/bin/../lib/gcc/arm-none-eabi/10.2.0/thumb/crtn.o
                0x0000000008002d30                . = ALIGN (0x4)

.rodata         0x0000000008002d30    0x1b2fc
 *(.rodata)
 *all.rodata*(*)
 *(.roda)
 *(.rodata.*)
 .rodata.soundbank_bin
                0x0000000008002d30    0x1b2fc soundbank.bin.o
                0x0000000008002d30                soundbank_bin
                0x000000000801e02c                soundbank_bin_end
 *(.gnu.linkonce.r*)
                0x000000000801e02c                . = ALIGN (0x4)

.ARM.extab
 *(.ARM.extab* .gnu.linkonce.armextab.*)
                0x000000000801e02c                __exidx_start = .

.ARM.exidx
 *(.ARM.exidx* .gnu.linkonce.armexidx.*)
                0x000000000801e02c                __exidx_end = .

.ctors          0x000000000801e02c        0x0
 *crtbegin.o(.ctors)
 *(EXCLUDE_FILE(*crtend.o) .ctors)
 *(SORT_BY_NAME(.ctors.*))
 *(.ctors)
                0x000000000801e02c                . = ALIGN (0x4)

.dtors          0x000000000801e02c        0x0
 *crtbegin.o(.dtors)
 *(EXCLUDE_FILE(*crtend.o) .dtors)
 *(SORT_BY_NAME(.dtors.*))
 *(.dtors)
                0x000000000801e02c                . = ALIGN (0x4)

.eh_frame       0x000000000801e02c        0x4
 *(.eh_frame)
 .eh_frame      0x000000000801e02c        0x0 c:/devkitpro/devkitarm/bin/../lib/gcc/arm-none-eabi/10.2.0/thumb/crtbegin.o
 .eh_frame      0x000000000801e02c        0x4 c:/devkitpro/devkitarm/bin/../lib/gcc/arm-none-eabi/10.2.0/thumb/crtend.o
                0x000000000801e030                . = ALIGN (0x4)

.gcc_except_table
                0x000000000801e030        0x0
 *(.gcc_except_table)
                0x000000000801e030                . = ALIGN (0x4)
                0x000000000801e030                __iwram_lma = .

.iwram          0x0000000003000000     0x1494 load address 0x000000000801e030
                0x0000000003000000                __iwram_start__ = ABSOLUTE (.)
 *(.iwram .iwram*)
 .iwram         0x0000000003000000      0x554 C:\devkitpro/libgba/lib\libmm.a(mm_mas.o)
                0x0000000003000000                mppProcessTick
                0x00000000030000e4                mpp_Channel_NewNote
                0x00000000030001c4                mpp_Update_ACHN_notest
 .iwram         0x0000000003000554        0x8 C:\devkitpro/libgba/lib\libmm.a(mm_main.o)
                0x0000000003000554                mpp_call_r7i
                0x0000000003000556                mpp_call_r2i
                0x0000000003000558                mpp_call_r1i
 .iwram         0x000000000300055c      0x648 C:\devkitpro/libgba/lib\libmm.a(mm_mas_arm.o)
                0x000000000300055c                mmAllocChannel
                0x00000000030005d0                mmReadPattern
                0x00000000030006bc                mmUpdateChannel_T0
                0x00000000030008fc                mmUpdateChannel_TN
                0x0000000003000a9c                mmGetPeriod
                0x0000000003000ae0                note_table_oct
                0x0000000003000afe                note_table_mod
 .iwram         0x0000000003000ba4      0x838 C:\devkitpro/libgba/lib\libmm.a(mm_mixer_gba.o)
                0x0000000003000ba8                mmVBlank
                0x0000000003000c2c                mmMixerMix
 .iwram         0x00000000030013dc       0xb8 C:\devkitpro/libgba/lib\libgba.a(InterruptDispatcher.o)
                0x00000000030013dc                IntrMain
 *iwram.*(.text* .data*)
                0x0000000003001494                . = ALIGN (0x4)
                0x0000000003001494                __iwram_end__ = ABSOLUTE (.)
                0x000000000801f4c4                __data_lma = (__iwram_lma + SIZEOF (.iwram))

.rel.dyn        0x0000000003001494        0x0 load address 0x000000000801f4c4
 .rel.iplt      0x0000000003001494        0x0 c:/devkitpro/devkitarm/bin/../lib/gcc/arm-none-eabi/10.2.0/../../../../arm-none-eabi/lib/thumb/gba_crt0.o

.bss            0x0000000003001494      0x8a0
                0x0000000003001494                __bss_start = ABSOLUTE (.)
                0x0000000003001494                __bss_start__ = ABSOLUTE (.)
 *(.dynbss)
 *(.gnu.linkonce.b*)
 *(.bss*)
 .bss.completed.1
                0x0000000003001494        0x1 c:/devkitpro/devkitarm/bin/../lib/gcc/arm-none-eabi/10.2.0/thumb/crtbegin.o
 *fill*         0x0000000003001495        0x3 
 .bss.object.0  0x0000000003001498       0x18 c:/devkitpro/devkitarm/bin/../lib/gcc/arm-none-eabi/10.2.0/thumb/crtbegin.o
 .bss           0x00000000030014b0       0x10 main.o
                0x00000000030014b0                map_offset_x
                0x00000000030014b4                map_offset_y
                0x00000000030014b8                map_x
                0x00000000030014bc                map_y
 .bss           0x00000000030014c0      0x148 C:\devkitpro/libgba/lib\libmm.a(mm_mas.o)
                0x00000000030014c0                mmLayerMain
                0x00000000030014f8                mmLayerSub
                0x0000000003001530                mpp_vars
                0x0000000003001540                mpp_layerp
                0x0000000003001544                mpp_channels
                0x0000000003001554                mpp_nchannels
                0x0000000003001555                mpp_clayer
                0x0000000003001558                mm_achannels
                0x000000000300155c                mm_pchannels
                0x0000000003001560                mm_num_mch
                0x0000000003001564                mm_num_ach
                0x0000000003001568                mm_schannels
 .bss           0x0000000003001608       0x20 C:\devkitpro/libgba/lib\libmm.a(mm_main.o)
                0x0000000003001608                mmCallback
                0x000000000300160c                mmModuleCount
                0x0000000003001610                mmModuleBank
                0x0000000003001614                mmSampleBank
                0x0000000003001618                mm_ch_mask
                0x000000000300161c                mm_vblank_function
                0x0000000003001620                mmInitialized
                0x0000000003001624                mp_solution
 .bss           0x0000000003001628       0x2d C:\devkitpro/libgba/lib\libmm.a(mm_effect.o)
                0x000000000300164c                mm_sfx_bitmask
                0x0000000003001650                mm_sfx_clearmask
 *fill*         0x0000000003001655        0x3 
 .bss           0x0000000003001658      0x1bc C:\devkitpro/libgba/lib\libmm.a(mm_mixer_gba.o)
                0x0000000003001658                mp_writepos
                0x0000000003001660                mm_mixchannels
                0x0000000003001668                mm_mixlen
                0x000000000300167c                mm_bpmdv
                0x0000000003001680                mp_mix_seg
 .bss           0x0000000003001814      0x420 C:\devkitpro/libgba/lib\libmm.a(mm_init_default.o)
 .bss.__malloc_current_mallinfo
                0x0000000003001c34       0x28 c:/devkitpro/devkitarm/bin/../lib/gcc/arm-none-eabi/10.2.0/../../../../arm-none-eabi/lib/thumb\libg.a(lib_a-mallocr.o)
                0x0000000003001c34                __malloc_current_mallinfo
 .bss.__malloc_max_sbrked_mem
                0x0000000003001c5c        0x4 c:/devkitpro/devkitarm/bin/../lib/gcc/arm-none-eabi/10.2.0/../../../../arm-none-eabi/lib/thumb\libg.a(lib_a-mallocr.o)
                0x0000000003001c5c                __malloc_max_sbrked_mem
 .bss.__malloc_max_total_mem
                0x0000000003001c60        0x4 c:/devkitpro/devkitarm/bin/../lib/gcc/arm-none-eabi/10.2.0/../../../../arm-none-eabi/lib/thumb\libg.a(lib_a-mallocr.o)
                0x0000000003001c60                __malloc_max_total_mem
 .bss.__malloc_top_pad
                0x0000000003001c64        0x4 c:/devkitpro/devkitarm/bin/../lib/gcc/arm-none-eabi/10.2.0/../../../../arm-none-eabi/lib/thumb\libg.a(lib_a-mallocr.o)
                0x0000000003001c64                __malloc_top_pad
 .bss.heap_start.0
                0x0000000003001c68        0x4 c:/devkitpro/devkitarm/bin/../lib/gcc/arm-none-eabi/10.2.0/../../../../arm-none-eabi/lib/thumb\libsysbase.a(sbrk.o)
 .bss.fake_heap_end
                0x0000000003001c6c        0x4 c:/devkitpro/devkitarm/bin/../lib/gcc/arm-none-eabi/10.2.0/../../../../arm-none-eabi/lib/thumb\libsysbase.a(malloc_vars.o)
                0x0000000003001c6c                fake_heap_end
 .bss.fake_heap_start
                0x0000000003001c70        0x4 c:/devkitpro/devkitarm/bin/../lib/gcc/arm-none-eabi/10.2.0/../../../../arm-none-eabi/lib/thumb\libsysbase.a(malloc_vars.o)
                0x0000000003001c70                fake_heap_start
 .bss.__syscalls
                0x0000000003001c74       0x48 c:/devkitpro/devkitarm/bin/../lib/gcc/arm-none-eabi/10.2.0/../../../../arm-none-eabi/lib/thumb\libsysbase.a(syscall_support.o)
                0x0000000003001c74                __syscalls
 *(COMMON)
 COMMON         0x0000000003001cbc       0x78 C:\devkitpro/libgba/lib\libgba.a(interrupt.o)
                0x0000000003001cbc                IntrTable
                0x0000000003001d34                . = ALIGN (0x4)
                0x0000000003001d34                __bss_end__ = ABSOLUTE (.)

.data           0x0000000003001d34      0x884 load address 0x000000000801f4c4
                0x0000000003001d34                __data_start__ = ABSOLUTE (.)
 *(.data*)
 .data          0x0000000003001d34        0x4 main.o
                0x0000000003001d34                my_map
 .data.__malloc_av_
                0x0000000003001d38      0x408 c:/devkitpro/devkitarm/bin/../lib/gcc/arm-none-eabi/10.2.0/../../../../arm-none-eabi/lib/thumb\libg.a(lib_a-mallocr.o)
                0x0000000003001d38                __malloc_av_
 .data.__malloc_sbrk_base
                0x0000000003002140        0x4 c:/devkitpro/devkitarm/bin/../lib/gcc/arm-none-eabi/10.2.0/../../../../arm-none-eabi/lib/thumb\libg.a(lib_a-mallocr.o)
                0x0000000003002140                __malloc_sbrk_base
 .data.__malloc_trim_threshold
                0x0000000003002144        0x4 c:/devkitpro/devkitarm/bin/../lib/gcc/arm-none-eabi/10.2.0/../../../../arm-none-eabi/lib/thumb\libg.a(lib_a-mallocr.o)
                0x0000000003002144                __malloc_trim_threshold
 .data.__malloc_recursive_mutex
                0x0000000003002148        0xc c:/devkitpro/devkitarm/bin/../lib/gcc/arm-none-eabi/10.2.0/../../../../arm-none-eabi/lib/thumb\libg.a(lib_a-mlock.o)
 .data._impure_ptr
                0x0000000003002154        0x4 c:/devkitpro/devkitarm/bin/../lib/gcc/arm-none-eabi/10.2.0/../../../../arm-none-eabi/lib/thumb\libg.a(lib_a-impure.o)
                0x0000000003002154                _impure_ptr
 .data.impure_data
                0x0000000003002158      0x460 c:/devkitpro/devkitarm/bin/../lib/gcc/arm-none-eabi/10.2.0/../../../../arm-none-eabi/lib/thumb\libg.a(lib_a-impure.o)
 *(.gnu.linkonce.d*)
                0x00000000030025b8                . = ALIGN (0x4)
                0x000000000801fd48                __preinit_lma = (__data_lma + SIZEOF (.data))

.igot.plt       0x00000000030025b8        0x0 load address 0x000000000801fd48
 .igot.plt      0x00000000030025b8        0x0 c:/devkitpro/devkitarm/bin/../lib/gcc/arm-none-eabi/10.2.0/../../../../arm-none-eabi/lib/thumb/gba_crt0.o

.preinit_array  0x00000000030025b8        0x0 load address 0x000000000801fd48
                0x00000000030025b8                __preinit_array_start = ABSOLUTE (.)
 *(.preinit_array)
                0x00000000030025b8                __preinit_array_end = ABSOLUTE (.)
                0x000000000801fd48                __init_lma = (__preinit_lma + SIZEOF (.preinit_array))

.init_array     0x00000000030025b8        0x4 load address 0x000000000801fd48
                0x00000000030025b8                __init_array_start = ABSOLUTE (.)
 *(SORT_BY_NAME(.init_array.*))
 *(.init_array)
 .init_array    0x00000000030025b8        0x4 c:/devkitpro/devkitarm/bin/../lib/gcc/arm-none-eabi/10.2.0/thumb/crtbegin.o
                0x00000000030025bc                __init_array_end = ABSOLUTE (.)
                0x000000000801fd4c                __fini_lma = (__init_lma + SIZEOF (.init_array))

.fini_array     0x00000000030025bc        0x4 load address 0x000000000801fd4c
                0x00000000030025bc                __fini_array_start = ABSOLUTE (.)
 *(SORT_BY_NAME(.fini_array.*))
 *(.fini_array)
 .fini_array    0x00000000030025bc        0x4 c:/devkitpro/devkitarm/bin/../lib/gcc/arm-none-eabi/10.2.0/thumb/crtbegin.o
                0x00000000030025c0                __fini_array_end = ABSOLUTE (.)
                0x000000000801fd50                __jcr_lma = (__fini_lma + SIZEOF (.fini_array))

.jcr            0x00000000030025c0        0x0 load address 0x000000000801fd50
 *(.jcr)
                0x00000000030025c0                __data_end__ = ABSOLUTE (.)
                0x000000000801fd50                __iwram_overlay_lma = (__jcr_lma + SIZEOF (.jcr))
                0x00000000030025c0                __iwram_overlay_start = .

.iwram0         0x00000000030025c0        0x0 load address 0x000000000801fd50
 *(.iwram0)
                0x00000000030025c0                . = ALIGN (0x4)
                0x000000000801fd50                PROVIDE (__load_start_iwram0 = LOADADDR (.iwram0))
                0x000000000801fd50                PROVIDE (__load_stop_iwram0 = (LOADADDR (.iwram0) + SIZEOF (.iwram0)))

.iwram1         0x00000000030025c0        0x0
 *(.iwram1)
                0x00000000030025c0                . = ALIGN (0x4)
                [!provide]                        PROVIDE (__load_start_iwram1 = LOADADDR (.iwram1))
                [!provide]                        PROVIDE (__load_stop_iwram1 = (LOADADDR (.iwram1) + SIZEOF (.iwram1)))

.iwram2         0x00000000030025c0        0x0
 *(.iwram2)
                0x00000000030025c0                . = ALIGN (0x4)
                [!provide]                        PROVIDE (__load_start_iwram2 = LOADADDR (.iwram2))
                [!provide]                        PROVIDE (__load_stop_iwram2 = (LOADADDR (.iwram2) + SIZEOF (.iwram2)))

.iwram3         0x00000000030025c0        0x0
 *(.iwram3)
                0x00000000030025c0                . = ALIGN (0x4)
                [!provide]                        PROVIDE (__load_start_iwram3 = LOADADDR (.iwram3))
                [!provide]                        PROVIDE (__load_stop_iwram3 = (LOADADDR (.iwram3) + SIZEOF (.iwram3)))

.iwram4         0x00000000030025c0        0x0
 *(.iwram4)
                0x00000000030025c0                . = ALIGN (0x4)
                [!provide]                        PROVIDE (__load_start_iwram4 = LOADADDR (.iwram4))
                [!provide]                        PROVIDE (__load_stop_iwram4 = (LOADADDR (.iwram4) + SIZEOF (.iwram4)))

.iwram5         0x00000000030025c0        0x0
 *(.iwram5)
                0x00000000030025c0                . = ALIGN (0x4)
                [!provide]                        PROVIDE (__load_start_iwram5 = LOADADDR (.iwram5))
                [!provide]                        PROVIDE (__load_stop_iwram5 = (LOADADDR (.iwram5) + SIZEOF (.iwram5)))

.iwram6         0x00000000030025c0        0x0
 *(.iwram6)
                0x00000000030025c0                . = ALIGN (0x4)
                [!provide]                        PROVIDE (__load_start_iwram6 = LOADADDR (.iwram6))
                [!provide]                        PROVIDE (__load_stop_iwram6 = (LOADADDR (.iwram6) + SIZEOF (.iwram6)))

.iwram7         0x00000000030025c0        0x0
 *(.iwram7)
                0x00000000030025c0                . = ALIGN (0x4)
                [!provide]                        PROVIDE (__load_start_iwram7 = LOADADDR (.iwram7))
                [!provide]                        PROVIDE (__load_stop_iwram7 = (LOADADDR (.iwram7) + SIZEOF (.iwram7)))

.iwram8         0x00000000030025c0        0x0
 *(.iwram8)
                0x00000000030025c0                . = ALIGN (0x4)
                [!provide]                        PROVIDE (__load_start_iwram8 = LOADADDR (.iwram8))
                [!provide]                        PROVIDE (__load_stop_iwram8 = (LOADADDR (.iwram8) + SIZEOF (.iwram8)))

.iwram9         0x00000000030025c0        0x0
 *(.iwram9)
                0x00000000030025c0                . = ALIGN (0x4)
                [!provide]                        PROVIDE (__load_start_iwram9 = LOADADDR (.iwram9))
                [!provide]                        PROVIDE (__load_stop_iwram9 = (LOADADDR (.iwram9) + SIZEOF (.iwram9)))
                0x00000000030025c0                __iwram_overlay_end = .
                0x000000000801fd50                __ewram_lma = (__iwram_overlay_lma + (__iwram_overlay_end - __iwram_overlay_start))
                0x00000000030025c0                __iheap_start = .
                0x0000000002000000                __ewram_start = ORIGIN (ewram)

.ewram          0x0000000002000000        0x0 load address 0x000000000801fd50
 *(.ewram*)
                0x0000000002000000                . = ALIGN (0x4)
                0x0000000002000000                __ewram_end = ABSOLUTE (.)
                0x000000000801fd50                __pad_lma = (__ewram_lma + SIZEOF (.ewram))

.sbss           0x0000000002000000        0x0
                0x0000000002000000                __sbss_start__ = ABSOLUTE (.)
 *(.sbss*)
                0x0000000002000000                . = ALIGN (0x4)
                0x0000000002000000                __sbss_end__ = ABSOLUTE (.)
                0x0000000002000000                __end__ = ABSOLUTE (.)
                0x0000000002000000                __eheap_start = ABSOLUTE (.)

.pad            0x0000000002000000        0x8 load address 0x000000000801fd50
                0x0000000002000000        0x4 LONG 0x52416b64
                0x0000000002000004        0x4 LONG 0x4d
                0x0000000002000008                . = ALIGN (0x4)
                0x000000000801fd58                __rom_end__ = (__pad_lma + SIZEOF (.pad))

.stab
 *(.stab)

.stabstr
 *(.stabstr)

.stab.excl
 *(.stab.excl)

.stab.exclstr
 *(.stab.exclstr)

.stab.index
 *(.stab.index)

.stab.indexstr
 *(.stab.indexstr)

.comment        0x0000000000000000       0x45
 *(.comment)
 .comment       0x0000000000000000       0x23 c:/devkitpro/devkitarm/bin/../lib/gcc/arm-none-eabi/10.2.0/thumb/crtbegin.o
                                         0x24 (size before relaxing)
 .comment       0x0000000000000023       0x24 main.o
 .comment       0x0000000000000023       0x22 C:\devkitpro/libgba/lib\libgba.a(interrupt.o)
                                         0x23 (size before relaxing)
 .comment       0x0000000000000045       0x24 c:/devkitpro/devkitarm/bin/../lib/gcc/arm-none-eabi/10.2.0/../../../../arm-none-eabi/lib/thumb\libg.a(lib_a-init.o)
 .comment       0x0000000000000045       0x24 c:/devkitpro/devkitarm/bin/../lib/gcc/arm-none-eabi/10.2.0/../../../../arm-none-eabi/lib/thumb\libg.a(lib_a-malloc.o)
 .comment       0x0000000000000045       0x24 c:/devkitpro/devkitarm/bin/../lib/gcc/arm-none-eabi/10.2.0/../../../../arm-none-eabi/lib/thumb\libg.a(lib_a-mallocr.o)
 .comment       0x0000000000000045       0x24 c:/devkitpro/devkitarm/bin/../lib/gcc/arm-none-eabi/10.2.0/../../../../arm-none-eabi/lib/thumb\libg.a(lib_a-memcpy-stub.o)
 .comment       0x0000000000000045       0x24 c:/devkitpro/devkitarm/bin/../lib/gcc/arm-none-eabi/10.2.0/../../../../arm-none-eabi/lib/thumb\libg.a(lib_a-mlock.o)
 .comment       0x0000000000000045       0x24 c:/devkitpro/devkitarm/bin/../lib/gcc/arm-none-eabi/10.2.0/../../../../arm-none-eabi/lib/thumb\libg.a(lib_a-freer.o)
 .comment       0x0000000000000045       0x24 c:/devkitpro/devkitarm/bin/../lib/gcc/arm-none-eabi/10.2.0/../../../../arm-none-eabi/lib/thumb\libsysbase.a(sbrk.o)
 .comment       0x0000000000000045       0x24 c:/devkitpro/devkitarm/bin/../lib/gcc/arm-none-eabi/10.2.0/../../../../arm-none-eabi/lib/thumb\libsysbase.a(malloc_vars.o)
 .comment       0x0000000000000045       0x24 c:/devkitpro/devkitarm/bin/../lib/gcc/arm-none-eabi/10.2.0/../../../../arm-none-eabi/lib/thumb\libsysbase.a(syscall_support.o)
 .comment       0x0000000000000045       0x24 c:/devkitpro/devkitarm/bin/../lib/gcc/arm-none-eabi/10.2.0/../../../../arm-none-eabi/lib/thumb\libsysbase.a(getreent.o)
 .comment       0x0000000000000045       0x24 c:/devkitpro/devkitarm/bin/../lib/gcc/arm-none-eabi/10.2.0/../../../../arm-none-eabi/lib/thumb\libg.a(lib_a-impure.o)
 .comment       0x0000000000000045       0x24 c:/devkitpro/devkitarm/bin/../lib/gcc/arm-none-eabi/10.2.0/thumb/crtend.o

.debug
 *(.debug)

.line
 *(.line)

.debug_srcinfo
 *(.debug_srcinfo)

.debug_sfnames
 *(.debug_sfnames)

.debug_aranges  0x0000000000000000       0x68
 *(.debug_aranges)
 .debug_aranges
                0x0000000000000000       0x28 main.o
 .debug_aranges
                0x0000000000000028       0x20 C:\devkitpro/libgba/lib\libgba.a(interrupt.o)
 .debug_aranges
                0x0000000000000048       0x20 C:\devkitpro/libgba/lib\libgba.a(InterruptDispatcher.o)

.debug_pubnames
 *(.debug_pubnames)

.debug_info     0x0000000000000000      0x996
 *(.debug_info)
 .debug_info    0x0000000000000000      0x555 main.o
 .debug_info    0x0000000000000555      0x41b C:\devkitpro/libgba/lib\libgba.a(interrupt.o)
 .debug_info    0x0000000000000970       0x26 C:\devkitpro/libgba/lib\libgba.a(InterruptDispatcher.o)

.debug_abbrev   0x0000000000000000      0x453
 *(.debug_abbrev)
 .debug_abbrev  0x0000000000000000      0x251 main.o
 .debug_abbrev  0x0000000000000251      0x1ee C:\devkitpro/libgba/lib\libgba.a(interrupt.o)
 .debug_abbrev  0x000000000000043f       0x14 C:\devkitpro/libgba/lib\libgba.a(InterruptDispatcher.o)

.debug_line     0x0000000000000000      0x9b9
 *(.debug_line)
 .debug_line    0x0000000000000000      0x359 main.o
 .debug_line    0x0000000000000359      0x5ae C:\devkitpro/libgba/lib\libgba.a(interrupt.o)
 .debug_line    0x0000000000000907       0xb2 C:\devkitpro/libgba/lib\libgba.a(InterruptDispatcher.o)

.debug_frame    0x0000000000000000      0x118
 *(.debug_frame)
 .debug_frame   0x0000000000000000       0x68 main.o
 .debug_frame   0x0000000000000068       0xb0 C:\devkitpro/libgba/lib\libgba.a(interrupt.o)

.debug_str      0x0000000000000000      0x608
 *(.debug_str)
 .debug_str     0x0000000000000000      0x34c main.o
                                        0x394 (size before relaxing)
 .debug_str     0x000000000000034c      0x25c C:\devkitpro/libgba/lib\libgba.a(interrupt.o)
                                        0x310 (size before relaxing)
 .debug_str     0x00000000000005a8       0x60 C:\devkitpro/libgba/lib\libgba.a(InterruptDispatcher.o)
                                         0xa0 (size before relaxing)

.debug_loc      0x0000000000000000      0x49a
 *(.debug_loc)
 .debug_loc     0x0000000000000000       0x54 main.o
 .debug_loc     0x0000000000000054      0x446 C:\devkitpro/libgba/lib\libgba.a(interrupt.o)

.debug_macinfo
 *(.debug_macinfo)

.debug_weaknames
 *(.debug_weaknames)

.debug_funcnames
 *(.debug_funcnames)

.debug_typenames
 *(.debug_typenames)

.debug_varnames
 *(.debug_varnames)

.stack          0x0000000000080000        0x0
                0x0000000000080000                _stack = .
 *(.stack)

.note.gnu.arm.ident
 *(.note.gnu.arm.ident)

.ARM.attributes
                0x0000000000000000       0x2c
 *(.ARM.attributes)
 .ARM.attributes
                0x0000000000000000       0x20 c:/devkitpro/devkitarm/bin/../lib/gcc/arm-none-eabi/10.2.0/../../../../arm-none-eabi/lib/thumb/gba_crt0.o
 .ARM.attributes
                0x0000000000000020       0x1c c:/devkitpro/devkitarm/bin/../lib/gcc/arm-none-eabi/10.2.0/thumb/crti.o
 .ARM.attributes
                0x000000000000003c       0x2a c:/devkitpro/devkitarm/bin/../lib/gcc/arm-none-eabi/10.2.0/thumb/crtbegin.o
 .ARM.attributes
                0x0000000000000066       0x14 soundbank.bin.o
 .ARM.attributes
                0x000000000000007a       0x2a main.o
 .ARM.attributes
                0x00000000000000a4       0x30 springMap.o
 .ARM.attributes
                0x00000000000000d4       0x30 toolbox.o
 .ARM.attributes
                0x0000000000000104       0x1a C:\devkitpro/libgba/lib\libmm.a(mm_mas.o)
 .ARM.attributes
                0x000000000000011e       0x1a C:\devkitpro/libgba/lib\libmm.a(mm_main.o)
 .ARM.attributes
                0x0000000000000138       0x1a C:\devkitpro/libgba/lib\libmm.a(mm_effect.o)
 .ARM.attributes
                0x0000000000000152       0x1a C:\devkitpro/libgba/lib\libmm.a(mm_mas_arm.o)
 .ARM.attributes
                0x000000000000016c       0x1a C:\devkitpro/libgba/lib\libmm.a(mm_mixer_gba.o)
 .ARM.attributes
                0x0000000000000186       0x1a C:\devkitpro/libgba/lib\libmm.a(mm_init_default.o)
 .ARM.attributes
                0x00000000000001a0       0x2a C:\devkitpro/libgba/lib\libgba.a(interrupt.o)
 .ARM.attributes
                0x00000000000001ca       0x1a C:\devkitpro/libgba/lib\libgba.a(InterruptDispatcher.o)
 .ARM.attributes
                0x00000000000001e4       0x1c c:/devkitpro/devkitarm/bin/../lib/gcc/arm-none-eabi/10.2.0/thumb\libgcc.a(_call_via_rX.o)
 .ARM.attributes
                0x0000000000000200       0x2a c:/devkitpro/devkitarm/bin/../lib/gcc/arm-none-eabi/10.2.0/../../../../arm-none-eabi/lib/thumb\libg.a(lib_a-init.o)
 .ARM.attributes
                0x000000000000022a       0x2a c:/devkitpro/devkitarm/bin/../lib/gcc/arm-none-eabi/10.2.0/../../../../arm-none-eabi/lib/thumb\libg.a(lib_a-malloc.o)
 .ARM.attributes
                0x0000000000000254       0x2a c:/devkitpro/devkitarm/bin/../lib/gcc/arm-none-eabi/10.2.0/../../../../arm-none-eabi/lib/thumb\libg.a(lib_a-mallocr.o)
 .ARM.attributes
                0x000000000000027e       0x2a c:/devkitpro/devkitarm/bin/../lib/gcc/arm-none-eabi/10.2.0/../../../../arm-none-eabi/lib/thumb\libg.a(lib_a-memcpy-stub.o)
 .ARM.attributes
                0x00000000000002a8       0x2a c:/devkitpro/devkitarm/bin/../lib/gcc/arm-none-eabi/10.2.0/../../../../arm-none-eabi/lib/thumb\libg.a(lib_a-mlock.o)
 .ARM.attributes
                0x00000000000002d2       0x2a c:/devkitpro/devkitarm/bin/../lib/gcc/arm-none-eabi/10.2.0/../../../../arm-none-eabi/lib/thumb\libg.a(lib_a-freer.o)
 .ARM.attributes
                0x00000000000002fc       0x2a c:/devkitpro/devkitarm/bin/../lib/gcc/arm-none-eabi/10.2.0/../../../../arm-none-eabi/lib/thumb\libsysbase.a(sbrk.o)
 .ARM.attributes
                0x0000000000000326       0x30 c:/devkitpro/devkitarm/bin/../lib/gcc/arm-none-eabi/10.2.0/../../../../arm-none-eabi/lib/thumb\libsysbase.a(malloc_vars.o)
 .ARM.attributes
                0x0000000000000356       0x2a c:/devkitpro/devkitarm/bin/../lib/gcc/arm-none-eabi/10.2.0/../../../../arm-none-eabi/lib/thumb\libsysbase.a(syscall_support.o)
 .ARM.attributes
                0x0000000000000380       0x2a c:/devkitpro/devkitarm/bin/../lib/gcc/arm-none-eabi/10.2.0/../../../../arm-none-eabi/lib/thumb\libsysbase.a(getreent.o)
 .ARM.attributes
                0x00000000000003aa       0x30 c:/devkitpro/devkitarm/bin/../lib/gcc/arm-none-eabi/10.2.0/../../../../arm-none-eabi/lib/thumb\libg.a(lib_a-impure.o)
 .ARM.attributes
                0x00000000000003da       0x30 c:/devkitpro/devkitarm/bin/../lib/gcc/arm-none-eabi/10.2.0/thumb/crtend.o
 .ARM.attributes
                0x000000000000040a       0x1c c:/devkitpro/devkitarm/bin/../lib/gcc/arm-none-eabi/10.2.0/thumb/crtn.o

/DISCARD/
 *(.note.GNU-stack)
LOAD c:/devkitpro/devkitarm/bin/../lib/gcc/arm-none-eabi/10.2.0/../../../../arm-none-eabi/lib/thumb/gba_crt0.o
LOAD c:/devkitpro/devkitarm/bin/../lib/gcc/arm-none-eabi/10.2.0/thumb/crti.o
LOAD c:/devkitpro/devkitarm/bin/../lib/gcc/arm-none-eabi/10.2.0/thumb/crtbegin.o
LOAD soundbank.bin.o
LOAD main.o
LOAD springMap.o
LOAD toolbox.o
LOAD C:\devkitpro/libgba/lib\libmm.a
LOAD C:\devkitpro/libgba/lib\libgba.a
LOAD C:\devkitpro/libtonc/lib\libtonc.a
START GROUP
LOAD c:/devkitpro/devkitarm/bin/../lib/gcc/arm-none-eabi/10.2.0/thumb\libgcc.a
LOAD c:/devkitpro/devkitarm/bin/../lib/gcc/arm-none-eabi/10.2.0/../../../../arm-none-eabi/lib/thumb\libg.a
LOAD c:/devkitpro/devkitarm/bin/../lib/gcc/arm-none-eabi/10.2.0/../../../../arm-none-eabi/lib/thumb\libc.a
LOAD c:/devkitpro/devkitarm/bin/../lib/gcc/arm-none-eabi/10.2.0/../../../../arm-none-eabi/lib/thumb\libsysbase.a
END GROUP
LOAD c:/devkitpro/devkitarm/bin/../lib/gcc/arm-none-eabi/10.2.0/thumb/crtend.o
LOAD c:/devkitpro/devkitarm/bin/../lib/gcc/arm-none-eabi/10.2.0/thumb/crtn.o
OUTPUT(C:/devkitPro/examples/gba/travels-of-oorta/demos/main/main.elf elf32-littlearm)
LOAD linker stubs

.debug_ranges   0x0000000000000000       0xf8
 .debug_ranges  0x0000000000000000       0x88 main.o
 .debug_ranges  0x0000000000000088       0x70 C:\devkitpro/libgba/lib\libgba.a(interrupt.o)
